Component: ARM Compiler 5.06 update 5 (build 528) Tool: armlink [4d35e2]

==============================================================================

Section Cross References

    startup_stm32f10x_md.o(RESET) refers to startup_stm32f10x_md.o(STACK) for __initial_sp
    startup_stm32f10x_md.o(RESET) refers to startup_stm32f10x_md.o(.text) for Reset_Handler
    startup_stm32f10x_md.o(RESET) refers to stm32f10x_it.o(i.NMI_Handler) for NMI_Handler
    startup_stm32f10x_md.o(RESET) refers to stm32f10x_it.o(i.HardFault_Handler) for HardFault_Handler
    startup_stm32f10x_md.o(RESET) refers to stm32f10x_it.o(i.MemManage_Handler) for MemManage_Handler
    startup_stm32f10x_md.o(RESET) refers to stm32f10x_it.o(i.BusFault_Handler) for BusFault_Handler
    startup_stm32f10x_md.o(RESET) refers to stm32f10x_it.o(i.UsageFault_Handler) for UsageFault_Handler
    startup_stm32f10x_md.o(RESET) refers to stm32f10x_it.o(i.SVC_Handler) for SVC_Handler
    startup_stm32f10x_md.o(RESET) refers to stm32f10x_it.o(i.DebugMon_Handler) for DebugMon_Handler
    startup_stm32f10x_md.o(RESET) refers to stm32f10x_it.o(i.PendSV_Handler) for PendSV_Handler
    startup_stm32f10x_md.o(RESET) refers to stm32f10x_it.o(i.SysTick_Handler) for SysTick_Handler
    startup_stm32f10x_md.o(RESET) refers to main.o(i.TIM3_IRQHandler) for TIM3_IRQHandler
    startup_stm32f10x_md.o(RESET) refers to serial.o(i.USART1_IRQHandler) for USART1_IRQHandler
    startup_stm32f10x_md.o(.text) refers to system_stm32f10x.o(i.SystemInit) for SystemInit
    startup_stm32f10x_md.o(.text) refers to entry.o(.ARM.Collect$$$$00000000) for __main
    system_stm32f10x.o(i.SetSysClock) refers to system_stm32f10x.o(i.SetSysClockTo72) for SetSysClockTo72
    system_stm32f10x.o(i.SystemCoreClockUpdate) refers to system_stm32f10x.o(.data) for SystemCoreClock
    system_stm32f10x.o(i.SystemInit) refers to system_stm32f10x.o(i.SetSysClock) for SetSysClock
    stm32f10x_adc.o(i.ADC_DeInit) refers to stm32f10x_rcc.o(i.RCC_APB2PeriphResetCmd) for RCC_APB2PeriphResetCmd
    stm32f10x_bkp.o(i.BKP_DeInit) refers to stm32f10x_rcc.o(i.RCC_BackupResetCmd) for RCC_BackupResetCmd
    stm32f10x_can.o(i.CAN_DeInit) refers to stm32f10x_rcc.o(i.RCC_APB1PeriphResetCmd) for RCC_APB1PeriphResetCmd
    stm32f10x_can.o(i.CAN_GetITStatus) refers to stm32f10x_can.o(i.CheckITStatus) for CheckITStatus
    stm32f10x_cec.o(i.CEC_DeInit) refers to stm32f10x_rcc.o(i.RCC_APB1PeriphResetCmd) for RCC_APB1PeriphResetCmd
    stm32f10x_dac.o(i.DAC_DeInit) refers to stm32f10x_rcc.o(i.RCC_APB1PeriphResetCmd) for RCC_APB1PeriphResetCmd
    stm32f10x_flash.o(i.FLASH_EnableWriteProtection) refers to stm32f10x_flash.o(i.FLASH_WaitForLastOperation) for FLASH_WaitForLastOperation
    stm32f10x_flash.o(i.FLASH_EraseAllBank1Pages) refers to stm32f10x_flash.o(i.FLASH_WaitForLastBank1Operation) for FLASH_WaitForLastBank1Operation
    stm32f10x_flash.o(i.FLASH_EraseAllPages) refers to stm32f10x_flash.o(i.FLASH_WaitForLastOperation) for FLASH_WaitForLastOperation
    stm32f10x_flash.o(i.FLASH_EraseOptionBytes) refers to stm32f10x_flash.o(i.FLASH_GetReadOutProtectionStatus) for FLASH_GetReadOutProtectionStatus
    stm32f10x_flash.o(i.FLASH_EraseOptionBytes) refers to stm32f10x_flash.o(i.FLASH_WaitForLastOperation) for FLASH_WaitForLastOperation
    stm32f10x_flash.o(i.FLASH_ErasePage) refers to stm32f10x_flash.o(i.FLASH_WaitForLastOperation) for FLASH_WaitForLastOperation
    stm32f10x_flash.o(i.FLASH_ProgramHalfWord) refers to stm32f10x_flash.o(i.FLASH_WaitForLastOperation) for FLASH_WaitForLastOperation
    stm32f10x_flash.o(i.FLASH_ProgramOptionByteData) refers to stm32f10x_flash.o(i.FLASH_WaitForLastOperation) for FLASH_WaitForLastOperation
    stm32f10x_flash.o(i.FLASH_ProgramWord) refers to stm32f10x_flash.o(i.FLASH_WaitForLastOperation) for FLASH_WaitForLastOperation
    stm32f10x_flash.o(i.FLASH_ReadOutProtection) refers to stm32f10x_flash.o(i.FLASH_WaitForLastOperation) for FLASH_WaitForLastOperation
    stm32f10x_flash.o(i.FLASH_UserOptionByteConfig) refers to stm32f10x_flash.o(i.FLASH_WaitForLastOperation) for FLASH_WaitForLastOperation
    stm32f10x_flash.o(i.FLASH_WaitForLastBank1Operation) refers to stm32f10x_flash.o(i.FLASH_GetBank1Status) for FLASH_GetBank1Status
    stm32f10x_flash.o(i.FLASH_WaitForLastOperation) refers to stm32f10x_flash.o(i.FLASH_GetBank1Status) for FLASH_GetBank1Status
    stm32f10x_gpio.o(i.GPIO_AFIODeInit) refers to stm32f10x_rcc.o(i.RCC_APB2PeriphResetCmd) for RCC_APB2PeriphResetCmd
    stm32f10x_gpio.o(i.GPIO_DeInit) refers to stm32f10x_rcc.o(i.RCC_APB2PeriphResetCmd) for RCC_APB2PeriphResetCmd
    stm32f10x_i2c.o(i.I2C_DeInit) refers to stm32f10x_rcc.o(i.RCC_APB1PeriphResetCmd) for RCC_APB1PeriphResetCmd
    stm32f10x_i2c.o(i.I2C_Init) refers to stm32f10x_rcc.o(i.RCC_GetClocksFreq) for RCC_GetClocksFreq
    stm32f10x_pwr.o(i.PWR_DeInit) refers to stm32f10x_rcc.o(i.RCC_APB1PeriphResetCmd) for RCC_APB1PeriphResetCmd
[...]
    ../fplib/microlib/fpmul.c                0x00000000   Number         0  fmul.o ABSOLUTE
    ../fplib/microlib/fpmul.c                0x00000000   Number         0  dmul.o ABSOLUTE
    ../fplib/microlib/fpscalb.c              0x00000000   Number         0  fscalb.o ABSOLUTE
    ../fplib/microlib/fpsqrt.c               0x00000000   Number         0  dsqrt.o ABSOLUTE
    ../fplib/microlib/fpsqrt.c               0x00000000   Number         0  fsqrt.o ABSOLUTE
    ../mathlib/asinf.c                       0x00000000   Number         0  asinf.o ABSOLUTE
    ../mathlib/asinf.c                       0x00000000   Number         0  asinf_x.o ABSOLUTE
    ../mathlib/atan2f.c                      0x00000000   Number         0  atan2f_x.o ABSOLUTE
    ../mathlib/atan2f.c                      0x00000000   Number         0  atan2f.o ABSOLUTE
    ../mathlib/fpclassifyf.c                 0x00000000   Number         0  fpclassifyf.o ABSOLUTE
    ../mathlib/funder.c                      0x00000000   Number         0  funder.o ABSOLUTE
    ../mathlib/sqrt.c                        0x00000000   Number         0  sqrt.o ABSOLUTE
    ../mathlib/sqrt.c                        0x00000000   Number         0  sqrt_x.o ABSOLUTE
    ../mathlib/sqrtf.c                       0x00000000   Number         0  sqrtf_x.o ABSOLUTE
    ../mathlib/sqrtf.c                       0x00000000   Number         0  sqrtf.o ABSOLUTE
    Hardware\Button.c                        0x00000000   Number         0  button.o ABSOLUTE
    Hardware\IC.c                            0x00000000   Number         0  ic.o ABSOLUTE
    Hardware\LED.c                           0x00000000   Number         0  led.o ABSOLUTE
    Hardware\MPU9250.c                       0x00000000   Number         0  mpu9250.o ABSOLUTE
    Hardware\OLED.c                          0x00000000   Number         0  oled.o ABSOLUTE
    Hardware\PWM.c                           0x00000000   Number         0  pwm.o ABSOLUTE
    Hardware\Serial.c                        0x00000000   Number         0  serial.o ABSOLUTE
    Libaray\misc.c                           0x00000000   Number         0  misc.o ABSOLUTE
    Libaray\stm32f10x_adc.c                  0x00000000   Number         0  stm32f10x_adc.o ABSOLUTE
    Libaray\stm32f10x_bkp.c                  0x00000000   Number         0  stm32f10x_bkp.o ABSOLUTE
    Libaray\stm32f10x_can.c                  0x00000000   Number         0  stm32f10x_can.o ABSOLUTE
    Libaray\stm32f10x_cec.c                  0x00000000   Number         0  stm32f10x_cec.o ABSOLUTE
    Libaray\stm32f10x_crc.c                  0x00000000   Number         0  stm32f10x_crc.o ABSOLUTE
    Libaray\stm32f10x_dac.c                  0x00000000   Number         0  stm32f10x_dac.o ABSOLUTE
    Libaray\stm32f10x_dbgmcu.c               0x00000000   Number         0  stm32f10x_dbgmcu.o ABSOLUTE
    Libaray\stm32f10x_dma.c                  0x00000000   Number         0  stm32f10x_dma.o ABSOLUTE
    Libaray\stm32f10x_exti.c                 0x00000000   Number         0  stm32f10x_exti.o ABSOLUTE
    Libaray\stm32f10x_flash.c                0x00000000   Number         0  stm32f10x_flash.o ABSOLUTE
    Libaray\stm32f10x_fsmc.c                 0x00000000   Number         0  stm32f10x_fsmc.o ABSOLUTE
    Libaray\stm32f10x_gpio.c                 0x00000000   Number         0  stm32f10x_gpio.o ABSOLUTE
    Libaray\stm32f10x_i2c.c                  0x00000000   Number         0  stm32f10x_i2c.o ABSOLUTE
    Libaray\stm32f10x_iwdg.c                 0x00000000   Number         0  stm32f10x_iwdg.o ABSOLUTE
    Libaray\stm32f10x_pwr.c                  0x00000000   Number         0  stm32f10x_pwr.o ABSOLUTE
    Libaray\stm32f10x_rcc.c                  0x00000000   Number         0  stm32f10x_rcc.o ABSOLUTE
    Libaray\stm32f10x_rtc.c                  0x00000000   Number         0  stm32f10x_rtc.o ABSOLUTE
    Libaray\stm32f10x_sdio.c                 0x00000000   Number         0  stm32f10x_sdio.o ABSOLUTE
    Libaray\stm32f10x_spi.c                  0x00000000   Number         0  stm32f10x_spi.o ABSOLUTE
    Libaray\stm32f10x_tim.c                  0x00000000   Number         0  stm32f10x_tim.o ABSOLUTE
    Libaray\stm32f10x_usart.c                0x00000000   Number         0  stm32f10x_usart.o ABSOLUTE
    Libaray\stm32f10x_wwdg.c                 0x00000000   Number         0  stm32f10x_wwdg.o ABSOLUTE
    Math\Matrix.c                            0x00000000   Number         0  matrix.o ABSOLUTE
    Start\\core_cm3.c                        0x00000000   Number         0  core_cm3.o ABSOLUTE
    Start\core_cm3.c                         0x00000000   Number         0  core_cm3.o ABSOLUTE
    Start\startup_stm32f10x_md.s             0x00000000   Number         0  startup_stm32f10x_md.o ABSOLUTE
    Start\system_stm32f10x.c                 0x00000000   Number         0  system_stm32f10x.o ABSOLUTE
    System\Delay.c                           0x00000000   Number         0  delay.o ABSOLUTE
    System\Timer.c                           0x00000000   Number         0  timer.o ABSOLUTE
    User\MahonyAHRS.c                        0x00000000   Number         0  mahonyahrs.o ABSOLUTE
    User\PID.c                               0x00000000   Number         0  pid.o ABSOLUTE
    User\main.c                              0x00000000   Number         0  main.o ABSOLUTE
    User\stm32f10x_it.c                      0x00000000   Number         0  stm32f10x_it.o ABSOLUTE
    cdcmple.s                                0x00000000   Number         0  cdcmple.o ABSOLUTE
    cdrcmple.s                               0x00000000   Number         0  cdrcmple.o ABSOLUTE
    cfcmple.s                                0x00000000   Number         0  cfcmple.o ABSOLUTE
    cfrcmple.s                               0x00000000   Number         0  cfrcmple.o ABSOLUTE
    dc.s                                     0x00000000   Number         0  dc.o ABSOLUTE
    handlers.s                               0x00000000   Number         0  handlers.o ABSOLUTE
    init.s                                   0x00000000   Number         0  init.o ABSOLUTE
    RESET                                    0x08000000   Section      236  startup_stm32f10x_md.o(RESET)
    .ARM.Collect$$$$00000000                 0x080000ec   Section        0  entry.o(.ARM.Collect$$$$00000000)
    .ARM.Collect$$$$00000001                 0x080000ec   Section        4  entry2.o(.ARM.Collect$$$$00000001)
    .ARM.Collect$$$$00000004                 0x080000f0   Section        4  entry5.o(.ARM.Collect$$$$00000004)
    .ARM.Collect$$$$00000008                 0x080000f4   Section        0  entry7b.o(.ARM.Collect$$$$00000008)
    .ARM.Collect$$$$0000000A                 0x080000f4   Section        0  entry8b.o(.ARM.Collect$$$$0000000A)
    .ARM.Collect$$$$0000000B                 0x080000f4   Section        8  entry9a.o(.ARM.Collect$$$$0000000B)
    .ARM.Collect$$$$0000000D                 0x080000fc   Section        0  entry10a.o(.ARM.Collect$$$$0000000D)
    .ARM.Collect$$$$0000000F                 0x080000fc   Section        0  entry11a.o(.ARM.Collect$$$$0000000F)
    .ARM.Collect$$$$00002712                 0x080000fc   Section        4  entry2.o(.ARM.Collect$$$$00002712)
    __lit__00000000                          0x080000fc   Data           4  entry2.o(.ARM.Collect$$$$00002712)
    .text                                    0x08000100   Section       36  startup_stm32f10x_md.o(.text)
    .text                                    0x08000124   Section        0  memcpya.o(.text)
    .text                                    0x08000148   Section        0  memseta.o(.text)
    .text                                    0x0800016c   Section        0  fadd.o(.text)
    .text                                    0x0800021c   Section        0  fmul.o(.text)
    .text                                    0x08000280   Section        0  fdiv.o(.text)
    .text                                    0x080002fc   Section        0  dmul.o(.text)
    .text                                    0x080003e0   Section        0  ddiv.o(.text)
    .text                                    0x080004be   Section        0  fflti.o(.text)
    .text                                    0x080004d0   Section        0  ffltui.o(.text)
    .text                                    0x080004da   Section        0  ffixi.o(.text)
    .text                                    0x0800050c   Section        0  ffixui.o(.text)
    .text                                    0x08000534   Section        0  f2d.o(.text)
    .text                                    0x0800055c   Section       48  cdrcmple.o(.text)
    .text                                    0x0800058c   Section        0  d2f.o(.text)
    .text                                    0x080005c4   Section       20  cfcmple.o(.text)
    .text                                    0x080005d8   Section       20  cfrcmple.o(.text)
    .text                                    0x080005ec   Section        0  uidiv.o(.text)
    .text                                    0x08000618   Section        0  uldiv.o(.text)
    .text                                    0x0800067a   Section        0  iusefp.o(.text)
    .text                                    0x0800067a   Section        0  fepilogue.o(.text)
    .text                                    0x080006e8   Section        0  fscalb.o(.text)
    .text                                    0x08000700   Section        0  depilogue.o(.text)
    .text                                    0x080007ba   Section        0  dadd.o(.text)
    .text                                    0x08000908   Section        0  dsqrt.o(.text)
    .text                                    0x080009aa   Section        0  dfixul.o(.text)
    .text                                    0x080009dc   Section       36  init.o(.text)
    .text                                    0x08000a00   Section        0  llshl.o(.text)
    .text                                    0x08000a1e   Section        0  llushr.o(.text)
    .text                                    0x08000a3e   Section        0  llsshr.o(.text)
    .text                                    0x08000a62   Section        0  fsqrt.o(.text)
    i.AK8963_GetID                           0x08000ac0   Section        0  mpu9250.o(i.AK8963_GetID)
    i.AK8963_ReadReg                         0x08000acc   Section        0  mpu9250.o(i.AK8963_ReadReg)
    i.AK8963_WriteReg                        0x08000b64   Section        0  mpu9250.o(i.AK8963_WriteReg)
    i.ANO_DT_Data_Exchange                   0x08000bc8   Section        0  serial.o(i.ANO_DT_Data_Exchange)
    i.ANO_DT_Data_Receive_Anl                0x08000e20   Section        0  serial.o(i.ANO_DT_Data_Receive_Anl)
    i.ANO_DT_Data_Receive_Prepare            0x08000efc   Section        0  serial.o(i.ANO_DT_Data_Receive_Prepare)
    i.ANO_DT_Send_Check                      0x08000fe4   Section        0  serial.o(i.ANO_DT_Send_Check)
    ANO_DT_Send_Check                        0x08000fe5   Thumb Code    66  serial.o(i.ANO_DT_Send_Check)
    i.ANO_DT_Send_Data                       0x0800102c   Section        0  serial.o(i.ANO_DT_Send_Data)
    i.ANO_DT_Send_PID                        0x0800103c   Section        0  serial.o(i.ANO_DT_Send_PID)
    i.ANO_DT_Send_Senser                     0x08001248   Section        0  serial.o(i.ANO_DT_Send_Senser)
    i.ANO_DT_Send_Status                     0x080013c4   Section        0  serial.o(i.ANO_DT_Send_Status)
    i.BusFault_Handler                       0x0800150c   Section        0  stm32f10x_it.o(i.BusFault_Handler)
    i.Data_Send_AngleRate                    0x08001510   Section        0  serial.o(i.Data_Send_AngleRate)
    i.DebugMon_Handler                       0x0800174c   Section        0  stm32f10x_it.o(i.DebugMon_Handler)
    i.Delay_ms                               0x0800174e   Section        0  delay.o(i.Delay_ms)
    i.Delay_us                               0x08001766   Section        0  delay.o(i.Delay_us)
    i.GPIO_Init                              0x08001794   Section        0  stm32f10x_gpio.o(i.GPIO_Init)
    i.GPIO_WriteBit                          0x080018aa   Section        0  stm32f10x_gpio.o(i.GPIO_WriteBit)
    i.Get_Remote_Control                     0x080018b4   Section        0  ic.o(i.Get_Remote_Control)
    i.HardFault_Handler                      0x08001910   Section        0  stm32f10x_it.o(i.HardFault_Handler)
    i.I2C_AcknowledgeConfig                  0x08001914   Section        0  stm32f10x_i2c.o(i.I2C_AcknowledgeConfig)
    i.I2C_CheckEvent                         0x0800192c   Section        0  stm32f10x_i2c.o(i.I2C_CheckEvent)
    i.I2C_Cmd                                0x08001956   Section        0  stm32f10x_i2c.o(i.I2C_Cmd)
    i.I2C_GenerateSTART                      0x0800196e   Section        0  stm32f10x_i2c.o(i.I2C_GenerateSTART)
    i.I2C_GenerateSTOP                       0x08001986   Section        0  stm32f10x_i2c.o(i.I2C_GenerateSTOP)
    i.I2C_Init                               0x080019a0   Section        0  stm32f10x_i2c.o(i.I2C_Init)
    i.I2C_ReceiveData                        0x08001a8c   Section        0  stm32f10x_i2c.o(i.I2C_ReceiveData)
    i.I2C_Send7bitAddress                    0x08001a94   Section        0  stm32f10x_i2c.o(i.I2C_Send7bitAddress)
    i.I2C_SendData                           0x08001aa6   Section        0  stm32f10x_i2c.o(i.I2C_SendData)
    i.IC_Init                                0x08001aac   Section        0  ic.o(i.IC_Init)
    i.LED_Init                               0x08001c40   Section        0  led.o(i.LED_Init)
    i.MPU9250_Calibrate                      0x08001c6c   Section        0  mpu9250.o(i.MPU9250_Calibrate)
    i.MPU9250_Calibrate_Calculate            0x08001e40   Section        0  mpu9250.o(i.MPU9250_Calibrate_Calculate)
    i.MPU9250_GetData_continuous             0x08001fc0   Section        0  mpu9250.o(i.MPU9250_GetData_continuous)
    i.MPU9250_Init                           0x08002184   Section        0  mpu9250.o(i.MPU9250_Init)
    i.MPU9250_Mag_Calibrate_PrepareData      0x08002340   Section        0  mpu9250.o(i.MPU9250_Mag_Calibrate_PrepareData)
    i.MPU9250_Offset_Calibrate               0x08002448   Section        0  mpu9250.o(i.MPU9250_Offset_Calibrate)
    i.MPU9250_WaitEvent                      0x08002574   Section        0  mpu9250.o(i.MPU9250_WaitEvent)
    i.MPU9250_WriteReg                       0x08002598   Section        0  mpu9250.o(i.MPU9250_WriteReg)
    i.MahonyAHRSupdate                       0x080025fc   Section        0  mahonyahrs.o(i.MahonyAHRSupdate)
    i.MahonyAHRSupdateIMU                    0x08002d20   Section        0  mahonyahrs.o(i.MahonyAHRSupdateIMU)
    i.Make6_1Matrix                          0x08003124   Section        0  matrix.o(i.Make6_1Matrix)
    i.MakeMat                                0x08003132   Section        0  matrix.o(i.MakeMat)
    i.Matrix6_1_Multiply                     0x08003158   Section        0  matrix.o(i.Matrix6_1_Multiply)
    i.Matrix_Multiply                        0x080031a4   Section        0  matrix.o(i.Matrix_Multiply)
    i.Matrix_Transpose                       0x0800320e   Section        0  matrix.o(i.Matrix_Transpose)
    i.Matrix_input                           0x08003246   Section        0  matrix.o(i.Matrix_input)
    i.Matrix_inverse                         0x080032f4   Section        0  matrix.o(i.Matrix_inverse)
    i.MemManage_Handler                      0x0800352c   Section        0  stm32f10x_it.o(i.MemManage_Handler)
    i.NMI_Handler                            0x08003530   Section        0  stm32f10x_it.o(i.NMI_Handler)
    i.NVIC_Init                              0x08003534   Section        0  misc.o(i.NVIC_Init)
    i.NVIC_PriorityGroupConfig               0x080035a4   Section        0  misc.o(i.NVIC_PriorityGroupConfig)
    i.OLED_Clear                             0x080035b8   Section        0  oled.o(i.OLED_Clear)
    i.OLED_I2C_Init                          0x080035e4   Section        0  oled.o(i.OLED_I2C_Init)
    i.OLED_I2C_SendByte                      0x08003630   Section        0  oled.o(i.OLED_I2C_SendByte)
    i.OLED_I2C_Start                         0x08003680   Section        0  oled.o(i.OLED_I2C_Start)
    i.OLED_I2C_Stop                          0x080036b0   Section        0  oled.o(i.OLED_I2C_Stop)
    i.OLED_Init                              0x080036d8   Section        0  oled.o(i.OLED_Init)
    i.OLED_Pow                               0x08003786   Section        0  oled.o(i.OLED_Pow)
    i.OLED_SetCursor                         0x0800379a   Section        0  oled.o(i.OLED_SetCursor)
    i.OLED_ShowChar                          0x080037bc   Section        0  oled.o(i.OLED_ShowChar)
    i.OLED_ShowSignedNum                     0x08003830   Section        0  oled.o(i.OLED_ShowSignedNum)
    i.OLED_WriteCommand                      0x08003896   Section        0  oled.o(i.OLED_WriteCommand)
    i.OLED_WriteData                         0x080038b6   Section        0  oled.o(i.OLED_WriteData)
    i.PID_Init                               0x080038d6   Section        0  pid.o(i.PID_Init)
    i.PWM_Init                               0x080038e8   Section        0  pwm.o(i.PWM_Init)
    i.PendSV_Handler                         0x0800399c   Section        0  stm32f10x_it.o(i.PendSV_Handler)
    i.RCC_APB1PeriphClockCmd                 0x080039a0   Section        0  stm32f10x_rcc.o(i.RCC_APB1PeriphClockCmd)
    i.RCC_APB2PeriphClockCmd                 0x080039c0   Section        0  stm32f10x_rcc.o(i.RCC_APB2PeriphClockCmd)
    i.RCC_GetClocksFreq                      0x080039e0   Section        0  stm32f10x_rcc.o(i.RCC_GetClocksFreq)
    i.READ_MPU9250_MAG                       0x08003ab4   Section        0  mpu9250.o(i.READ_MPU9250_MAG)
    i.SVC_Handler                            0x08003c28   Section        0  stm32f10x_it.o(i.SVC_Handler)
    i.Serial_Init                            0x08003c2c   Section        0  serial.o(i.Serial_Init)
    i.Serial_SendArray                       0x08003ce4   Section        0  serial.o(i.Serial_SendArray)
    i.Serial_SendByte                        0x08003d00   Section        0  serial.o(i.Serial_SendByte)
    i.SetSysClock                            0x08003d20   Section        0  system_stm32f10x.o(i.SetSysClock)
    SetSysClock                              0x08003d21   Thumb Code     8  system_stm32f10x.o(i.SetSysClock)
    i.SetSysClockTo72                        0x08003d28   Section        0  system_stm32f10x.o(i.SetSysClockTo72)
    SetSysClockTo72                          0x08003d29   Thumb Code   214  system_stm32f10x.o(i.SetSysClockTo72)
    i.SysTick_Handler                        0x08003e08   Section        0  stm32f10x_it.o(i.SysTick_Handler)
    i.SystemInit                             0x08003e0c   Section        0  system_stm32f10x.o(i.SystemInit)
    i.TI1_Config                             0x08003e6c   Section        0  stm32f10x_tim.o(i.TI1_Config)
    TI1_Config                               0x08003e6d   Thumb Code   108  stm32f10x_tim.o(i.TI1_Config)
    i.TI2_Config                             0x08003eec   Section        0  stm32f10x_tim.o(i.TI2_Config)
    TI2_Config                               0x08003eed   Thumb Code   130  stm32f10x_tim.o(i.TI2_Config)
    i.TI3_Config                             0x08003f84   Section        0  stm32f10x_tim.o(i.TI3_Config)
    TI3_Config                               0x08003f85   Thumb Code   122  stm32f10x_tim.o(i.TI3_Config)
    i.TI4_Config                             0x08004014   Section        0  stm32f10x_tim.o(i.TI4_Config)
    TI4_Config                               0x08004015   Thumb Code   130  stm32f10x_tim.o(i.TI4_Config)
    i.TIM3_IRQHandler                        0x080040ac   Section        0  main.o(i.TIM3_IRQHandler)
    i.TIM_ClearFlag                          0x0800411c   Section        0  stm32f10x_tim.o(i.TIM_ClearFlag)
    i.TIM_ClearITPendingBit                  0x08004122   Section        0  stm32f10x_tim.o(i.TIM_ClearITPendingBit)
    i.TIM_Cmd                                0x08004128   Section        0  stm32f10x_tim.o(i.TIM_Cmd)
    i.TIM_GetCapture2                        0x08004140   Section        0  stm32f10x_tim.o(i.TIM_GetCapture2)
    i.TIM_GetCapture3                        0x08004146   Section        0  stm32f10x_tim.o(i.TIM_GetCapture3)
    i.TIM_GetCapture4                        0x0800414c   Section        0  stm32f10x_tim.o(i.TIM_GetCapture4)
    i.TIM_GetITStatus                        0x08004154   Section        0  stm32f10x_tim.o(i.TIM_GetITStatus)
    i.TIM_ICInit                             0x08004178   Section        0  stm32f10x_tim.o(i.TIM_ICInit)
    i.TIM_ITConfig                           0x08004224   Section        0  stm32f10x_tim.o(i.TIM_ITConfig)
    i.TIM_InternalClockConfig                0x08004236   Section        0  stm32f10x_tim.o(i.TIM_InternalClockConfig)
    i.TIM_OC1Init                            0x08004244   Section        0  stm32f10x_tim.o(i.TIM_OC1Init)
    i.TIM_OC2Init                            0x080042dc   Section        0  stm32f10x_tim.o(i.TIM_OC2Init)
    i.TIM_OC3Init                            0x08004380   Section        0  stm32f10x_tim.o(i.TIM_OC3Init)
    i.TIM_OC4Init                            0x08004420   Section        0  stm32f10x_tim.o(i.TIM_OC4Init)
    i.TIM_OCStructInit                       0x0800449c   Section        0  stm32f10x_tim.o(i.TIM_OCStructInit)
    i.TIM_PWMIConfig                         0x080044b0   Section        0  stm32f10x_tim.o(i.TIM_PWMIConfig)
    i.TIM_SelectInputTrigger                 0x0800452c   Section        0  stm32f10x_tim.o(i.TIM_SelectInputTrigger)
    i.TIM_SelectSlaveMode                    0x0800453e   Section        0  stm32f10x_tim.o(i.TIM_SelectSlaveMode)
    i.TIM_SetIC1Prescaler                    0x08004550   Section        0  stm32f10x_tim.o(i.TIM_SetIC1Prescaler)
    i.TIM_SetIC2Prescaler                    0x08004562   Section        0  stm32f10x_tim.o(i.TIM_SetIC2Prescaler)
    i.TIM_SetIC3Prescaler                    0x0800457c   Section        0  stm32f10x_tim.o(i.TIM_SetIC3Prescaler)
    i.TIM_SetIC4Prescaler                    0x0800458e   Section        0  stm32f10x_tim.o(i.TIM_SetIC4Prescaler)
    i.TIM_TimeBaseInit                       0x080045a8   Section        0  stm32f10x_tim.o(i.TIM_TimeBaseInit)
    i.Timer_Init                             0x0800464c   Section        0  timer.o(i.Timer_Init)
    i.USART1_IRQHandler                      0x080046c8   Section        0  serial.o(i.USART1_IRQHandler)
    i.USART_ClearITPendingBit                0x08004708   Section        0  stm32f10x_usart.o(i.USART_ClearITPendingBit)
    i.USART_Cmd                              0x08004726   Section        0  stm32f10x_usart.o(i.USART_Cmd)
    i.USART_GetFlagStatus                    0x0800473e   Section        0  stm32f10x_usart.o(i.USART_GetFlagStatus)
    i.USART_GetITStatus                      0x08004758   Section        0  stm32f10x_usart.o(i.USART_GetITStatus)
    i.USART_ITConfig                         0x080047ac   Section        0  stm32f10x_usart.o(i.USART_ITConfig)
    i.USART_Init                             0x080047f8   Section        0  stm32f10x_usart.o(i.USART_Init)
    i.USART_ReceiveData                      0x080048d0   Section        0  stm32f10x_usart.o(i.USART_ReceiveData)
    i.USART_SendData                         0x080048da   Section        0  stm32f10x_usart.o(i.USART_SendData)
    i.UsageFault_Handler                     0x080048e2   Section        0  stm32f10x_it.o(i.UsageFault_Handler)
    i.__0printf                              0x080048e8   Section        0  printfa.o(i.__0printf)
    i.__ARM_fpclassifyf                      0x08004908   Section        0  fpclassifyf.o(i.__ARM_fpclassifyf)
    i.__mathlib_flt_infnan                   0x0800492e   Section        0  funder.o(i.__mathlib_flt_infnan)
    i.__mathlib_flt_infnan2                  0x08004934   Section        0  funder.o(i.__mathlib_flt_infnan2)
    i.__mathlib_flt_invalid                  0x08004938   Section        0  funder.o(i.__mathlib_flt_invalid)
    i.__mathlib_flt_underflow                0x08004940   Section        0  funder.o(i.__mathlib_flt_underflow)
    i.__scatterload_copy                     0x0800494a   Section       14  handlers.o(i.__scatterload_copy)
    i.__scatterload_null                     0x08004958   Section        2  handlers.o(i.__scatterload_null)
    i.__scatterload_zeroinit                 0x0800495a   Section       14  handlers.o(i.__scatterload_zeroinit)
    i.__set_errno                            0x08004968   Section        0  errno.o(i.__set_errno)
    i._fp_digits                             0x08004974   Section        0  printfa.o(i._fp_digits)
    _fp_digits                               0x08004975   Thumb Code   366  printfa.o(i._fp_digits)
    i._printf_core                           0x08004af8   Section        0  printfa.o(i._printf_core)
    _printf_core                             0x08004af9   Thumb Code  1744  printfa.o(i._printf_core)
    i._printf_post_padding                   0x080051d4   Section        0  printfa.o(i._printf_post_padding)
    _printf_post_padding                     0x080051d5   Thumb Code    36  printfa.o(i._printf_post_padding)
    i._printf_pre_padding                    0x080051f8   Section        0  printfa.o(i._printf_pre_padding)
    _printf_pre_padding                      0x080051f9   Thumb Code    46  printfa.o(i._printf_pre_padding)
    i.asinf                                  0x08005228   Section        0  asinf.o(i.asinf)
    i.atan2f                                 0x0800534c   Section        0  atan2f.o(i.atan2f)
    i.fputc                                  0x080055a8   Section        0  serial.o(i.fputc)
    i.free                                   0x080055b8   Section        0  malloc.o(i.free)
    i.free_Matrix                            0x08005608   Section        0  matrix.o(i.free_Matrix)
    i.invSqrt                                0x08005628   Section        0  mahonyahrs.o(i.invSqrt)
    i.main                                   0x08005674   Section        0  main.o(i.main)
    i.malloc                                 0x08005974   Section        0  malloc.o(i.malloc)
    i.sqrt                                   0x080059e0   Section        0  sqrt.o(i.sqrt)
    i.sqrtf                                  0x08005a2c   Section        0  sqrtf.o(i.sqrtf)
    .constdata                               0x08005a58   Section     1520  oled.o(.constdata)
    .data                                    0x20000000   Section       20  stm32f10x_rcc.o(.data)
    APBAHBPrescTable                         0x20000000   Data          16  stm32f10x_rcc.o(.data)
    ADCPrescTable                            0x20000010   Data           4  stm32f10x_rcc.o(.data)
    .data                                    0x20000014   Section       40  main.o(.data)
    serial_time                              0x20000038   Data           2  main.o(.data)
    imu_time                                 0x2000003a   Data           2  main.o(.data)
    .data                                    0x2000003c   Section       36  mahonyahrs.o(.data)
    .data                                    0x20000060   Section        8  ic.o(.data)
    .data                                    0x20000068   Section       11  serial.o(.data)
    status_cnt                               0x2000006b   Data           1  serial.o(.data)
    senser_cnt                               0x2000006c   Data           1  serial.o(.data)
    rcdata_cnt                               0x2000006d   Data           1  serial.o(.data)
    motopwm_cnt                              0x2000006e   Data           1  serial.o(.data)
    power_cnt                                0x2000006f   Data           1  serial.o(.data)
    _data_len                                0x20000070   Data           1  serial.o(.data)
    _data_cnt                                0x20000071   Data           1  serial.o(.data)
    state                                    0x20000072   Data           1  serial.o(.data)
    .data                                    0x20000074   Section       74  mpu9250.o(.data)
    time                                     0x200000a0   Data           1  mpu9250.o(.data)
    flag                                     0x200000a1   Data           1  mpu9250.o(.data)
    tempGx                                   0x200000a4   Data           4  mpu9250.o(.data)
    tempGy                                   0x200000a8   Data           4  mpu9250.o(.data)
    tempGz                                   0x200000ac   Data           4  mpu9250.o(.data)
    tempAx                                   0x200000b0   Data           4  mpu9250.o(.data)
    tempAy                                   0x200000b4   Data           4  mpu9250.o(.data)
    tempAz                                   0x200000b8   Data           4  mpu9250.o(.data)
    cnt                                      0x200000bc   Data           2  mpu9250.o(.data)
    .data                                    0x200000c0   Section        4  stdout.o(.data)
    .data                                    0x200000c4   Section        4  mvars.o(.data)
    .data                                    0x200000c8   Section        4  mvars.o(.data)
    .data                                    0x200000cc   Section        4  errno.o(.data)
    _errno                                   0x200000cc   Data           4  errno.o(.data)
    .bss                                     0x200000d0   Section       36  main.o(.bss)
    .bss                                     0x200000f4   Section       12  mahonyahrs.o(.bss)
    .bss                                     0x20000100   Section      110  serial.o(.bss)
    RxBuffer                                 0x2000013c   Data          50  serial.o(.bss)
    .bss                                     0x20000170   Section      128  mpu9250.o(.bss)
    MPU9250_Mag_Data                         0x200001a8   Data          72  mpu9250.o(.bss)
    HEAP                                     0x200001f0   Section     4096  startup_stm32f10x_md.o(HEAP)
    STACK                                    0x200011f0   Section     1024  startup_stm32f10x_md.o(STACK)

    Global Symbols

    Symbol Name                              Value     Ov Type        Size  Object(Section)

    BuildAttributes$$THM_ISAv4$P$D$K$B$S$PE$A:L22UL41UL21$X:L11$S22US41US21$IEEE1$IW$USESV6$~STKCKD$USESV7$~SHL$OTIME$ROPI$IEEEX$EBA8$MICROLIB$REQ8$PRES8$EABIv2 0x00000000   Number         0  anon$$obj.o ABSOLUTE
    __ARM_use_no_argv                        0x00000000   Number         0  main.o ABSOLUTE
    _printf_a                                0x00000000   Number         0  stubs.o ABSOLUTE
    _printf_c                                0x00000000   Number         0  stubs.o ABSOLUTE
    _printf_charcount                        0x00000000   Number         0  stubs.o ABSOLUTE
    _printf_d                                0x00000000   Number         0  stubs.o ABSOLUTE
    _printf_e                                0x00000000   Number         0  stubs.o ABSOLUTE
    _printf_f                                0x00000000   Number         0  stubs.o ABSOLUTE
    _printf_flags                            0x00000000   Number         0  stubs.o ABSOLUTE
    _printf_fp_dec                           0x00000000   Number         0  stubs.o ABSOLUTE
    _printf_fp_hex                           0x00000000   Number         0  stubs.o ABSOLUTE
    _printf_g                                0x00000000   Number         0  stubs.o ABSOLUTE
    _printf_i                                0x00000000   Number         0  stubs.o ABSOLUTE
    _printf_int_dec                          0x00000000   Number         0  stubs.o ABSOLUTE
    _printf_l                                0x00000000   Number         0  stubs.o ABSOLUTE
    _printf_lc                               0x00000000   Number         0  stubs.o ABSOLUTE
    _printf_ll                               0x00000000   Number         0  stubs.o ABSOLUTE
    _printf_lld                              0x00000000   Number         0  stubs.o ABSOLUTE
    _printf_lli                              0x00000000   Number         0  stubs.o ABSOLUTE
    _printf_llo                              0x00000000   Number         0  stubs.o ABSOLUTE
    _printf_llu                              0x00000000   Number         0  stubs.o ABSOLUTE
    _printf_llx                              0x00000000   Number         0  stubs.o ABSOLUTE
    _printf_longlong_dec                     0x00000000   Number         0  stubs.o ABSOLUTE
    _printf_longlong_hex                     0x00000000   Number         0  stubs.o ABSOLUTE
    _printf_longlong_oct                     0x00000000   Number         0  stubs.o ABSOLUTE
    _printf_ls                               0x00000000   Number         0  stubs.o ABSOLUTE
    _printf_mbtowc                           0x00000000   Number         0  stubs.o ABSOLUTE
    _printf_n                                0x00000000   Number         0  stubs.o ABSOLUTE
    _printf_o                                0x00000000   Number         0  stubs.o ABSOLUTE
    _printf_p                                0x00000000   Number         0  stubs.o ABSOLUTE
    _printf_percent                          0x00000000   Number         0  stubs.o ABSOLUTE
    _printf_pre_padding                      0x00000000   Number         0  stubs.o ABSOLUTE
    _printf_return_value                     0x00000000   Number         0  stubs.o ABSOLUTE
    _printf_s                                0x00000000   Number         0  stubs.o ABSOLUTE
    _printf_sizespec                         0x00000000   Number         0  stubs.o ABSOLUTE
    _printf_str                              0x00000000   Number         0  stubs.o ABSOLUTE
    _printf_truncate_signed                  0x00000000   Number         0  stubs.o ABSOLUTE
    _printf_truncate_unsigned                0x00000000   Number         0  stubs.o ABSOLUTE
    _printf_u                                0x00000000   Number         0  stubs.o ABSOLUTE
    _printf_wc                               0x00000000   Number         0  stubs.o ABSOLUTE
    _printf_wctomb                           0x00000000   Number         0  stubs.o ABSOLUTE
    _printf_widthprec                        0x00000000   Number         0  stubs.o ABSOLUTE
    _printf_x                                0x00000000   Number         0  stubs.o ABSOLUTE
    __cpp_initialize__aeabi_                  - Undefined Weak Reference
    __cxa_finalize                            - Undefined Weak Reference
    __decompress                              - Undefined Weak Reference
    _clock_init                               - Undefined Weak Reference
    _microlib_exit                            - Undefined Weak Reference
    __Vectors_Size                           0x000000ec   Number         0  startup_stm32f10x_md.o ABSOLUTE
    __Vectors                                0x08000000   Data           4  startup_stm32f10x_md.o(RESET)
    __Vectors_End                            0x080000ec   Data           0  startup_stm32f10x_md.o(RESET)
    __main                                   0x080000ed   Thumb Code     0  entry.o(.ARM.Collect$$$$00000000)
    _main_stk                                0x080000ed   Thumb Code     0  entry2.o(.ARM.Collect$$$$00000001)
    _main_scatterload                        0x080000f1   Thumb Code     0  entry5.o(.ARM.Collect$$$$00000004)
    __main_after_scatterload                 0x080000f5   Thumb Code     0  entry5.o(.ARM.Collect$$$$00000004)
    _main_clock                              0x080000f5   Thumb Code     0  entry7b.o(.ARM.Collect$$$$00000008)
    _main_cpp_init                           0x080000f5   Thumb Code     0  entry8b.o(.ARM.Collect$$$$0000000A)
    _main_init                               0x080000f5   Thumb Code     0  entry9a.o(.ARM.Collect$$$$0000000B)
    __rt_final_cpp                           0x080000fd   Thumb Code     0  entry10a.o(.ARM.Collect$$$$0000000D)
    __rt_final_exit                          0x080000fd   Thumb Code     0  entry11a.o(.ARM.Collect$$$$0000000F)
    Reset_Handler                            0x08000101   Thumb Code     8  startup_stm32f10x_md.o(.text)
    ADC1_2_IRQHandler                        0x0800011b   Thumb Code     0  startup_stm32f10x_md.o(.text)
    CAN1_RX1_IRQHandler                      0x0800011b   Thumb Code     0  startup_stm32f10x_md.o(.text)
    CAN1_SCE_IRQHandler                      0x0800011b   Thumb Code     0  startup_stm32f10x_md.o(.text)
    DMA1_Channel1_IRQHandler                 0x0800011b   Thumb Code     0  startup_stm32f10x_md.o(.text)
    DMA1_Channel2_IRQHandler                 0x0800011b   Thumb Code     0  startup_stm32f10x_md.o(.text)
    DMA1_Channel3_IRQHandler                 0x0800011b   Thumb Code     0  startup_stm32f10x_md.o(.text)
    DMA1_Channel4_IRQHandler                 0x0800011b   Thumb Code     0  startup_stm32f10x_md.o(.text)
    DMA1_Channel5_IRQHandler                 0x0800011b   Thumb Code     0  startup_stm32f10x_md.o(.text)
    DMA1_Channel6_IRQHandler                 0x0800011b   Thumb Code     0  startup_stm32f10x_md.o(.text)
    DMA1_Channel7_IRQHandler                 0x0800011b   Thumb Code     0  startup_stm32f10x_md.o(.text)
    EXTI0_IRQHandler                         0x0800011b   Thumb Code     0  startup_stm32f10x_md.o(.text)
    EXTI15_10_IRQHandler                     0x0800011b   Thumb Code     0  startup_stm32f10x_md.o(.text)
    EXTI1_IRQHandler                         0x0800011b   Thumb Code     0  startup_stm32f10x_md.o(.text)
    EXTI2_IRQHandler                         0x0800011b   Thumb Code     0  startup_stm32f10x_md.o(.text)
    EXTI3_IRQHandler                         0x0800011b   Thumb Code     0  startup_stm32f10x_md.o(.text)
    EXTI4_IRQHandler                         0x0800011b   Thumb Code     0  startup_stm32f10x_md.o(.text)
    EXTI9_5_IRQHandler                       0x0800011b   Thumb Code     0  startup_stm32f10x_md.o(.text)
    FLASH_IRQHandler                         0x0800011b   Thumb Code     0  startup_stm32f10x_md.o(.text)
    I2C1_ER_IRQHandler                       0x0800011b   Thumb Code     0  startup_stm32f10x_md.o(.text)
    I2C1_EV_IRQHandler                       0x0800011b   Thumb Code     0  startup_stm32f10x_md.o(.text)
    I2C2_ER_IRQHandler                       0x0800011b   Thumb Code     0  startup_stm32f10x_md.o(.text)
    I2C2_EV_IRQHandler                       0x0800011b   Thumb Code     0  startup_stm32f10x_md.o(.text)
    PVD_IRQHandler                           0x0800011b   Thumb Code     0  startup_stm32f10x_md.o(.text)
    RCC_IRQHandler                           0x0800011b   Thumb Code     0  startup_stm32f10x_md.o(.text)
    RTCAlarm_IRQHandler                      0x0800011b   Thumb Code     0  startup_stm32f10x_md.o(.text)
    RTC_IRQHandler                           0x0800011b   Thumb Code     0  startup_stm32f10x_md.o(.text)
    SPI1_IRQHandler                          0x0800011b   Thumb Code     0  startup_stm32f10x_md.o(.text)
    SPI2_IRQHandler                          0x0800011b   Thumb Code     0  startup_stm32f10x_md.o(.text)
    TAMPER_IRQHandler                        0x0800011b   Thumb Code     0  startup_stm32f10x_md.o(.text)
    TIM1_BRK_IRQHandler                      0x0800011b   Thumb Code     0  startup_stm32f10x_md.o(.text)
    TIM1_CC_IRQHandler                       0x0800011b   Thumb Code     0  startup_stm32f10x_md.o(.text)
    TIM1_TRG_COM_IRQHandler                  0x0800011b   Thumb Code     0  startup_stm32f10x_md.o(.text)
    TIM1_UP_IRQHandler                       0x0800011b   Thumb Code     0  startup_stm32f10x_md.o(.text)
    TIM2_IRQHandler                          0x0800011b   Thumb Code     0  startup_stm32f10x_md.o(.text)
    TIM4_IRQHandler                          0x0800011b   Thumb Code     0  startup_stm32f10x_md.o(.text)
    USART2_IRQHandler                        0x0800011b   Thumb Code     0  startup_stm32f10x_md.o(.text)
    USART3_IRQHandler                        0x0800011b   Thumb Code     0  startup_stm32f10x_md.o(.text)
    USBWakeUp_IRQHandler                     0x0800011b   Thumb Code     0  startup_stm32f10x_md.o(.text)
    USB_HP_CAN1_TX_IRQHandler                0x0800011b   Thumb Code     0  startup_stm32f10x_md.o(.text)
    USB_LP_CAN1_RX0_IRQHandler               0x0800011b   Thumb Code     0  startup_stm32f10x_md.o(.text)
    WWDG_IRQHandler                          0x0800011b   Thumb Code     0  startup_stm32f10x_md.o(.text)
    __aeabi_memcpy                           0x08000125   Thumb Code    36  memcpya.o(.text)
    __aeabi_memcpy4                          0x08000125   Thumb Code     0  memcpya.o(.text)
    __aeabi_memcpy8                          0x08000125   Thumb Code     0  memcpya.o(.text)
    __aeabi_memset                           0x08000149   Thumb Code    14  memseta.o(.text)
    __aeabi_memset4                          0x08000149   Thumb Code     0  memseta.o(.text)
    __aeabi_memset8                          0x08000149   Thumb Code     0  memseta.o(.text)
    __aeabi_memclr                           0x08000157   Thumb Code     4  memseta.o(.text)
    __aeabi_memclr4                          0x08000157   Thumb Code     0  memseta.o(.text)
    __aeabi_memclr8                          0x08000157   Thumb Code     0  memseta.o(.text)
    _memset$wrapper                          0x0800015b   Thumb Code    18  memseta.o(.text)
    __aeabi_fadd                             0x0800016d   Thumb Code   164  fadd.o(.text)
    __aeabi_fsub                             0x08000211   Thumb Code     6  fadd.o(.text)
    __aeabi_frsub                            0x08000217   Thumb Code     6  fadd.o(.text)
    __aeabi_fmul                             0x0800021d   Thumb Code   100  fmul.o(.text)
    __aeabi_fdiv                             0x08000281   Thumb Code   124  fdiv.o(.text)
    __aeabi_dmul                             0x080002fd   Thumb Code   228  dmul.o(.text)
    __aeabi_ddiv                             0x080003e1   Thumb Code   222  ddiv.o(.text)
    __aeabi_i2f                              0x080004bf   Thumb Code    18  fflti.o(.text)
    __aeabi_ui2f                             0x080004d1   Thumb Code    10  ffltui.o(.text)
    __aeabi_f2iz                             0x080004db   Thumb Code    50  ffixi.o(.text)
    __aeabi_f2uiz                            0x0800050d   Thumb Code    40  ffixui.o(.text)
    __aeabi_f2d                              0x08000535   Thumb Code    38  f2d.o(.text)
    __aeabi_cdrcmple                         0x0800055d   Thumb Code    48  cdrcmple.o(.text)
    __aeabi_d2f                              0x0800058d   Thumb Code    56  d2f.o(.text)
    __aeabi_cfcmpeq                          0x080005c5   Thumb Code     0  cfcmple.o(.text)
    __aeabi_cfcmple                          0x080005c5   Thumb Code    20  cfcmple.o(.text)
    __aeabi_cfrcmple                         0x080005d9   Thumb Code    20  cfrcmple.o(.text)
    __aeabi_uidiv                            0x080005ed   Thumb Code     0  uidiv.o(.text)
    __aeabi_uidivmod                         0x080005ed   Thumb Code    44  uidiv.o(.text)
    __aeabi_uldivmod                         0x08000619   Thumb Code    98  uldiv.o(.text)
    __I$use$fp                               0x0800067b   Thumb Code     0  iusefp.o(.text)
    _float_round                             0x0800067b   Thumb Code    18  fepilogue.o(.text)
    _float_epilogue                          0x0800068d   Thumb Code    92  fepilogue.o(.text)
    __ARM_scalbnf                            0x080006e9   Thumb Code    24  fscalb.o(.text)
    scalbnf                                  0x080006e9   Thumb Code     0  fscalb.o(.text)
    _double_round                            0x08000701   Thumb Code    30  depilogue.o(.text)
    _double_epilogue                         0x0800071f   Thumb Code   156  depilogue.o(.text)
    __aeabi_dadd                             0x080007bb   Thumb Code   322  dadd.o(.text)
    __aeabi_dsub                             0x080008fd   Thumb Code     6  dadd.o(.text)
    __aeabi_drsub                            0x08000903   Thumb Code     6  dadd.o(.text)
    _dsqrt                                   0x08000909   Thumb Code   162  dsqrt.o(.text)
    __aeabi_d2ulz                            0x080009ab   Thumb Code    48  dfixul.o(.text)
    __scatterload                            0x080009dd   Thumb Code    28  init.o(.text)
    __scatterload_rt2                        0x080009dd   Thumb Code     0  init.o(.text)
    __aeabi_llsl                             0x08000a01   Thumb Code    30  llshl.o(.text)
    _ll_shift_l                              0x08000a01   Thumb Code     0  llshl.o(.text)
    __aeabi_llsr                             0x08000a1f   Thumb Code    32  llushr.o(.text)
    _ll_ushift_r                             0x08000a1f   Thumb Code     0  llushr.o(.text)
    __aeabi_lasr                             0x08000a3f   Thumb Code    36  llsshr.o(.text)
    _ll_sshift_r                             0x08000a3f   Thumb Code     0  llsshr.o(.text)
    _fsqrt                                   0x08000a63   Thumb Code    94  fsqrt.o(.text)
    AK8963_GetID                             0x08000ac1   Thumb Code    10  mpu9250.o(i.AK8963_GetID)
    AK8963_ReadReg                           0x08000acd   Thumb Code   138  mpu9250.o(i.AK8963_ReadReg)
    AK8963_WriteReg                          0x08000b65   Thumb Code    86  mpu9250.o(i.AK8963_WriteReg)
    ANO_DT_Data_Exchange                     0x08000bc9   Thumb Code   532  serial.o(i.ANO_DT_Data_Exchange)
    ANO_DT_Data_Receive_Anl                  0x08000e21   Thumb Code   210  serial.o(i.ANO_DT_Data_Receive_Anl)
    ANO_DT_Data_Receive_Prepare              0x08000efd   Thumb Code   216  serial.o(i.ANO_DT_Data_Receive_Prepare)
    ANO_DT_Send_Data                         0x0800102d   Thumb Code    16  serial.o(i.ANO_DT_Send_Data)
    ANO_DT_Send_PID                          0x0800103d   Thumb Code   514  serial.o(i.ANO_DT_Send_PID)
    ANO_DT_Send_Senser                       0x08001249   Thumb Code   374  serial.o(i.ANO_DT_Send_Senser)
    ANO_DT_Send_Status                       0x080013c5   Thumb Code   318  serial.o(i.ANO_DT_Send_Status)
    BusFault_Handler                         0x0800150d   Thumb Code     4  stm32f10x_it.o(i.BusFault_Handler)
    Data_Send_AngleRate                      0x08001511   Thumb Code   566  serial.o(i.Data_Send_AngleRate)
    DebugMon_Handler                         0x0800174d   Thumb Code     2  stm32f10x_it.o(i.DebugMon_Handler)
    Delay_ms                                 0x0800174f   Thumb Code    24  delay.o(i.Delay_ms)
    Delay_us                                 0x08001767   Thumb Code    46  delay.o(i.Delay_us)
    GPIO_Init                                0x08001795   Thumb Code   278  stm32f10x_gpio.o(i.GPIO_Init)
    GPIO_WriteBit                            0x080018ab   Thumb Code    10  stm32f10x_gpio.o(i.GPIO_WriteBit)
    Get_Remote_Control                       0x080018b5   Thumb Code    80  ic.o(i.Get_Remote_Control)
    HardFault_Handler                        0x08001911   Thumb Code     4  stm32f10x_it.o(i.HardFault_Handler)
    I2C_AcknowledgeConfig                    0x08001915   Thumb Code    24  stm32f10x_i2c.o(i.I2C_AcknowledgeConfig)
    I2C_CheckEvent                           0x0800192d   Thumb Code    42  stm32f10x_i2c.o(i.I2C_CheckEvent)
    I2C_Cmd                                  0x08001957   Thumb Code    24  stm32f10x_i2c.o(i.I2C_Cmd)
    I2C_GenerateSTART                        0x0800196f   Thumb Code    24  stm32f10x_i2c.o(i.I2C_GenerateSTART)
    I2C_GenerateSTOP                         0x08001987   Thumb Code    24  stm32f10x_i2c.o(i.I2C_GenerateSTOP)
    I2C_Init                                 0x080019a1   Thumb Code   222  stm32f10x_i2c.o(i.I2C_Init)
    I2C_ReceiveData                          0x08001a8d   Thumb Code     8  stm32f10x_i2c.o(i.I2C_ReceiveData)
    I2C_Send7bitAddress                      0x08001a95   Thumb Code    18  stm32f10x_i2c.o(i.I2C_Send7bitAddress)
    I2C_SendData                             0x08001aa7   Thumb Code     4  stm32f10x_i2c.o(i.I2C_SendData)
    IC_Init                                  0x08001aad   Thumb Code   388  ic.o(i.IC_Init)
    LED_Init                                 0x08001c41   Thumb Code    38  led.o(i.LED_Init)
    MPU9250_Calibrate                        0x08001c6d   Thumb Code   428  mpu9250.o(i.MPU9250_Calibrate)
    MPU9250_Calibrate_Calculate              0x08001e41   Thumb Code   382  mpu9250.o(i.MPU9250_Calibrate_Calculate)
    MPU9250_GetData_continuous               0x08001fc1   Thumb Code   440  mpu9250.o(i.MPU9250_GetData_continuous)
    MPU9250_Init                             0x08002185   Thumb Code   420  mpu9250.o(i.MPU9250_Init)
    MPU9250_Mag_Calibrate_PrepareData        0x08002341   Thumb Code   232  mpu9250.o(i.MPU9250_Mag_Calibrate_PrepareData)
    MPU9250_Offset_Calibrate                 0x08002449   Thumb Code   264  mpu9250.o(i.MPU9250_Offset_Calibrate)
    MPU9250_WaitEvent                        0x08002575   Thumb Code    34  mpu9250.o(i.MPU9250_WaitEvent)
    MPU9250_WriteReg                         0x08002599   Thumb Code    86  mpu9250.o(i.MPU9250_WriteReg)
    MahonyAHRSupdate                         0x080025fd   Thumb Code  1790  mahonyahrs.o(i.MahonyAHRSupdate)
    MahonyAHRSupdateIMU                      0x08002d21   Thumb Code   984  mahonyahrs.o(i.MahonyAHRSupdateIMU)
    Make6_1Matrix                            0x08003125   Thumb Code    14  matrix.o(i.Make6_1Matrix)
    MakeMat                                  0x08003133   Thumb Code    38  matrix.o(i.MakeMat)
    Matrix6_1_Multiply                       0x08003159   Thumb Code    76  matrix.o(i.Matrix6_1_Multiply)
    Matrix_Multiply                          0x080031a5   Thumb Code   106  matrix.o(i.Matrix_Multiply)
    Matrix_Transpose                         0x0800320f   Thumb Code    56  matrix.o(i.Matrix_Transpose)
    Matrix_input                             0x08003247   Thumb Code   172  matrix.o(i.Matrix_input)
    Matrix_inverse                           0x080032f5   Thumb Code   560  matrix.o(i.Matrix_inverse)
    MemManage_Handler                        0x0800352d   Thumb Code     4  stm32f10x_it.o(i.MemManage_Handler)
    NMI_Handler                              0x08003531   Thumb Code     2  stm32f10x_it.o(i.NMI_Handler)
    NVIC_Init                                0x08003535   Thumb Code   100  misc.o(i.NVIC_Init)
    NVIC_PriorityGroupConfig                 0x080035a5   Thumb Code    10  misc.o(i.NVIC_PriorityGroupConfig)
    OLED_Clear                               0x080035b9   Thumb Code    42  oled.o(i.OLED_Clear)
    OLED_I2C_Init                            0x080035e5   Thumb Code    72  oled.o(i.OLED_I2C_Init)
    OLED_I2C_SendByte                        0x08003631   Thumb Code    74  oled.o(i.OLED_I2C_SendByte)
    OLED_I2C_Start                           0x08003681   Thumb Code    44  oled.o(i.OLED_I2C_Start)
    OLED_I2C_Stop                            0x080036b1   Thumb Code    34  oled.o(i.OLED_I2C_Stop)
    OLED_Init                                0x080036d9   Thumb Code   174  oled.o(i.OLED_Init)
    OLED_Pow                                 0x08003787   Thumb Code    20  oled.o(i.OLED_Pow)
    OLED_SetCursor                           0x0800379b   Thumb Code    34  oled.o(i.OLED_SetCursor)
    OLED_ShowChar                            0x080037bd   Thumb Code   110  oled.o(i.OLED_ShowChar)
    OLED_ShowSignedNum                       0x08003831   Thumb Code   102  oled.o(i.OLED_ShowSignedNum)
    OLED_WriteCommand                        0x08003897   Thumb Code    32  oled.o(i.OLED_WriteCommand)
    OLED_WriteData                           0x080038b7   Thumb Code    32  oled.o(i.OLED_WriteData)
    PID_Init                                 0x080038d7   Thumb Code    18  pid.o(i.PID_Init)
    PWM_Init                                 0x080038e9   Thumb Code   176  pwm.o(i.PWM_Init)
    PendSV_Handler                           0x0800399d   Thumb Code     2  stm32f10x_it.o(i.PendSV_Handler)
    RCC_APB1PeriphClockCmd                   0x080039a1   Thumb Code    26  stm32f10x_rcc.o(i.RCC_APB1PeriphClockCmd)
    RCC_APB2PeriphClockCmd                   0x080039c1   Thumb Code    26  stm32f10x_rcc.o(i.RCC_APB2PeriphClockCmd)
    RCC_GetClocksFreq                        0x080039e1   Thumb Code   192  stm32f10x_rcc.o(i.RCC_GetClocksFreq)
    READ_MPU9250_MAG                         0x08003ab5   Thumb Code   346  mpu9250.o(i.READ_MPU9250_MAG)
    SVC_Handler                              0x08003c29   Thumb Code     2  stm32f10x_it.o(i.SVC_Handler)
    Serial_Init                              0x08003c2d   Thumb Code   172  serial.o(i.Serial_Init)
    Serial_SendArray                         0x08003ce5   Thumb Code    26  serial.o(i.Serial_SendArray)
    Serial_SendByte                          0x08003d01   Thumb Code    28  serial.o(i.Serial_SendByte)
    SysTick_Handler                          0x08003e09   Thumb Code     2  stm32f10x_it.o(i.SysTick_Handler)
    SystemInit                               0x08003e0d   Thumb Code    78  system_stm32f10x.o(i.SystemInit)
    TIM3_IRQHandler                          0x080040ad   Thumb Code    92  main.o(i.TIM3_IRQHandler)
    TIM_ClearFlag                            0x0800411d   Thumb Code     6  stm32f10x_tim.o(i.TIM_ClearFlag)
    TIM_ClearITPendingBit                    0x08004123   Thumb Code     6  stm32f10x_tim.o(i.TIM_ClearITPendingBit)
    TIM_Cmd                                  0x08004129   Thumb Code    24  stm32f10x_tim.o(i.TIM_Cmd)
    TIM_GetCapture2                          0x08004141   Thumb Code     6  stm32f10x_tim.o(i.TIM_GetCapture2)
    TIM_GetCapture3                          0x08004147   Thumb Code     6  stm32f10x_tim.o(i.TIM_GetCapture3)
    TIM_GetCapture4                          0x0800414d   Thumb Code     8  stm32f10x_tim.o(i.TIM_GetCapture4)
    TIM_GetITStatus                          0x08004155   Thumb Code    34  stm32f10x_tim.o(i.TIM_GetITStatus)
    TIM_ICInit                               0x08004179   Thumb Code   150  stm32f10x_tim.o(i.TIM_ICInit)
    TIM_ITConfig                             0x08004225   Thumb Code    18  stm32f10x_tim.o(i.TIM_ITConfig)
    TIM_InternalClockConfig                  0x08004237   Thumb Code    12  stm32f10x_tim.o(i.TIM_InternalClockConfig)
    TIM_OC1Init                              0x08004245   Thumb Code   132  stm32f10x_tim.o(i.TIM_OC1Init)
    TIM_OC2Init                              0x080042dd   Thumb Code   154  stm32f10x_tim.o(i.TIM_OC2Init)
    TIM_OC3Init                              0x08004381   Thumb Code   150  stm32f10x_tim.o(i.TIM_OC3Init)
    TIM_OC4Init                              0x08004421   Thumb Code   114  stm32f10x_tim.o(i.TIM_OC4Init)
    TIM_OCStructInit                         0x0800449d   Thumb Code    20  stm32f10x_tim.o(i.TIM_OCStructInit)
    TIM_PWMIConfig                           0x080044b1   Thumb Code   124  stm32f10x_tim.o(i.TIM_PWMIConfig)
    TIM_SelectInputTrigger                   0x0800452d   Thumb Code    18  stm32f10x_tim.o(i.TIM_SelectInputTrigger)
    TIM_SelectSlaveMode                      0x0800453f   Thumb Code    18  stm32f10x_tim.o(i.TIM_SelectSlaveMode)
    TIM_SetIC1Prescaler                      0x08004551   Thumb Code    18  stm32f10x_tim.o(i.TIM_SetIC1Prescaler)
    TIM_SetIC2Prescaler                      0x08004563   Thumb Code    26  stm32f10x_tim.o(i.TIM_SetIC2Prescaler)
    TIM_SetIC3Prescaler                      0x0800457d   Thumb Code    18  stm32f10x_tim.o(i.TIM_SetIC3Prescaler)
    TIM_SetIC4Prescaler                      0x0800458f   Thumb Code    26  stm32f10x_tim.o(i.TIM_SetIC4Prescaler)
    TIM_TimeBaseInit                         0x080045a9   Thumb Code   122  stm32f10x_tim.o(i.TIM_TimeBaseInit)
    Timer_Init                               0x0800464d   Thumb Code   120  timer.o(i.Timer_Init)
    USART1_IRQHandler                        0x080046c9   Thumb Code    52  serial.o(i.USART1_IRQHandler)
    USART_ClearITPendingBit                  0x08004709   Thumb Code    30  stm32f10x_usart.o(i.USART_ClearITPendingBit)
    USART_Cmd                                0x08004727   Thumb Code    24  stm32f10x_usart.o(i.USART_Cmd)
    USART_GetFlagStatus                      0x0800473f   Thumb Code    26  stm32f10x_usart.o(i.USART_GetFlagStatus)
    USART_GetITStatus                        0x08004759   Thumb Code    84  stm32f10x_usart.o(i.USART_GetITStatus)
    USART_ITConfig                           0x080047ad   Thumb Code    74  stm32f10x_usart.o(i.USART_ITConfig)
    USART_Init                               0x080047f9   Thumb Code   210  stm32f10x_usart.o(i.USART_Init)
    USART_ReceiveData                        0x080048d1   Thumb Code    10  stm32f10x_usart.o(i.USART_ReceiveData)
    USART_SendData                           0x080048db   Thumb Code     8  stm32f10x_usart.o(i.USART_SendData)
    UsageFault_Handler                       0x080048e3   Thumb Code     4  stm32f10x_it.o(i.UsageFault_Handler)
    __0printf                                0x080048e9   Thumb Code    22  printfa.o(i.__0printf)
    __1printf                                0x080048e9   Thumb Code     0  printfa.o(i.__0printf)
    __2printf                                0x080048e9   Thumb Code     0  printfa.o(i.__0printf)
    __c89printf                              0x080048e9   Thumb Code     0  printfa.o(i.__0printf)
    printf                                   0x080048e9   Thumb Code     0  printfa.o(i.__0printf)
    __ARM_fpclassifyf                        0x08004909   Thumb Code    38  fpclassifyf.o(i.__ARM_fpclassifyf)
    __mathlib_flt_infnan                     0x0800492f   Thumb Code     6  funder.o(i.__mathlib_flt_infnan)
    __mathlib_flt_infnan2                    0x08004935   Thumb Code     4  funder.o(i.__mathlib_flt_infnan2)
    __mathlib_flt_invalid                    0x08004939   Thumb Code     8  funder.o(i.__mathlib_flt_invalid)
    __mathlib_flt_underflow                  0x08004941   Thumb Code    10  funder.o(i.__mathlib_flt_underflow)
    __scatterload_copy                       0x0800494b   Thumb Code    14  handlers.o(i.__scatterload_copy)
    __scatterload_null                       0x08004959   Thumb Code     2  handlers.o(i.__scatterload_null)
    __scatterload_zeroinit                   0x0800495b   Thumb Code    14  handlers.o(i.__scatterload_zeroinit)
    __set_errno                              0x08004969   Thumb Code     6  errno.o(i.__set_errno)
    asinf                                    0x08005229   Thumb Code   254  asinf.o(i.asinf)
    atan2f                                   0x0800534d   Thumb Code   528  atan2f.o(i.atan2f)
    fputc                                    0x080055a9   Thumb Code    16  serial.o(i.fputc)
    free                                     0x080055b9   Thumb Code    76  malloc.o(i.free)
    free_Matrix                              0x08005609   Thumb Code    30  matrix.o(i.free_Matrix)
    invSqrt                                  0x08005629   Thumb Code    72  mahonyahrs.o(i.invSqrt)
    main                                     0x08005675   Thumb Code   680  main.o(i.main)
    malloc                                   0x08005975   Thumb Code    92  malloc.o(i.malloc)
    sqrt                                     0x080059e1   Thumb Code    76  sqrt.o(i.sqrt)
    sqrtf                                    0x08005a2d   Thumb Code    44  sqrtf.o(i.sqrtf)
    OLED_F8x16                               0x08005a58   Data        1520  oled.o(.constdata)
    Region$$Table$$Base                      0x08006048   Number         0  anon$$obj.o(Region$$Table)
    Region$$Table$$Limit                     0x08006068   Number         0  anon$$obj.o(Region$$Table)
    ID                                       0x20000014   Data           1  main.o(.data)
    imu_Flag                                 0x20000015   Data           1  main.o(.data)
    serial_flag                              0x20000016   Data           1  main.o(.data)
    AX                                       0x20000018   Data           2  main.o(.data)
    AY                                       0x2000001a   Data           2  main.o(.data)
    AZ                                       0x2000001c   Data           2  main.o(.data)
    GX                                       0x2000001e   Data           2  main.o(.data)
    GY                                       0x20000020   Data           2  main.o(.data)
    GZ                                       0x20000022   Data           2  main.o(.data)
    a12                                      0x20000024   Data           4  main.o(.data)
    a22                                      0x20000028   Data           4  main.o(.data)
    a31                                      0x2000002c   Data           4  main.o(.data)
    a32                                      0x20000030   Data           4  main.o(.data)
    a33                                      0x20000034   Data           4  main.o(.data)
    twoKp                                    0x2000003c   Data           4  mahonyahrs.o(.data)
    twoKi                                    0x20000040   Data           4  mahonyahrs.o(.data)
    q0                                       0x20000044   Data           4  mahonyahrs.o(.data)
    q1                                       0x20000048   Data           4  mahonyahrs.o(.data)
    q2                                       0x2000004c   Data           4  mahonyahrs.o(.data)
    q3                                       0x20000050   Data           4  mahonyahrs.o(.data)
    integralFBx                              0x20000054   Data           4  mahonyahrs.o(.data)
    integralFBy                              0x20000058   Data           4  mahonyahrs.o(.data)
    integralFBz                              0x2000005c   Data           4  mahonyahrs.o(.data)
    Remote_Control_Structure                 0x20000060   Data           8  ic.o(.data)
    Serial_RxData                            0x20000068   Data           1  serial.o(.data)
    Serial_RxFlag                            0x20000069   Data           1  serial.o(.data)
    flag                                     0x2000006a   Data           1  serial.o(.data)
    Offset_Structure                         0x20000074   Data          12  mpu9250.o(.data)
    x_axis                                   0x20000080   Data           1  mpu9250.o(.data)
    y_axis                                   0x20000081   Data           1  mpu9250.o(.data)
    z_axis                                   0x20000082   Data           1  mpu9250.o(.data)
    MPU9250_Mag_Calibrate_flag               0x20000083   Data           1  mpu9250.o(.data)
    MPU9250_Acc_Gryo_Calibrate_flag          0x20000084   Data           1  mpu9250.o(.data)
    Calibrate_Structure_Mag                  0x20000088   Data          24  mpu9250.o(.data)
    __stdout                                 0x200000c0   Data           4  stdout.o(.data)
    __microlib_freelist                      0x200000c4   Data           4  mvars.o(.data)
    __microlib_freelist_initialised          0x200000c8   Data           4  mvars.o(.data)
    PID_Structure                            0x200000d0   Data          36  main.o(.bss)
    Attitude_Structure                       0x200000f4   Data          12  mahonyahrs.o(.bss)
    f                                        0x20000100   Data          10  serial.o(.bss)
    data_to_send                             0x2000010a   Data          50  serial.o(.bss)
    Result_Structure                         0x20000170   Data          36  mpu9250.o(.bss)
    IMU_Structure                            0x20000194   Data          20  mpu9250.o(.bss)
    __heap_base                              0x200001f0   Data           0  startup_stm32f10x_md.o(HEAP)
    __heap_limit                             0x200011ef   Data           0  startup_stm32f10x_md.o(HEAP)
    __initial_sp                             0x200015f0   Data           0  startup_stm32f10x_md.o(STACK)



==============================================================================

Memory Map of the image

  Image Entry point : 0x080000ed

  Load Region LR_IROM1 (Base: 0x08000000, Size: 0x00006138, Max: 0x00010000, ABSOLUTE)

    Execution Region ER_IROM1 (Exec base: 0x08000000, Load base: 0x08000000, Size: 0x00006068, Max: 0x00010000, ABSOLUTE)

    Exec Addr    Load Addr    Size         Type   Attr      Idx    E Section Name        Object

    0x08000000   0x08000000   0x000000ec   Data   RO            3    RESET               startup_stm32f10x_md.o
    0x080000ec   0x080000ec   0x00000000   Code   RO         3975  * .ARM.Collect$$$$00000000  mc_w.l(entry.o)
    0x080000ec   0x080000ec   0x00000004   Code   RO         4325    .ARM.Collect$$$$00000001  mc_w.l(entry2.o)
    0x080000f0   0x080000f0   0x00000004   Code   RO         4328    .ARM.Collect$$$$00000004  mc_w.l(entry5.o)
    0x080000f4   0x080000f4   0x00000000   Code   RO         4330    .ARM.Collect$$$$00000008  mc_w.l(entry7b.o)
    0x080000f4   0x080000f4   0x00000000   Code   RO         4332    .ARM.Collect$$$$0000000A  mc_w.l(entry8b.o)
    0x080000f4   0x080000f4   0x00000008   Code   RO         4333    .ARM.Collect$$$$0000000B  mc_w.l(entry9a.o)
    0x080000fc   0x080000fc   0x00000000   Code   RO         4335    .ARM.Collect$$$$0000000D  mc_w.l(entry10a.o)
    0x080000fc   0x080000fc   0x00000000   Code   RO         4337    .ARM.Collect$$$$0000000F  mc_w.l(entry11a.o)
    0x080000fc   0x080000fc   0x00000004   Code   RO         4326    .ARM.Collect$$$$00002712  mc_w.l(entry2.o)
    0x08000100   0x08000100   0x00000024   Code   RO            4    .text               startup_stm32f10x_md.o
    0x08000124   0x08000124   0x00000024   Code   RO         3978    .text               mc_w.l(memcpya.o)
    0x08000148   0x08000148   0x00000024   Code   RO         3980    .text               mc_w.l(memseta.o)
    0x0800016c   0x0800016c   0x000000b0   Code   RO         4273    .text               mf_w.l(fadd.o)
    0x0800021c   0x0800021c   0x00000064   Code   RO         4275    .text               mf_w.l(fmul.o)
    0x08000280   0x08000280   0x0000007c   Code   RO         4277    .text               mf_w.l(fdiv.o)
    0x080002fc   0x080002fc   0x000000e4   Code   RO         4279    .text               mf_w.l(dmul.o)
    0x080003e0   0x080003e0   0x000000de   Code   RO         4281    .text               mf_w.l(ddiv.o)
    0x080004be   0x080004be   0x00000012   Code   RO         4283    .text               mf_w.l(fflti.o)
    0x080004d0   0x080004d0   0x0000000a   Code   RO         4285    .text               mf_w.l(ffltui.o)
    0x080004da   0x080004da   0x00000032   Code   RO         4287    .text               mf_w.l(ffixi.o)
    0x0800050c   0x0800050c   0x00000028   Code   RO         4289    .text               mf_w.l(ffixui.o)
    0x08000534   0x08000534   0x00000026   Code   RO         4291    .text               mf_w.l(f2d.o)
    0x0800055a   0x0800055a   0x00000002   PAD
    0x0800055c   0x0800055c   0x00000030   Code   RO         4293    .text               mf_w.l(cdrcmple.o)
    0x0800058c   0x0800058c   0x00000038   Code   RO         4295    .text               mf_w.l(d2f.o)
    0x080005c4   0x080005c4   0x00000014   Code   RO         4297    .text               mf_w.l(cfcmple.o)
    0x080005d8   0x080005d8   0x00000014   Code   RO         4299    .text               mf_w.l(cfrcmple.o)
    0x080005ec   0x080005ec   0x0000002c   Code   RO         4340    .text               mc_w.l(uidiv.o)
    0x08000618   0x08000618   0x00000062   Code   RO         4342    .text               mc_w.l(uldiv.o)
    0x0800067a   0x0800067a   0x00000000   Code   RO         4353    .text               mc_w.l(iusefp.o)
    0x0800067a   0x0800067a   0x0000006e   Code   RO         4354    .text               mf_w.l(fepilogue.o)
    0x080006e8   0x080006e8   0x00000018   Code   RO         4356    .text               mf_w.l(fscalb.o)
    0x08000700   0x08000700   0x000000ba   Code   RO         4358    .text               mf_w.l(depilogue.o)
    0x080007ba   0x080007ba   0x0000014e   Code   RO         4360    .text               mf_w.l(dadd.o)
    0x08000908   0x08000908   0x000000a2   Code   RO         4362    .text               mf_w.l(dsqrt.o)
    0x080009aa   0x080009aa   0x00000030   Code   RO         4364    .text               mf_w.l(dfixul.o)
    0x080009da   0x080009da   0x00000002   PAD
    0x080009dc   0x080009dc   0x00000024   Code   RO         4368    .text               mc_w.l(init.o)
    0x08000a00   0x08000a00   0x0000001e   Code   RO         4370    .text               mc_w.l(llshl.o)
    0x08000a1e   0x08000a1e   0x00000020   Code   RO         4372    .text               mc_w.l(llushr.o)
    0x08000a3e   0x08000a3e   0x00000024   Code   RO         4374    .text               mc_w.l(llsshr.o)
    0x08000a62   0x08000a62   0x0000005e   Code   RO         4376    .text               mf_w.l(fsqrt.o)
    0x08000ac0   0x08000ac0   0x0000000a   Code   RO         3759    i.AK8963_GetID      mpu9250.o
    0x08000aca   0x08000aca   0x00000002   PAD
    0x08000acc   0x08000acc   0x00000098   Code   RO         3760    i.AK8963_ReadReg    mpu9250.o
    0x08000b64   0x08000b64   0x00000064   Code   RO         3761    i.AK8963_WriteReg   mpu9250.o
    0x08000bc8   0x08000bc8   0x00000258   Code   RO         3572    i.ANO_DT_Data_Exchange  serial.o
    0x08000e20   0x08000e20   0x000000dc   Code   RO         3573    i.ANO_DT_Data_Receive_Anl  serial.o
    0x08000efc   0x08000efc   0x000000e8   Code   RO         3574    i.ANO_DT_Data_Receive_Prepare  serial.o
    0x08000fe4   0x08000fe4   0x00000048   Code   RO         3575    i.ANO_DT_Send_Check  serial.o
    0x0800102c   0x0800102c   0x00000010   Code   RO         3576    i.ANO_DT_Send_Data  serial.o
    0x0800103c   0x0800103c   0x0000020c   Code   RO         3578    i.ANO_DT_Send_PID   serial.o
    0x08001248   0x08001248   0x0000017c   Code   RO         3581    i.ANO_DT_Send_Senser  serial.o
    0x080013c4   0x080013c4   0x00000148   Code   RO         3582    i.ANO_DT_Send_Status  serial.o
    0x0800150c   0x0800150c   0x00000004   Code   RO         3265    i.BusFault_Handler  stm32f10x_it.o
    0x08001510   0x08001510   0x0000023c   Code   RO         3583    i.Data_Send_AngleRate  serial.o
    0x0800174c   0x0800174c   0x00000002   Code   RO         3266    i.DebugMon_Handler  stm32f10x_it.o
    0x0800174e   0x0800174e   0x00000018   Code   RO         3391    i.Delay_ms          delay.o
    0x08001766   0x08001766   0x0000002e   Code   RO         3393    i.Delay_us          delay.o
    0x08001794   0x08001794   0x00000116   Code   RO         1347    i.GPIO_Init         stm32f10x_gpio.o
    0x080018aa   0x080018aa   0x0000000a   Code   RO         1358    i.GPIO_WriteBit     stm32f10x_gpio.o
    0x080018b4   0x080018b4   0x0000005c   Code   RO         3547    i.Get_Remote_Control  ic.o
    0x08001910   0x08001910   0x00000004   Code   RO         3267    i.HardFault_Handler  stm32f10x_it.o
    0x08001914   0x08001914   0x00000018   Code   RO         1459    i.I2C_AcknowledgeConfig  stm32f10x_i2c.o
    0x0800192c   0x0800192c   0x0000002a   Code   RO         1461    i.I2C_CheckEvent    stm32f10x_i2c.o
    0x08001956   0x08001956   0x00000018   Code   RO         1464    i.I2C_Cmd           stm32f10x_i2c.o
    0x0800196e   0x0800196e   0x00000018   Code   RO         1471    i.I2C_GenerateSTART  stm32f10x_i2c.o
    0x08001986   0x08001986   0x00000018   Code   RO         1472    i.I2C_GenerateSTOP  stm32f10x_i2c.o
    0x0800199e   0x0800199e   0x00000002   PAD
    0x080019a0   0x080019a0   0x000000ec   Code   RO         1478    i.I2C_Init          stm32f10x_i2c.o
    0x08001a8c   0x08001a8c   0x00000008   Code   RO         1483    i.I2C_ReceiveData   stm32f10x_i2c.o
    0x08001a94   0x08001a94   0x00000012   Code   RO         1485    i.I2C_Send7bitAddress  stm32f10x_i2c.o
    0x08001aa6   0x08001aa6   0x00000004   Code   RO         1486    i.I2C_SendData      stm32f10x_i2c.o
    0x08001aaa   0x08001aaa   0x00000002   PAD
    0x08001aac   0x08001aac   0x00000194   Code   RO         3548    i.IC_Init           ic.o
    0x08001c40   0x08001c40   0x0000002c   Code   RO         3879    i.LED_Init          led.o
    0x08001c6c   0x08001c6c   0x000001d4   Code   RO         3762    i.MPU9250_Calibrate  mpu9250.o
    0x08001e40   0x08001e40   0x0000017e   Code   RO         3763    i.MPU9250_Calibrate_Calculate  mpu9250.o
    0x08001fbe   0x08001fbe   0x00000002   PAD
    0x08001fc0   0x08001fc0   0x000001c4   Code   RO         3765    i.MPU9250_GetData_continuous  mpu9250.o
    0x08002184   0x08002184   0x000001bc   Code   RO         3767    i.MPU9250_Init      mpu9250.o
    0x08002340   0x08002340   0x00000108   Code   RO         3768    i.MPU9250_Mag_Calibrate_PrepareData  mpu9250.o
    0x08002448   0x08002448   0x0000012c   Code   RO         3769    i.MPU9250_Offset_Calibrate  mpu9250.o
    0x08002574   0x08002574   0x00000022   Code   RO         3771    i.MPU9250_WaitEvent  mpu9250.o
    0x08002596   0x08002596   0x00000002   PAD
    0x08002598   0x08002598   0x00000064   Code   RO         3772    i.MPU9250_WriteReg  mpu9250.o
    0x080025fc   0x080025fc   0x00000724   Code   RO         3352    i.MahonyAHRSupdate  mahonyahrs.o
    0x08002d20   0x08002d20   0x00000404   Code   RO         3353    i.MahonyAHRSupdateIMU  mahonyahrs.o
    0x08003124   0x08003124   0x0000000e   Code   RO         3891    i.Make6_1Matrix     matrix.o
    0x08003132   0x08003132   0x00000026   Code   RO         3892    i.MakeMat           matrix.o
    0x08003158   0x08003158   0x0000004c   Code   RO         3893    i.Matrix6_1_Multiply  matrix.o
    0x080031a4   0x080031a4   0x0000006a   Code   RO         3894    i.Matrix_Multiply   matrix.o
    0x0800320e   0x0800320e   0x00000038   Code   RO         3895    i.Matrix_Transpose  matrix.o
    0x08003246   0x08003246   0x000000ac   Code   RO         3896    i.Matrix_input      matrix.o
    0x080032f2   0x080032f2   0x00000002   PAD
    0x080032f4   0x080032f4   0x00000238   Code   RO         3897    i.Matrix_inverse    matrix.o
    0x0800352c   0x0800352c   0x00000004   Code   RO         3268    i.MemManage_Handler  stm32f10x_it.o
    0x08003530   0x08003530   0x00000002   Code   RO         3269    i.NMI_Handler       stm32f10x_it.o
    0x08003532   0x08003532   0x00000002   PAD
    0x08003534   0x08003534   0x00000070   Code   RO          137    i.NVIC_Init         misc.o
    0x080035a4   0x080035a4   0x00000014   Code   RO          138    i.NVIC_PriorityGroupConfig  misc.o
    0x080035b8   0x080035b8   0x0000002a   Code   RO         3439    i.OLED_Clear        oled.o
    0x080035e2   0x080035e2   0x00000002   PAD
    0x080035e4   0x080035e4   0x0000004c   Code   RO         3440    i.OLED_I2C_Init     oled.o
    0x08003630   0x08003630   0x00000050   Code   RO         3441    i.OLED_I2C_SendByte  oled.o
    0x08003680   0x08003680   0x00000030   Code   RO         3442    i.OLED_I2C_Start    oled.o
    0x080036b0   0x080036b0   0x00000028   Code   RO         3443    i.OLED_I2C_Stop     oled.o
    0x080036d8   0x080036d8   0x000000ae   Code   RO         3444    i.OLED_Init         oled.o
    0x08003786   0x08003786   0x00000014   Code   RO         3445    i.OLED_Pow          oled.o
    0x0800379a   0x0800379a   0x00000022   Code   RO         3446    i.OLED_SetCursor    oled.o
    0x080037bc   0x080037bc   0x00000074   Code   RO         3448    i.OLED_ShowChar     oled.o
    0x08003830   0x08003830   0x00000066   Code   RO         3451    i.OLED_ShowSignedNum  oled.o
    0x08003896   0x08003896   0x00000020   Code   RO         3453    i.OLED_WriteCommand  oled.o
    0x080038b6   0x080038b6   0x00000020   Code   RO         3454    i.OLED_WriteData    oled.o
    0x080038d6   0x080038d6   0x00000012   Code   RO         3330    i.PID_Init          pid.o
    0x080038e8   0x080038e8   0x000000b4   Code   RO         3735    i.PWM_Init          pwm.o
    0x0800399c   0x0800399c   0x00000002   Code   RO         3270    i.PendSV_Handler    stm32f10x_it.o
    0x0800399e   0x0800399e   0x00000002   PAD
    0x080039a0   0x080039a0   0x00000020   Code   RO         1775    i.RCC_APB1PeriphClockCmd  stm32f10x_rcc.o
    0x080039c0   0x080039c0   0x00000020   Code   RO         1777    i.RCC_APB2PeriphClockCmd  stm32f10x_rcc.o
    0x080039e0   0x080039e0   0x000000d4   Code   RO         1785    i.RCC_GetClocksFreq  stm32f10x_rcc.o
    0x08003ab4   0x08003ab4   0x00000174   Code   RO         3773    i.READ_MPU9250_MAG  mpu9250.o
    0x08003c28   0x08003c28   0x00000002   Code   RO         3271    i.SVC_Handler       stm32f10x_it.o
    0x08003c2a   0x08003c2a   0x00000002   PAD
    0x08003c2c   0x08003c2c   0x000000b8   Code   RO         3586    i.Serial_Init       serial.o
    0x08003ce4   0x08003ce4   0x0000001a   Code   RO         3588    i.Serial_SendArray  serial.o
    0x08003cfe   0x08003cfe   0x00000002   PAD
    0x08003d00   0x08003d00   0x00000020   Code   RO         3589    i.Serial_SendByte   serial.o
    0x08003d20   0x08003d20   0x00000008   Code   RO           24    i.SetSysClock       system_stm32f10x.o
    0x08003d28   0x08003d28   0x000000e0   Code   RO           25    i.SetSysClockTo72   system_stm32f10x.o
    0x08003e08   0x08003e08   0x00000002   Code   RO         3272    i.SysTick_Handler   stm32f10x_it.o
    0x08003e0a   0x08003e0a   0x00000002   PAD
    0x08003e0c   0x08003e0c   0x00000060   Code   RO           27    i.SystemInit        system_stm32f10x.o
    0x08003e6c   0x08003e6c   0x00000080   Code   RO         2405    i.TI1_Config        stm32f10x_tim.o
    0x08003eec   0x08003eec   0x00000098   Code   RO         2406    i.TI2_Config        stm32f10x_tim.o
    0x08003f84   0x08003f84   0x00000090   Code   RO         2407    i.TI3_Config        stm32f10x_tim.o
    0x08004014   0x08004014   0x00000098   Code   RO         2408    i.TI4_Config        stm32f10x_tim.o
    0x080040ac   0x080040ac   0x00000070   Code   RO         3196    i.TIM3_IRQHandler   main.o
    0x0800411c   0x0800411c   0x00000006   Code   RO         2415    i.TIM_ClearFlag     stm32f10x_tim.o
    0x08004122   0x08004122   0x00000006   Code   RO         2416    i.TIM_ClearITPendingBit  stm32f10x_tim.o
    0x08004128   0x08004128   0x00000018   Code   RO         2421    i.TIM_Cmd           stm32f10x_tim.o
    0x08004140   0x08004140   0x00000006   Code   RO         2437    i.TIM_GetCapture2   stm32f10x_tim.o
    0x08004146   0x08004146   0x00000006   Code   RO         2438    i.TIM_GetCapture3   stm32f10x_tim.o
    0x0800414c   0x0800414c   0x00000008   Code   RO         2439    i.TIM_GetCapture4   stm32f10x_tim.o
    0x08004154   0x08004154   0x00000022   Code   RO         2442    i.TIM_GetITStatus   stm32f10x_tim.o
    0x08004176   0x08004176   0x00000002   PAD
    0x08004178   0x08004178   0x000000ac   Code   RO         2444    i.TIM_ICInit        stm32f10x_tim.o
    0x08004224   0x08004224   0x00000012   Code   RO         2446    i.TIM_ITConfig      stm32f10x_tim.o
    0x08004236   0x08004236   0x0000000c   Code   RO         2448    i.TIM_InternalClockConfig  stm32f10x_tim.o
    0x08004242   0x08004242   0x00000002   PAD
    0x08004244   0x08004244   0x00000098   Code   RO         2450    i.TIM_OC1Init       stm32f10x_tim.o
    0x080042dc   0x080042dc   0x000000a4   Code   RO         2455    i.TIM_OC2Init       stm32f10x_tim.o
    0x08004380   0x08004380   0x000000a0   Code   RO         2460    i.TIM_OC3Init       stm32f10x_tim.o
    0x08004420   0x08004420   0x0000007c   Code   RO         2465    i.TIM_OC4Init       stm32f10x_tim.o
    0x0800449c   0x0800449c   0x00000014   Code   RO         2468    i.TIM_OCStructInit  stm32f10x_tim.o
    0x080044b0   0x080044b0   0x0000007c   Code   RO         2469    i.TIM_PWMIConfig    stm32f10x_tim.o
    0x0800452c   0x0800452c   0x00000012   Code   RO         2474    i.TIM_SelectInputTrigger  stm32f10x_tim.o
    0x0800453e   0x0800453e   0x00000012   Code   RO         2479    i.TIM_SelectSlaveMode  stm32f10x_tim.o
    0x08004550   0x08004550   0x00000012   Code   RO         2487    i.TIM_SetIC1Prescaler  stm32f10x_tim.o
    0x08004562   0x08004562   0x0000001a   Code   RO         2488    i.TIM_SetIC2Prescaler  stm32f10x_tim.o
    0x0800457c   0x0800457c   0x00000012   Code   RO         2489    i.TIM_SetIC3Prescaler  stm32f10x_tim.o
    0x0800458e   0x0800458e   0x0000001a   Code   RO         2490    i.TIM_SetIC4Prescaler  stm32f10x_tim.o
    0x080045a8   0x080045a8   0x000000a4   Code   RO         2492    i.TIM_TimeBaseInit  stm32f10x_tim.o
    0x0800464c   0x0800464c   0x0000007c   Code   RO         3415    i.Timer_Init        timer.o
    0x080046c8   0x080046c8   0x00000040   Code   RO         3592    i.USART1_IRQHandler  serial.o
    0x08004708   0x08004708   0x0000001e   Code   RO         2957    i.USART_ClearITPendingBit  stm32f10x_usart.o
    0x08004726   0x08004726   0x00000018   Code   RO         2960    i.USART_Cmd         stm32f10x_usart.o
    0x0800473e   0x0800473e   0x0000001a   Code   RO         2963    i.USART_GetFlagStatus  stm32f10x_usart.o
    0x08004758   0x08004758   0x00000054   Code   RO         2964    i.USART_GetITStatus  stm32f10x_usart.o
    0x080047ac   0x080047ac   0x0000004a   Code   RO         2966    i.USART_ITConfig    stm32f10x_usart.o
    0x080047f6   0x080047f6   0x00000002   PAD
    0x080047f8   0x080047f8   0x000000d8   Code   RO         2967    i.USART_Init        stm32f10x_usart.o
    0x080048d0   0x080048d0   0x0000000a   Code   RO         2974    i.USART_ReceiveData  stm32f10x_usart.o
    0x080048da   0x080048da   0x00000008   Code   RO         2977    i.USART_SendData    stm32f10x_usart.o
    0x080048e2   0x080048e2   0x00000004   Code   RO         3273    i.UsageFault_Handler  stm32f10x_it.o
    0x080048e6   0x080048e6   0x00000002   PAD
    0x080048e8   0x080048e8   0x00000020   Code   RO         4217    i.__0printf         mc_w.l(printfa.o)
    0x08004908   0x08004908   0x00000026   Code   RO         4301    i.__ARM_fpclassifyf  m_ws.l(fpclassifyf.o)
    0x0800492e   0x0800492e   0x00000006   Code   RO         4304    i.__mathlib_flt_infnan  m_ws.l(funder.o)
    0x08004934   0x08004934   0x00000004   Code   RO         4305    i.__mathlib_flt_infnan2  m_ws.l(funder.o)
    0x08004938   0x08004938   0x00000008   Code   RO         4306    i.__mathlib_flt_invalid  m_ws.l(funder.o)
    0x08004940   0x08004940   0x0000000a   Code   RO         4309    i.__mathlib_flt_underflow  m_ws.l(funder.o)
    0x0800494a   0x0800494a   0x0000000e   Code   RO         4380    i.__scatterload_copy  mc_w.l(handlers.o)
    0x08004958   0x08004958   0x00000002   Code   RO         4381    i.__scatterload_null  mc_w.l(handlers.o)
    0x0800495a   0x0800495a   0x0000000e   Code   RO         4382    i.__scatterload_zeroinit  mc_w.l(handlers.o)
    0x08004968   0x08004968   0x0000000c   Code   RO         4348    i.__set_errno       mc_w.l(errno.o)
    0x08004974   0x08004974   0x00000184   Code   RO         4224    i._fp_digits        mc_w.l(printfa.o)
    0x08004af8   0x08004af8   0x000006dc   Code   RO         4225    i._printf_core      mc_w.l(printfa.o)
    0x080051d4   0x080051d4   0x00000024   Code   RO         4226    i._printf_post_padding  mc_w.l(printfa.o)
    0x080051f8   0x080051f8   0x0000002e   Code   RO         4227    i._printf_pre_padding  mc_w.l(printfa.o)
    0x08005226   0x08005226   0x00000002   PAD
    0x08005228   0x08005228   0x00000124   Code   RO         3952    i.asinf             m_ws.l(asinf.o)
    0x0800534c   0x0800534c   0x0000025c   Code   RO         3960    i.atan2f            m_ws.l(atan2f.o)
    0x080055a8   0x080055a8   0x00000010   Code   RO         3593    i.fputc             serial.o
    0x080055b8   0x080055b8   0x00000050   Code   RO         4245    i.free              mc_w.l(malloc.o)
    0x08005608   0x08005608   0x0000001e   Code   RO         3898    i.free_Matrix       matrix.o
    0x08005626   0x08005626   0x00000002   PAD
    0x08005628   0x08005628   0x0000004c   Code   RO         3354    i.invSqrt           mahonyahrs.o
    0x08005674   0x08005674   0x00000300   Code   RO         3197    i.main              main.o
    0x08005974   0x08005974   0x0000006c   Code   RO         4246    i.malloc            mc_w.l(malloc.o)
    0x080059e0   0x080059e0   0x0000004c   Code   RO         3968    i.sqrt              m_ws.l(sqrt.o)
    0x08005a2c   0x08005a2c   0x0000002c   Code   RO         4318    i.sqrtf             m_ws.l(sqrtf.o)
    0x08005a58   0x08005a58   0x000005f0   Data   RO         3455    .constdata          oled.o
    0x08006048   0x08006048   0x00000020   Data   RO         4378    Region$$Table       anon$$obj.o


    Execution Region RW_IRAM1 (Exec base: 0x20000000, Load base: 0x08006068, Size: 0x000015f0, Max: 0x00005000, ABSOLUTE)

    Exec Addr    Load Addr    Size         Type   Attr      Idx    E Section Name        Object

    0x20000000   0x08006068   0x00000014   Data   RW         1805    .data               stm32f10x_rcc.o
    0x20000014   0x0800607c   0x00000028   Data   RW         3199    .data               main.o
    0x2000003c   0x080060a4   0x00000024   Data   RW         3356    .data               mahonyahrs.o
    0x20000060   0x080060c8   0x00000008   Data   RW         3549    .data               ic.o
    0x20000068   0x080060d0   0x0000000b   Data   RW         3595    .data               serial.o
    0x20000073   0x080060db   0x00000001   PAD
    0x20000074   0x080060dc   0x0000004a   Data   RW         3775    .data               mpu9250.o
    0x200000be   0x08006126   0x00000002   PAD
    0x200000c0   0x08006128   0x00000004   Data   RW         4339    .data               mc_w.l(stdout.o)
    0x200000c4   0x0800612c   0x00000004   Data   RW         4344    .data               mc_w.l(mvars.o)
    0x200000c8   0x08006130   0x00000004   Data   RW         4345    .data               mc_w.l(mvars.o)
    0x200000cc   0x08006134   0x00000004   Data   RW         4349    .data               mc_w.l(errno.o)
    0x200000d0        -       0x00000024   Zero   RW         3198    .bss                main.o
    0x200000f4        -       0x0000000c   Zero   RW         3355    .bss                mahonyahrs.o
    0x20000100        -       0x0000006e   Zero   RW         3594    .bss                serial.o
    0x2000016e   0x08006138   0x00000002   PAD
    0x20000170        -       0x00000080   Zero   RW         3774    .bss                mpu9250.o
    0x200001f0        -       0x00001000   Zero   RW            2    HEAP                startup_stm32f10x_md.o
    0x200011f0        -       0x00000400   Zero   RW            1    STACK               startup_stm32f10x_md.o


==============================================================================

Image component sizes


      Code (inc. data)   RO Data    RW Data    ZI Data      Debug   Object Name

         0          0          0          0          0       4500   core_cm3.o
        70          0          0          0          0        930   delay.o
       496         28          0          8          0       3190   ic.o
        44          6          0          0          0        463   led.o
      2932        122          0         36         12       6342   mahonyahrs.o
       880        108          0         40         36       3468   main.o
      1060          8          0          0          0       5426   matrix.o
       132         22          0          0          0     204763   misc.o
      3078        212          0         74        128      10773   mpu9250.o
       796         26       1520          0          0       7017   oled.o
        18          0          0          0          0        915   pid.o
       180          4          0          0          0        627   pwm.o
      3266        160          0         11        110      13441   serial.o
        36          8        236          0       5120        816   startup_stm32f10x_md.o
         0          0          0          0          0       1660   stm32f10x_adc.o
       288          0          0          0          0      10760   stm32f10x_gpio.o
       404         14          0          0          0      14596   stm32f10x_i2c.o
        26          0          0          0          0       3766   stm32f10x_it.o
       276         32          0         20          0      12994   stm32f10x_rcc.o
      1900        200          0          0          0      36882   stm32f10x_tim.o
       472          6          0          0          0      12507   stm32f10x_usart.o
       328         28          0          0          0      53169   system_stm32f10x.o
       124          4          0          0          0        549   timer.o

    ----------------------------------------------------------------------
     16840        988       1788        192       5408     409554   Object Totals
         0          0         32          0          0          0   (incl. Generated)
        34          0          0          3          2          0   (incl. Padding)

    ----------------------------------------------------------------------

      Code (inc. data)   RO Data    RW Data    ZI Data      Debug   Library Member Name

       292         38          0          0          0        120   asinf.o
       604         76          0          0          0        116   atan2f.o
        38          0          0          0          0         68   fpclassifyf.o
        28          0          0          0          0        272   funder.o
        76          0          0          0          0         84   sqrt.o
        44          0          0          0          0         80   sqrtf.o
         0          0          0          0          0          0   entry.o
         0          0          0          0          0          0   entry10a.o
         0          0          0          0          0          0   entry11a.o
         8          4          0          0          0          0   entry2.o
         4          0          0          0          0          0   entry5.o
         0          0          0          0          0          0   entry7b.o
         0          0          0          0          0          0   entry8b.o
         8          4          0          0          0          0   entry9a.o
        12          6          0          4          0         68   errno.o
        30          0          0          0          0          0   handlers.o
        36          8          0          0          0         68   init.o
         0          0          0          0          0          0   iusefp.o
        30          0          0          0          0         68   llshl.o
        36          0          0          0          0         68   llsshr.o
        32          0          0          0          0         68   llushr.o
       188         20          0          0          0        160   malloc.o
        36          0          0          0          0         68   memcpya.o
        36          0          0          0          0        108   memseta.o
         0          0          0          8          0          0   mvars.o
      2258         90          0          0          0        452   printfa.o
         0          0          0          4          0          0   stdout.o
        44          0          0          0          0         80   uidiv.o
        98          0          0          0          0         92   uldiv.o
        48          0          0          0          0         68   cdrcmple.o
        20          0          0          0          0         68   cfcmple.o
        20          0          0          0          0         68   cfrcmple.o
        56          0          0          0          0         88   d2f.o
       334          0          0          0          0        148   dadd.o
       222          0          0          0          0        100   ddiv.o
       186          0          0          0          0        176   depilogue.o
        48          0          0          0          0         68   dfixul.o
       228          0          0          0          0         96   dmul.o
       162          0          0          0          0        100   dsqrt.o
        38          0          0          0          0         68   f2d.o
       176          0          0          0          0        140   fadd.o
       124          0          0          0          0         88   fdiv.o
       110          0          0          0          0        168   fepilogue.o
        50          0          0          0          0         68   ffixi.o
        40          0          0          0          0         68   ffixui.o
        18          0          0          0          0         68   fflti.o
        10          0          0          0          0         68   ffltui.o
       100          0          0          0          0         76   fmul.o
        24          0          0          0          0         68   fscalb.o
        94          0          0          0          0         96   fsqrt.o

    ----------------------------------------------------------------------
      6052        246          0         16          0       3996   Library Totals
         6          0          0          0          0          0   (incl. Padding)

    ----------------------------------------------------------------------

      Code (inc. data)   RO Data    RW Data    ZI Data      Debug   Library Name

      1082        114          0          0          0        740   m_ws.l
      2856        132          0         16          0       1300   mc_w.l
      2108          0          0          0          0       1956   mf_w.l

    ----------------------------------------------------------------------
      6052        246          0         16          0       3996   Library Totals

    ----------------------------------------------------------------------

==============================================================================


      Code (inc. data)   RO Data    RW Data    ZI Data      Debug   

     22892       1234       1788        208       5408     405278   Grand Totals
     22892       1234       1788        208       5408     405278   ELF Image Totals
     22892       1234       1788        208          0          0   ROM Totals

==============================================================================

    Total RO  Size (Code + RO Data)                24680 (  24.10kB)
    Total RW  Size (RW Data + ZI Data)              5616 (   5.48kB)
    Total ROM Size (Code + RO Data + RW Data)      24888 (  24.30kB)

==============================================================================

