Component: ARM Compiler 5.06 update 5 (build 528) Tool: armlink [4d35e2]

==============================================================================

Section Cross References

    startup_stm32f10x_md.o(RESET) refers to startup_stm32f10x_md.o(STACK) for __initial_sp
    startup_stm32f10x_md.o(RESET) refers to startup_stm32f10x_md.o(.text) for Reset_Handler
    startup_stm32f10x_md.o(RESET) refers to stm32f10x_it.o(i.NMI_Handler) for NMI_Handler
    startup_stm32f10x_md.o(RESET) refers to stm32f10x_it.o(i.HardFault_Handler) for HardFault_Handler
    startup_stm32f10x_md.o(RESET) refers to stm32f10x_it.o(i.MemManage_Handler) for MemManage_Handler
    startup_stm32f10x_md.o(RESET) refers to stm32f10x_it.o(i.BusFault_Handler) for BusFault_Handler
    startup_stm32f10x_md.o(RESET) refers to stm32f10x_it.o(i.UsageFault_Handler) for UsageFault_Handler
    startup_stm32f10x_md.o(RESET) refers to stm32f10x_it.o(i.SVC_Handler) for SVC_Handler
    startup_stm32f10x_md.o(RESET) refers to stm32f10x_it.o(i.DebugMon_Handler) for DebugMon_Handler
    startup_stm32f10x_md.o(RESET) refers to stm32f10x_it.o(i.PendSV_Handler) for PendSV_Handler
    startup_stm32f10x_md.o(RESET) refers to stm32f10x_it.o(i.SysTick_Handler) for SysTick_Handler
    startup_stm32f10x_md.o(RESET) refers to main.o(i.TIM3_IRQHandler) for TIM3_IRQHandler
    startup_stm32f10x_md.o(RESET) refers to serial.o(i.USART1_IRQHandler) for USART1_IRQHandler
    startup_stm32f10x_md.o(.text) refers to system_stm32f10x.o(i.SystemInit) for SystemInit
    startup_stm32f10x_md.o(.text) refers to entry.o(.ARM.Collect$$$$00000000) for __main
    system_stm32f10x.o(i.SetSysClock) refers to system_stm32f10x.o(i.SetSysClockTo72) for SetSysClockTo72
    system_stm32f10x.o(i.SystemCoreClockUpdate) refers to system_stm32f10x.o(.data) for SystemCoreClock
    system_stm32f10x.o(i.SystemInit) refers to system_stm32f10x.o(i.SetSysClock) for SetSysClock
    stm32f10x_adc.o(i.ADC_DeInit) refers to stm32f10x_rcc.o(i.RCC_APB2PeriphResetCmd) for RCC_APB2PeriphResetCmd
    stm32f10x_bkp.o(i.BKP_DeInit) refers to stm32f10x_rcc.o(i.RCC_BackupResetCmd) for RCC_BackupResetCmd
    stm32f10x_can.o(i.CAN_DeInit) refers to stm32f10x_rcc.o(i.RCC_APB1PeriphResetCmd) for RCC_APB1PeriphResetCmd
    stm32f10x_can.o(i.CAN_GetITStatus) refers to stm32f10x_can.o(i.CheckITStatus) for CheckITStatus
    stm32f10x_cec.o(i.CEC_DeInit) refers to stm32f10x_rcc.o(i.RCC_APB1PeriphResetCmd) for RCC_APB1PeriphResetCmd
    stm32f10x_dac.o(i.DAC_DeInit) refers to stm32f10x_rcc.o(i.RCC_APB1PeriphResetCmd) for RCC_APB1PeriphResetCmd
    stm32f10x_flash.o(i.FLASH_EnableWriteProtection) refers to stm32f10x_flash.o(i.FLASH_WaitForLastOperation) for FLASH_WaitForLastOperation
    stm32f10x_flash.o(i.FLASH_EraseAllBank1Pages) refers to stm32f10x_flash.o(i.FLASH_WaitForLastBank1Operation) for FLASH_WaitForLastBank1Operation
    stm32f10x_flash.o(i.FLASH_EraseAllPages) refers to stm32f10x_flash.o(i.FLASH_WaitForLastOperation) for FLASH_WaitForLastOperation
    stm32f10x_flash.o(i.FLASH_EraseOptionBytes) refers to stm32f10x_flash.o(i.FLASH_GetReadOutProtectionStatus) for FLASH_GetReadOutProtectionStatus
    stm32f10x_flash.o(i.FLASH_EraseOptionBytes) refers to stm32f10x_flash.o(i.FLASH_WaitForLastOperation) for FLASH_WaitForLastOperation
    stm32f10x_flash.o(i.FLASH_ErasePage) refers to stm32f10x_flash.o(i.FLASH_WaitForLastOperation) for FLASH_WaitForLastOperation
    stm32f10x_flash.o(i.FLASH_ProgramHalfWord) refers to stm32f10x_flash.o(i.FLASH_WaitForLastOperation) for FLASH_WaitForLastOperation
    stm32f10x_flash.o(i.FLASH_ProgramOptionByteData) refers to stm32f10x_flash.o(i.FLASH_WaitForLastOperation) for FLASH_WaitForLastOperation
    stm32f10x_flash.o(i.FLASH_ProgramWord) refers to stm32f10x_flash.o(i.FLASH_WaitForLastOperation) for FLASH_WaitForLastOperation
    stm32f10x_flash.o(i.FLASH_ReadOutProtection) refers to stm32f10x_flash.o(i.FLASH_WaitForLastOperation) for FLASH_WaitForLastOperation
    stm32f10x_flash.o(i.FLASH_UserOptionByteConfig) refers to stm32f10x_flash.o(i.FLASH_WaitForLastOperation) for FLASH_WaitForLastOperation
    stm32f10x_flash.o(i.FLASH_WaitForLastBank1Operation) refers to stm32f10x_flash.o(i.FLASH_GetBank1Status) for FLASH_GetBank1Status
    stm32f10x_flash.o(i.FLASH_WaitForLastOperation) refers to stm32f10x_flash.o(i.FLASH_GetBank1Status) for FLASH_GetBank1Status
    stm32f10x_gpio.o(i.GPIO_AFIODeInit) refers to stm32f10x_rcc.o(i.RCC_APB2PeriphResetCmd) for RCC_APB2PeriphResetCmd
    stm32f10x_gpio.o(i.GPIO_DeInit) refers to stm32f10x_rcc.o(i.RCC_APB2PeriphResetCmd) for RCC_APB2PeriphResetCmd
    stm32f10x_i2c.o(i.I2C_DeInit) refers to stm32f10x_rcc.o(i.RCC_APB1PeriphResetCmd) for RCC_APB1PeriphResetCmd
    stm32f10x_i2c.o(i.I2C_Init) refers to stm32f10x_rcc.o(i.RCC_GetClocksFreq) for RCC_GetClocksFreq
    stm32f10x_pwr.o(i.PWR_DeInit) refers to stm32f10x_rcc.o(i.RCC_APB1PeriphResetCmd) for RCC_APB1PeriphResetCmd
[...]
    __lit__00000000                          0x080000fc   Data           4  entry2.o(.ARM.Collect$$$$00002712)
    .text                                    0x08000100   Section       36  startup_stm32f10x_md.o(.text)
    .text                                    0x08000124   Section        0  memcpya.o(.text)
    .text                                    0x08000148   Section        0  memseta.o(.text)
    .text                                    0x0800016c   Section        0  fadd.o(.text)
    .text                                    0x0800021c   Section        0  fmul.o(.text)
    .text                                    0x08000280   Section        0  fdiv.o(.text)
    .text                                    0x080002fc   Section        0  dmul.o(.text)
    .text                                    0x080003e0   Section        0  ddiv.o(.text)
    .text                                    0x080004be   Section        0  fflti.o(.text)
    .text                                    0x080004d0   Section        0  ffltui.o(.text)
    .text                                    0x080004da   Section        0  dflti.o(.text)
    .text                                    0x080004fc   Section        0  ffixi.o(.text)
    .text                                    0x0800052e   Section        0  ffixui.o(.text)
    .text                                    0x08000556   Section        0  f2d.o(.text)
    .text                                    0x0800057c   Section       48  cdrcmple.o(.text)
    .text                                    0x080005ac   Section        0  d2f.o(.text)
    .text                                    0x080005e4   Section       20  cfcmple.o(.text)
    .text                                    0x080005f8   Section       20  cfrcmple.o(.text)
    .text                                    0x0800060c   Section        0  uidiv.o(.text)
    .text                                    0x08000638   Section        0  uldiv.o(.text)
    .text                                    0x0800069a   Section        0  fepilogue.o(.text)
    .text                                    0x0800069a   Section        0  iusefp.o(.text)
    .text                                    0x08000708   Section        0  fscalb.o(.text)
    .text                                    0x08000720   Section        0  frnd.o(.text)
    .text                                    0x0800075c   Section        0  depilogue.o(.text)
    .text                                    0x08000816   Section        0  dadd.o(.text)
    .text                                    0x08000964   Section        0  dsqrt.o(.text)
    .text                                    0x08000a06   Section        0  dfixul.o(.text)
    .text                                    0x08000a38   Section       36  init.o(.text)
    .text                                    0x08000a5c   Section        0  llshl.o(.text)
    .text                                    0x08000a7a   Section        0  llushr.o(.text)
    .text                                    0x08000a9a   Section        0  llsshr.o(.text)
    .text                                    0x08000abe   Section        0  fsqrt.o(.text)
    i.AK8963_GetID                           0x08000b1c   Section        0  mpu9250.o(i.AK8963_GetID)
    i.AK8963_ReadReg                         0x08000b28   Section        0  mpu9250.o(i.AK8963_ReadReg)
    i.AK8963_WriteReg                        0x08000bc0   Section        0  mpu9250.o(i.AK8963_WriteReg)
    i.ANO_DT_Data_Exchange                   0x08000c24   Section        0  serial.o(i.ANO_DT_Data_Exchange)
    i.ANO_DT_Data_Receive_Anl                0x08000f50   Section        0  serial.o(i.ANO_DT_Data_Receive_Anl)
    i.ANO_DT_Data_Receive_Prepare            0x0800119c   Section        0  serial.o(i.ANO_DT_Data_Receive_Prepare)
    i.ANO_DT_Send_Check                      0x08001284   Section        0  serial.o(i.ANO_DT_Send_Check)
    ANO_DT_Send_Check                        0x08001285   Thumb Code    66  serial.o(i.ANO_DT_Send_Check)
    i.ANO_DT_Send_Data                       0x080012cc   Section        0  serial.o(i.ANO_DT_Send_Data)
    i.ANO_DT_Send_MotoPWM                    0x080012dc   Section        0  serial.o(i.ANO_DT_Send_MotoPWM)
    i.ANO_DT_Send_PID                        0x08001408   Section        0  serial.o(i.ANO_DT_Send_PID)
    i.ANO_DT_Send_RCData                     0x08001614   Section        0  serial.o(i.ANO_DT_Send_RCData)
    i.ANO_DT_Send_Senser                     0x08001778   Section        0  serial.o(i.ANO_DT_Send_Senser)
    i.ANO_DT_Send_Status                     0x080018f4   Section        0  serial.o(i.ANO_DT_Send_Status)
    i.BusFault_Handler                       0x08001a3c   Section        0  stm32f10x_it.o(i.BusFault_Handler)
    i.Data_Send_Angle2Rate                   0x08001a40   Section        0  serial.o(i.Data_Send_Angle2Rate)
    i.Data_Send_AngleRate                    0x08001c7c   Section        0  serial.o(i.Data_Send_AngleRate)
    i.DebugMon_Handler                       0x08001eb8   Section        0  stm32f10x_it.o(i.DebugMon_Handler)
    i.Delay_ms                               0x08001eba   Section        0  delay.o(i.Delay_ms)
    i.Delay_us                               0x08001ed2   Section        0  delay.o(i.Delay_us)
    i.GPIO_Init                              0x08001f00   Section        0  stm32f10x_gpio.o(i.GPIO_Init)
    i.GPIO_WriteBit                          0x08002016   Section        0  stm32f10x_gpio.o(i.GPIO_WriteBit)
    i.Get_Remote_Control                     0x08002020   Section        0  ic.o(i.Get_Remote_Control)
    i.HardFault_Handler                      0x0800207c   Section        0  stm32f10x_it.o(i.HardFault_Handler)
    i.I2C_AcknowledgeConfig                  0x08002080   Section        0  stm32f10x_i2c.o(i.I2C_AcknowledgeConfig)
    i.I2C_CheckEvent                         0x08002098   Section        0  stm32f10x_i2c.o(i.I2C_CheckEvent)
    i.I2C_Cmd                                0x080020c2   Section        0  stm32f10x_i2c.o(i.I2C_Cmd)
    i.I2C_GenerateSTART                      0x080020da   Section        0  stm32f10x_i2c.o(i.I2C_GenerateSTART)
    i.I2C_GenerateSTOP                       0x080020f2   Section        0  stm32f10x_i2c.o(i.I2C_GenerateSTOP)
    i.I2C_Init                               0x0800210c   Section        0  stm32f10x_i2c.o(i.I2C_Init)
    i.I2C_ReceiveData                        0x080021f8   Section        0  stm32f10x_i2c.o(i.I2C_ReceiveData)
    i.I2C_Send7bitAddress                    0x08002200   Section        0  stm32f10x_i2c.o(i.I2C_Send7bitAddress)
    i.I2C_SendData                           0x08002212   Section        0  stm32f10x_i2c.o(i.I2C_SendData)
    i.IC_Init                                0x08002218   Section        0  ic.o(i.IC_Init)
    i.LED_Init                               0x080023ac   Section        0  led.o(i.LED_Init)
    i.MPU9250_Calibrate                      0x080023d8   Section        0  mpu9250.o(i.MPU9250_Calibrate)
    i.MPU9250_Calibrate_Calculate            0x0800254c   Section        0  mpu9250.o(i.MPU9250_Calibrate_Calculate)
    i.MPU9250_GetData_continuous             0x080026cc   Section        0  mpu9250.o(i.MPU9250_GetData_continuous)
    i.MPU9250_Init                           0x08002890   Section        0  mpu9250.o(i.MPU9250_Init)
    i.MPU9250_Mag_Calibrate_PrepareData      0x08002a4c   Section        0  mpu9250.o(i.MPU9250_Mag_Calibrate_PrepareData)
    i.MPU9250_Offset_Calibrate               0x08002b54   Section        0  mpu9250.o(i.MPU9250_Offset_Calibrate)
    i.MPU9250_WaitEvent                      0x08002c80   Section        0  mpu9250.o(i.MPU9250_WaitEvent)
    i.MPU9250_WriteReg                       0x08002ca4   Section        0  mpu9250.o(i.MPU9250_WriteReg)
    i.MahonyAHRSupdate                       0x08002d08   Section        0  mahonyahrs.o(i.MahonyAHRSupdate)
    i.MahonyAHRSupdateIMU                    0x0800342c   Section        0  mahonyahrs.o(i.MahonyAHRSupdateIMU)
    i.Make6_1Matrix                          0x08003830   Section        0  matrix.o(i.Make6_1Matrix)
    i.MakeMat                                0x0800383e   Section        0  matrix.o(i.MakeMat)
    i.Matrix6_1_Multiply                     0x08003864   Section        0  matrix.o(i.Matrix6_1_Multiply)
    i.Matrix_Multiply                        0x080038b0   Section        0  matrix.o(i.Matrix_Multiply)
    i.Matrix_Transpose                       0x0800391a   Section        0  matrix.o(i.Matrix_Transpose)
    i.Matrix_input                           0x08003952   Section        0  matrix.o(i.Matrix_input)
    i.Matrix_inverse                         0x08003a00   Section        0  matrix.o(i.Matrix_inverse)
    i.MemManage_Handler                      0x08003c38   Section        0  stm32f10x_it.o(i.MemManage_Handler)
    i.Motor_Output                           0x08003c3c   Section        0  pwm.o(i.Motor_Output)
    i.NMI_Handler                            0x08003c74   Section        0  stm32f10x_it.o(i.NMI_Handler)
    i.NVIC_Init                              0x08003c78   Section        0  misc.o(i.NVIC_Init)
    i.NVIC_PriorityGroupConfig               0x08003ce8   Section        0  misc.o(i.NVIC_PriorityGroupConfig)
    i.OLED_Clear                             0x08003cfc   Section        0  oled.o(i.OLED_Clear)
    i.OLED_I2C_Init                          0x08003d28   Section        0  oled.o(i.OLED_I2C_Init)
    i.OLED_I2C_SendByte                      0x08003d74   Section        0  oled.o(i.OLED_I2C_SendByte)
    i.OLED_I2C_Start                         0x08003dc4   Section        0  oled.o(i.OLED_I2C_Start)
    i.OLED_I2C_Stop                          0x08003df4   Section        0  oled.o(i.OLED_I2C_Stop)
    i.OLED_Init                              0x08003e1c   Section        0  oled.o(i.OLED_Init)
    i.OLED_Pow                               0x08003eca   Section        0  oled.o(i.OLED_Pow)
    i.OLED_SetCursor                         0x08003ede   Section        0  oled.o(i.OLED_SetCursor)
    i.OLED_ShowChar                          0x08003f00   Section        0  oled.o(i.OLED_ShowChar)
    i.OLED_ShowSignedNum                     0x08003f74   Section        0  oled.o(i.OLED_ShowSignedNum)
    i.OLED_WriteCommand                      0x08003fda   Section        0  oled.o(i.OLED_WriteCommand)
    i.OLED_WriteData                         0x08003ffa   Section        0  oled.o(i.OLED_WriteData)
    i.PID_Calc                               0x0800401a   Section        0  pid.o(i.PID_Calc)
    i.PID_Calc_lpf2                          0x080040cc   Section        0  pid.o(i.PID_Calc_lpf2)
    i.PID_CascadeCalc                        0x08004192   Section        0  pid.o(i.PID_CascadeCalc)
    i.PID_Init                               0x080041c0   Section        0  pid.o(i.PID_Init)
    i.PWM_Init                               0x08004200   Section        0  pwm.o(i.PWM_Init)
    i.PendSV_Handler                         0x080042b4   Section        0  stm32f10x_it.o(i.PendSV_Handler)
    i.RCC_APB1PeriphClockCmd                 0x080042b8   Section        0  stm32f10x_rcc.o(i.RCC_APB1PeriphClockCmd)
    i.RCC_APB2PeriphClockCmd                 0x080042d8   Section        0  stm32f10x_rcc.o(i.RCC_APB2PeriphClockCmd)
    i.RCC_GetClocksFreq                      0x080042f8   Section        0  stm32f10x_rcc.o(i.RCC_GetClocksFreq)
    i.READ_MPU9250_MAG                       0x080043cc   Section        0  mpu9250.o(i.READ_MPU9250_MAG)
    i.SVC_Handler                            0x08004540   Section        0  stm32f10x_it.o(i.SVC_Handler)
    i.Serial_Init                            0x08004544   Section        0  serial.o(i.Serial_Init)
    i.Serial_SendArray                       0x080045fc   Section        0  serial.o(i.Serial_SendArray)
    i.Serial_SendByte                        0x08004618   Section        0  serial.o(i.Serial_SendByte)
    i.SetSysClock                            0x08004638   Section        0  system_stm32f10x.o(i.SetSysClock)
    SetSysClock                              0x08004639   Thumb Code     8  system_stm32f10x.o(i.SetSysClock)
    i.SetSysClockTo72                        0x08004640   Section        0  system_stm32f10x.o(i.SetSysClockTo72)
    SetSysClockTo72                          0x08004641   Thumb Code   214  system_stm32f10x.o(i.SetSysClockTo72)
    i.SysTick_Handler                        0x08004720   Section        0  stm32f10x_it.o(i.SysTick_Handler)
    i.SystemInit                             0x08004724   Section        0  system_stm32f10x.o(i.SystemInit)
    i.TI1_Config                             0x08004784   Section        0  stm32f10x_tim.o(i.TI1_Config)
    TI1_Config                               0x08004785   Thumb Code   108  stm32f10x_tim.o(i.TI1_Config)
    i.TI2_Config                             0x08004804   Section        0  stm32f10x_tim.o(i.TI2_Config)
    TI2_Config                               0x08004805   Thumb Code   130  stm32f10x_tim.o(i.TI2_Config)
    i.TI3_Config                             0x0800489c   Section        0  stm32f10x_tim.o(i.TI3_Config)
    TI3_Config                               0x0800489d   Thumb Code   122  stm32f10x_tim.o(i.TI3_Config)
    i.TI4_Config                             0x0800492c   Section        0  stm32f10x_tim.o(i.TI4_Config)
    TI4_Config                               0x0800492d   Thumb Code   130  stm32f10x_tim.o(i.TI4_Config)
    i.TIM3_IRQHandler                        0x080049c4   Section        0  main.o(i.TIM3_IRQHandler)
    i.TIM_ClearFlag                          0x08004a34   Section        0  stm32f10x_tim.o(i.TIM_ClearFlag)
    i.TIM_ClearITPendingBit                  0x08004a3a   Section        0  stm32f10x_tim.o(i.TIM_ClearITPendingBit)
    i.TIM_Cmd                                0x08004a40   Section        0  stm32f10x_tim.o(i.TIM_Cmd)
    i.TIM_GetCapture2                        0x08004a58   Section        0  stm32f10x_tim.o(i.TIM_GetCapture2)
    i.TIM_GetCapture3                        0x08004a5e   Section        0  stm32f10x_tim.o(i.TIM_GetCapture3)
    i.TIM_GetCapture4                        0x08004a64   Section        0  stm32f10x_tim.o(i.TIM_GetCapture4)
    i.TIM_GetITStatus                        0x08004a6c   Section        0  stm32f10x_tim.o(i.TIM_GetITStatus)
    i.TIM_ICInit                             0x08004a90   Section        0  stm32f10x_tim.o(i.TIM_ICInit)
    i.TIM_ITConfig                           0x08004b3c   Section        0  stm32f10x_tim.o(i.TIM_ITConfig)
    i.TIM_InternalClockConfig                0x08004b4e   Section        0  stm32f10x_tim.o(i.TIM_InternalClockConfig)
    i.TIM_OC1Init                            0x08004b5c   Section        0  stm32f10x_tim.o(i.TIM_OC1Init)
    i.TIM_OC2Init                            0x08004bf4   Section        0  stm32f10x_tim.o(i.TIM_OC2Init)
    i.TIM_OC3Init                            0x08004c98   Section        0  stm32f10x_tim.o(i.TIM_OC3Init)
    i.TIM_OC4Init                            0x08004d38   Section        0  stm32f10x_tim.o(i.TIM_OC4Init)
    i.TIM_OCStructInit                       0x08004db4   Section        0  stm32f10x_tim.o(i.TIM_OCStructInit)
    i.TIM_PWMIConfig                         0x08004dc8   Section        0  stm32f10x_tim.o(i.TIM_PWMIConfig)
    i.TIM_SelectInputTrigger                 0x08004e44   Section        0  stm32f10x_tim.o(i.TIM_SelectInputTrigger)
    i.TIM_SelectSlaveMode                    0x08004e56   Section        0  stm32f10x_tim.o(i.TIM_SelectSlaveMode)
    i.TIM_SetCompare1                        0x08004e68   Section        0  stm32f10x_tim.o(i.TIM_SetCompare1)
    i.TIM_SetCompare2                        0x08004e6c   Section        0  stm32f10x_tim.o(i.TIM_SetCompare2)
    i.TIM_SetCompare3                        0x08004e70   Section        0  stm32f10x_tim.o(i.TIM_SetCompare3)
    i.TIM_SetCompare4                        0x08004e74   Section        0  stm32f10x_tim.o(i.TIM_SetCompare4)
    i.TIM_SetIC1Prescaler                    0x08004e7a   Section        0  stm32f10x_tim.o(i.TIM_SetIC1Prescaler)
    i.TIM_SetIC2Prescaler                    0x08004e8c   Section        0  stm32f10x_tim.o(i.TIM_SetIC2Prescaler)
    i.TIM_SetIC3Prescaler                    0x08004ea6   Section        0  stm32f10x_tim.o(i.TIM_SetIC3Prescaler)
    i.TIM_SetIC4Prescaler                    0x08004eb8   Section        0  stm32f10x_tim.o(i.TIM_SetIC4Prescaler)
    i.TIM_TimeBaseInit                       0x08004ed4   Section        0  stm32f10x_tim.o(i.TIM_TimeBaseInit)
    i.Timer_Init                             0x08004f78   Section        0  timer.o(i.Timer_Init)
    i.USART1_IRQHandler                      0x08004ff4   Section        0  serial.o(i.USART1_IRQHandler)
    i.USART_ClearITPendingBit                0x08005034   Section        0  stm32f10x_usart.o(i.USART_ClearITPendingBit)
    i.USART_Cmd                              0x08005052   Section        0  stm32f10x_usart.o(i.USART_Cmd)
    i.USART_GetFlagStatus                    0x0800506a   Section        0  stm32f10x_usart.o(i.USART_GetFlagStatus)
    i.USART_GetITStatus                      0x08005084   Section        0  stm32f10x_usart.o(i.USART_GetITStatus)
    i.USART_ITConfig                         0x080050d8   Section        0  stm32f10x_usart.o(i.USART_ITConfig)
    i.USART_Init                             0x08005124   Section        0  stm32f10x_usart.o(i.USART_Init)
    i.USART_ReceiveData                      0x080051fc   Section        0  stm32f10x_usart.o(i.USART_ReceiveData)
    i.USART_SendData                         0x08005206   Section        0  stm32f10x_usart.o(i.USART_SendData)
    i.UsageFault_Handler                     0x0800520e   Section        0  stm32f10x_it.o(i.UsageFault_Handler)
    i.__0printf                              0x08005214   Section        0  printfa.o(i.__0printf)
    i.__ARM_fpclassifyf                      0x08005234   Section        0  fpclassifyf.o(i.__ARM_fpclassifyf)
    i.__mathlib_flt_infnan                   0x0800525a   Section        0  funder.o(i.__mathlib_flt_infnan)
    i.__mathlib_flt_infnan2                  0x08005260   Section        0  funder.o(i.__mathlib_flt_infnan2)
    i.__mathlib_flt_invalid                  0x08005264   Section        0  funder.o(i.__mathlib_flt_invalid)
    i.__mathlib_flt_underflow                0x0800526c   Section        0  funder.o(i.__mathlib_flt_underflow)
    i.__mathlib_rredf2                       0x08005278   Section        0  rredf.o(i.__mathlib_rredf2)
    i.__scatterload_copy                     0x080053e0   Section       14  handlers.o(i.__scatterload_copy)
    i.__scatterload_null                     0x080053ee   Section        2  handlers.o(i.__scatterload_null)
    i.__scatterload_zeroinit                 0x080053f0   Section       14  handlers.o(i.__scatterload_zeroinit)
    i.__set_errno                            0x08005400   Section        0  errno.o(i.__set_errno)
    i._fp_digits                             0x0800540c   Section        0  printfa.o(i._fp_digits)
    _fp_digits                               0x0800540d   Thumb Code   366  printfa.o(i._fp_digits)
    i._printf_core                           0x08005590   Section        0  printfa.o(i._printf_core)
    _printf_core                             0x08005591   Thumb Code  1744  printfa.o(i._printf_core)
    i._printf_post_padding                   0x08005c6c   Section        0  printfa.o(i._printf_post_padding)
    _printf_post_padding                     0x08005c6d   Thumb Code    36  printfa.o(i._printf_post_padding)
    i._printf_pre_padding                    0x08005c90   Section        0  printfa.o(i._printf_pre_padding)
    _printf_pre_padding                      0x08005c91   Thumb Code    46  printfa.o(i._printf_pre_padding)
    i.asinf                                  0x08005cc0   Section        0  asinf.o(i.asinf)
    i.atan2f                                 0x08005de4   Section        0  atan2f.o(i.atan2f)
    i.cosf                                   0x08006040   Section        0  cosf.o(i.cosf)
    i.fputc                                  0x080061bc   Section        0  serial.o(i.fputc)
    i.free                                   0x080061cc   Section        0  malloc.o(i.free)
    i.free_Matrix                            0x0800621c   Section        0  matrix.o(i.free_Matrix)
    i.invSqrt                                0x0800623c   Section        0  mahonyahrs.o(i.invSqrt)
    i.lpf2pApply                             0x08006288   Section        0  filter.o(i.lpf2pApply)
    i.lpf2pInit                              0x08006302   Section        0  filter.o(i.lpf2pInit)
    i.lpf2pSetCutoffFreq                     0x08006328   Section        0  filter.o(i.lpf2pSetCutoffFreq)
    i.main                                   0x0800641c   Section        0  main.o(i.main)
    i.malloc                                 0x08006874   Section        0  malloc.o(i.malloc)
    i.sqrt                                   0x080068e0   Section        0  sqrt.o(i.sqrt)
    i.sqrtf                                  0x0800692c   Section        0  sqrtf.o(i.sqrtf)
    i.tanf                                   0x08006958   Section        0  tanf.o(i.tanf)
    .constdata                               0x08006acc   Section     1520  oled.o(.constdata)
    .constdata                               0x080070bc   Section       32  rredf.o(.constdata)
    twooverpi                                0x080070bc   Data          32  rredf.o(.constdata)
    .data                                    0x20000000   Section       20  stm32f10x_rcc.o(.data)
    APBAHBPrescTable                         0x20000000   Data          16  stm32f10x_rcc.o(.data)
    ADCPrescTable                            0x20000010   Data           4  stm32f10x_rcc.o(.data)
    .data                                    0x20000014   Section       44  main.o(.data)
    serial_time                              0x2000003c   Data           2  main.o(.data)
    imu_time                                 0x2000003e   Data           2  main.o(.data)
    .data                                    0x20000040   Section       36  mahonyahrs.o(.data)
    .data                                    0x20000064   Section        8  ic.o(.data)
    .data                                    0x2000006c   Section       11  serial.o(.data)
    status_cnt                               0x2000006f   Data           1  serial.o(.data)
    senser_cnt                               0x20000070   Data           1  serial.o(.data)
    rcdata_cnt                               0x20000071   Data           1  serial.o(.data)
    motopwm_cnt                              0x20000072   Data           1  serial.o(.data)
    power_cnt                                0x20000073   Data           1  serial.o(.data)
    _data_len                                0x20000074   Data           1  serial.o(.data)
    _data_cnt                                0x20000075   Data           1  serial.o(.data)
    state                                    0x20000076   Data           1  serial.o(.data)
    .data                                    0x20000078   Section        8  pwm.o(.data)
    .data                                    0x20000080   Section       74  mpu9250.o(.data)
    time                                     0x200000ac   Data           1  mpu9250.o(.data)
    flag                                     0x200000ad   Data           1  mpu9250.o(.data)
    tempGx                                   0x200000b0   Data           4  mpu9250.o(.data)
    tempGy                                   0x200000b4   Data           4  mpu9250.o(.data)
    tempGz                                   0x200000b8   Data           4  mpu9250.o(.data)
    tempAx                                   0x200000bc   Data           4  mpu9250.o(.data)
    tempAy                                   0x200000c0   Data           4  mpu9250.o(.data)
    tempAz                                   0x200000c4   Data           4  mpu9250.o(.data)
    cnt                                      0x200000c8   Data           2  mpu9250.o(.data)
    .data                                    0x200000cc   Section        4  stdout.o(.data)
    .data                                    0x200000d0   Section        4  mvars.o(.data)
    .data                                    0x200000d4   Section        4  mvars.o(.data)
    .data                                    0x200000d8   Section        4  errno.o(.data)
    _errno                                   0x200000d8   Data           4  errno.o(.data)
    .bss                                     0x200000dc   Section      316  pid.o(.bss)
    .bss                                     0x20000218   Section       12  mahonyahrs.o(.bss)
    .bss                                     0x20000224   Section      110  serial.o(.bss)
    RxBuffer                                 0x20000260   Data          50  serial.o(.bss)
    .bss                                     0x20000294   Section      128  mpu9250.o(.bss)
    MPU9250_Mag_Data                         0x200002cc   Data          72  mpu9250.o(.bss)
    HEAP                                     0x20000318   Section     4096  startup_stm32f10x_md.o(HEAP)
    STACK                                    0x20001318   Section     1024  startup_stm32f10x_md.o(STACK)

    Global Symbols

    Symbol Name                              Value     Ov Type        Size  Object(Section)

    BuildAttributes$$THM_ISAv4$P$D$K$B$S$PE$A:L22UL41UL21$X:L11$S22US41US21$IEEE1$IW$USESV6$~STKCKD$USESV7$~SHL$OTIME$ROPI$IEEEX$EBA8$MICROLIB$REQ8$PRES8$EABIv2 0x00000000   Number         0  anon$$obj.o ABSOLUTE
    __ARM_use_no_argv                        0x00000000   Number         0  main.o ABSOLUTE
    _printf_a                                0x00000000   Number         0  stubs.o ABSOLUTE
    _printf_c                                0x00000000   Number         0  stubs.o ABSOLUTE
    _printf_charcount                        0x00000000   Number         0  stubs.o ABSOLUTE
    _printf_d                                0x00000000   Number         0  stubs.o ABSOLUTE
    _printf_e                                0x00000000   Number         0  stubs.o ABSOLUTE
    _printf_f                                0x00000000   Number         0  stubs.o ABSOLUTE
    _printf_flags                            0x00000000   Number         0  stubs.o ABSOLUTE
    _printf_fp_dec                           0x00000000   Number         0  stubs.o ABSOLUTE
    _printf_fp_hex                           0x00000000   Number         0  stubs.o ABSOLUTE
    _printf_g                                0x00000000   Number         0  stubs.o ABSOLUTE
    _printf_i                                0x00000000   Number         0  stubs.o ABSOLUTE
    _printf_int_dec                          0x00000000   Number         0  stubs.o ABSOLUTE
    _printf_l                                0x00000000   Number         0  stubs.o ABSOLUTE
    _printf_lc                               0x00000000   Number         0  stubs.o ABSOLUTE
    _printf_ll                               0x00000000   Number         0  stubs.o ABSOLUTE
    _printf_lld                              0x00000000   Number         0  stubs.o ABSOLUTE
    _printf_lli                              0x00000000   Number         0  stubs.o ABSOLUTE
    _printf_llo                              0x00000000   Number         0  stubs.o ABSOLUTE
    _printf_llu                              0x00000000   Number         0  stubs.o ABSOLUTE
    _printf_llx                              0x00000000   Number         0  stubs.o ABSOLUTE
    _printf_longlong_dec                     0x00000000   Number         0  stubs.o ABSOLUTE
    _printf_longlong_hex                     0x00000000   Number         0  stubs.o ABSOLUTE
    _printf_longlong_oct                     0x00000000   Number         0  stubs.o ABSOLUTE
    _printf_ls                               0x00000000   Number         0  stubs.o ABSOLUTE
    _printf_mbtowc                           0x00000000   Number         0  stubs.o ABSOLUTE
    _printf_n                                0x00000000   Number         0  stubs.o ABSOLUTE
    _printf_o                                0x00000000   Number         0  stubs.o ABSOLUTE
    _printf_p                                0x00000000   Number         0  stubs.o ABSOLUTE
    _printf_percent                          0x00000000   Number         0  stubs.o ABSOLUTE
    _printf_pre_padding                      0x00000000   Number         0  stubs.o ABSOLUTE
    _printf_return_value                     0x00000000   Number         0  stubs.o ABSOLUTE
    _printf_s                                0x00000000   Number         0  stubs.o ABSOLUTE
    _printf_sizespec                         0x00000000   Number         0  stubs.o ABSOLUTE
    _printf_str                              0x00000000   Number         0  stubs.o ABSOLUTE
    _printf_truncate_signed                  0x00000000   Number         0  stubs.o ABSOLUTE
    _printf_truncate_unsigned                0x00000000   Number         0  stubs.o ABSOLUTE
    _printf_u                                0x00000000   Number         0  stubs.o ABSOLUTE
    _printf_wc                               0x00000000   Number         0  stubs.o ABSOLUTE
    _printf_wctomb                           0x00000000   Number         0  stubs.o ABSOLUTE
    _printf_widthprec                        0x00000000   Number         0  stubs.o ABSOLUTE
    _printf_x                                0x00000000   Number         0  stubs.o ABSOLUTE
    __cpp_initialize__aeabi_                  - Undefined Weak Reference
    __cxa_finalize                            - Undefined Weak Reference
    __decompress                              - Undefined Weak Reference
    _clock_init                               - Undefined Weak Reference
    _microlib_exit                            - Undefined Weak Reference
    __Vectors_Size                           0x000000ec   Number         0  startup_stm32f10x_md.o ABSOLUTE
    __Vectors                                0x08000000   Data           4  startup_stm32f10x_md.o(RESET)
    __Vectors_End                            0x080000ec   Data           0  startup_stm32f10x_md.o(RESET)
    __main                                   0x080000ed   Thumb Code     0  entry.o(.ARM.Collect$$$$00000000)
    _main_stk                                0x080000ed   Thumb Code     0  entry2.o(.ARM.Collect$$$$00000001)
    _main_scatterload                        0x080000f1   Thumb Code     0  entry5.o(.ARM.Collect$$$$00000004)
    __main_after_scatterload                 0x080000f5   Thumb Code     0  entry5.o(.ARM.Collect$$$$00000004)
    _main_clock                              0x080000f5   Thumb Code     0  entry7b.o(.ARM.Collect$$$$00000008)
    _main_cpp_init                           0x080000f5   Thumb Code     0  entry8b.o(.ARM.Collect$$$$0000000A)
    _main_init                               0x080000f5   Thumb Code     0  entry9a.o(.ARM.Collect$$$$0000000B)
    __rt_final_cpp                           0x080000fd   Thumb Code     0  entry10a.o(.ARM.Collect$$$$0000000D)
    __rt_final_exit                          0x080000fd   Thumb Code     0  entry11a.o(.ARM.Collect$$$$0000000F)
    Reset_Handler                            0x08000101   Thumb Code     8  startup_stm32f10x_md.o(.text)
    ADC1_2_IRQHandler                        0x0800011b   Thumb Code     0  startup_stm32f10x_md.o(.text)
    CAN1_RX1_IRQHandler                      0x0800011b   Thumb Code     0  startup_stm32f10x_md.o(.text)
    CAN1_SCE_IRQHandler                      0x0800011b   Thumb Code     0  startup_stm32f10x_md.o(.text)
    DMA1_Channel1_IRQHandler                 0x0800011b   Thumb Code     0  startup_stm32f10x_md.o(.text)
    DMA1_Channel2_IRQHandler                 0x0800011b   Thumb Code     0  startup_stm32f10x_md.o(.text)
    DMA1_Channel3_IRQHandler                 0x0800011b   Thumb Code     0  startup_stm32f10x_md.o(.text)
    DMA1_Channel4_IRQHandler                 0x0800011b   Thumb Code     0  startup_stm32f10x_md.o(.text)
    DMA1_Channel5_IRQHandler                 0x0800011b   Thumb Code     0  startup_stm32f10x_md.o(.text)
    DMA1_Channel6_IRQHandler                 0x0800011b   Thumb Code     0  startup_stm32f10x_md.o(.text)
    DMA1_Channel7_IRQHandler                 0x0800011b   Thumb Code     0  startup_stm32f10x_md.o(.text)
    EXTI0_IRQHandler                         0x0800011b   Thumb Code     0  startup_stm32f10x_md.o(.text)
    EXTI15_10_IRQHandler                     0x0800011b   Thumb Code     0  startup_stm32f10x_md.o(.text)
    EXTI1_IRQHandler                         0x0800011b   Thumb Code     0  startup_stm32f10x_md.o(.text)
    EXTI2_IRQHandler                         0x0800011b   Thumb Code     0  startup_stm32f10x_md.o(.text)
    EXTI3_IRQHandler                         0x0800011b   Thumb Code     0  startup_stm32f10x_md.o(.text)
    EXTI4_IRQHandler                         0x0800011b   Thumb Code     0  startup_stm32f10x_md.o(.text)
    EXTI9_5_IRQHandler                       0x0800011b   Thumb Code     0  startup_stm32f10x_md.o(.text)
    FLASH_IRQHandler                         0x0800011b   Thumb Code     0  startup_stm32f10x_md.o(.text)
    I2C1_ER_IRQHandler                       0x0800011b   Thumb Code     0  startup_stm32f10x_md.o(.text)
    I2C1_EV_IRQHandler                       0x0800011b   Thumb Code     0  startup_stm32f10x_md.o(.text)
    I2C2_ER_IRQHandler                       0x0800011b   Thumb Code     0  startup_stm32f10x_md.o(.text)
    I2C2_EV_IRQHandler                       0x0800011b   Thumb Code     0  startup_stm32f10x_md.o(.text)
    PVD_IRQHandler                           0x0800011b   Thumb Code     0  startup_stm32f10x_md.o(.text)
    RCC_IRQHandler                           0x0800011b   Thumb Code     0  startup_stm32f10x_md.o(.text)
    RTCAlarm_IRQHandler                      0x0800011b   Thumb Code     0  startup_stm32f10x_md.o(.text)
    RTC_IRQHandler                           0x0800011b   Thumb Code     0  startup_stm32f10x_md.o(.text)
    SPI1_IRQHandler                          0x0800011b   Thumb Code     0  startup_stm32f10x_md.o(.text)
    SPI2_IRQHandler                          0x0800011b   Thumb Code     0  startup_stm32f10x_md.o(.text)
    TAMPER_IRQHandler                        0x0800011b   Thumb Code     0  startup_stm32f10x_md.o(.text)
    TIM1_BRK_IRQHandler                      0x0800011b   Thumb Code     0  startup_stm32f10x_md.o(.text)
    TIM1_CC_IRQHandler                       0x0800011b   Thumb Code     0  startup_stm32f10x_md.o(.text)
    TIM1_TRG_COM_IRQHandler                  0x0800011b   Thumb Code     0  startup_stm32f10x_md.o(.text)
    TIM1_UP_IRQHandler                       0x0800011b   Thumb Code     0  startup_stm32f10x_md.o(.text)
    TIM2_IRQHandler                          0x0800011b   Thumb Code     0  startup_stm32f10x_md.o(.text)
    TIM4_IRQHandler                          0x0800011b   Thumb Code     0  startup_stm32f10x_md.o(.text)
    USART2_IRQHandler                        0x0800011b   Thumb Code     0  startup_stm32f10x_md.o(.text)
    USART3_IRQHandler                        0x0800011b   Thumb Code     0  startup_stm32f10x_md.o(.text)
    USBWakeUp_IRQHandler                     0x0800011b   Thumb Code     0  startup_stm32f10x_md.o(.text)
    USB_HP_CAN1_TX_IRQHandler                0x0800011b   Thumb Code     0  startup_stm32f10x_md.o(.text)
    USB_LP_CAN1_RX0_IRQHandler               0x0800011b   Thumb Code     0  startup_stm32f10x_md.o(.text)
    WWDG_IRQHandler                          0x0800011b   Thumb Code     0  startup_stm32f10x_md.o(.text)
    __aeabi_memcpy                           0x08000125   Thumb Code    36  memcpya.o(.text)
    __aeabi_memcpy4                          0x08000125   Thumb Code     0  memcpya.o(.text)
    __aeabi_memcpy8                          0x08000125   Thumb Code     0  memcpya.o(.text)
    __aeabi_memset                           0x08000149   Thumb Code    14  memseta.o(.text)
    __aeabi_memset4                          0x08000149   Thumb Code     0  memseta.o(.text)
    __aeabi_memset8                          0x08000149   Thumb Code     0  memseta.o(.text)
    __aeabi_memclr                           0x08000157   Thumb Code     4  memseta.o(.text)
    __aeabi_memclr4                          0x08000157   Thumb Code     0  memseta.o(.text)
    __aeabi_memclr8                          0x08000157   Thumb Code     0  memseta.o(.text)
    _memset$wrapper                          0x0800015b   Thumb Code    18  memseta.o(.text)
    __aeabi_fadd                             0x0800016d   Thumb Code   164  fadd.o(.text)
    __aeabi_fsub                             0x08000211   Thumb Code     6  fadd.o(.text)
    __aeabi_frsub                            0x08000217   Thumb Code     6  fadd.o(.text)
    __aeabi_fmul                             0x0800021d   Thumb Code   100  fmul.o(.text)
    __aeabi_fdiv                             0x08000281   Thumb Code   124  fdiv.o(.text)
    __aeabi_dmul                             0x080002fd   Thumb Code   228  dmul.o(.text)
    __aeabi_ddiv                             0x080003e1   Thumb Code   222  ddiv.o(.text)
    __aeabi_i2f                              0x080004bf   Thumb Code    18  fflti.o(.text)
    __aeabi_ui2f                             0x080004d1   Thumb Code    10  ffltui.o(.text)
    __aeabi_i2d                              0x080004db   Thumb Code    34  dflti.o(.text)
    __aeabi_f2iz                             0x080004fd   Thumb Code    50  ffixi.o(.text)
    __aeabi_f2uiz                            0x0800052f   Thumb Code    40  ffixui.o(.text)
    __aeabi_f2d                              0x08000557   Thumb Code    38  f2d.o(.text)
    __aeabi_cdrcmple                         0x0800057d   Thumb Code    48  cdrcmple.o(.text)
    __aeabi_d2f                              0x080005ad   Thumb Code    56  d2f.o(.text)
    __aeabi_cfcmpeq                          0x080005e5   Thumb Code     0  cfcmple.o(.text)
    __aeabi_cfcmple                          0x080005e5   Thumb Code    20  cfcmple.o(.text)
    __aeabi_cfrcmple                         0x080005f9   Thumb Code    20  cfrcmple.o(.text)
    __aeabi_uidiv                            0x0800060d   Thumb Code     0  uidiv.o(.text)
    __aeabi_uidivmod                         0x0800060d   Thumb Code    44  uidiv.o(.text)
    __aeabi_uldivmod                         0x08000639   Thumb Code    98  uldiv.o(.text)
    __I$use$fp                               0x0800069b   Thumb Code     0  iusefp.o(.text)
    _float_round                             0x0800069b   Thumb Code    18  fepilogue.o(.text)
    _float_epilogue                          0x080006ad   Thumb Code    92  fepilogue.o(.text)
    __ARM_scalbnf                            0x08000709   Thumb Code    24  fscalb.o(.text)
    scalbnf                                  0x08000709   Thumb Code     0  fscalb.o(.text)
    _frnd                                    0x08000721   Thumb Code    60  frnd.o(.text)
    _double_round                            0x0800075d   Thumb Code    30  depilogue.o(.text)
    _double_epilogue                         0x0800077b   Thumb Code   156  depilogue.o(.text)
    __aeabi_dadd                             0x08000817   Thumb Code   322  dadd.o(.text)
    __aeabi_dsub                             0x08000959   Thumb Code     6  dadd.o(.text)
    __aeabi_drsub                            0x0800095f   Thumb Code     6  dadd.o(.text)
    _dsqrt                                   0x08000965   Thumb Code   162  dsqrt.o(.text)
    __aeabi_d2ulz                            0x08000a07   Thumb Code    48  dfixul.o(.text)
    __scatterload                            0x08000a39   Thumb Code    28  init.o(.text)
    __scatterload_rt2                        0x08000a39   Thumb Code     0  init.o(.text)
    __aeabi_llsl                             0x08000a5d   Thumb Code    30  llshl.o(.text)
    _ll_shift_l                              0x08000a5d   Thumb Code     0  llshl.o(.text)
    __aeabi_llsr                             0x08000a7b   Thumb Code    32  llushr.o(.text)
    _ll_ushift_r                             0x08000a7b   Thumb Code     0  llushr.o(.text)
    __aeabi_lasr                             0x08000a9b   Thumb Code    36  llsshr.o(.text)
    _ll_sshift_r                             0x08000a9b   Thumb Code     0  llsshr.o(.text)
    _fsqrt                                   0x08000abf   Thumb Code    94  fsqrt.o(.text)
    AK8963_GetID                             0x08000b1d   Thumb Code    10  mpu9250.o(i.AK8963_GetID)
    AK8963_ReadReg                           0x08000b29   Thumb Code   138  mpu9250.o(i.AK8963_ReadReg)
    AK8963_WriteReg                          0x08000bc1   Thumb Code    86  mpu9250.o(i.AK8963_WriteReg)
    ANO_DT_Data_Exchange                     0x08000c25   Thumb Code   720  serial.o(i.ANO_DT_Data_Exchange)
    ANO_DT_Data_Receive_Anl                  0x08000f51   Thumb Code   562  serial.o(i.ANO_DT_Data_Receive_Anl)
    ANO_DT_Data_Receive_Prepare              0x0800119d   Thumb Code   216  serial.o(i.ANO_DT_Data_Receive_Prepare)
    ANO_DT_Send_Data                         0x080012cd   Thumb Code    16  serial.o(i.ANO_DT_Send_Data)
    ANO_DT_Send_MotoPWM                      0x080012dd   Thumb Code   294  serial.o(i.ANO_DT_Send_MotoPWM)
    ANO_DT_Send_PID                          0x08001409   Thumb Code   514  serial.o(i.ANO_DT_Send_PID)
    ANO_DT_Send_RCData                       0x08001615   Thumb Code   350  serial.o(i.ANO_DT_Send_RCData)
    ANO_DT_Send_Senser                       0x08001779   Thumb Code   374  serial.o(i.ANO_DT_Send_Senser)
    ANO_DT_Send_Status                       0x080018f5   Thumb Code   318  serial.o(i.ANO_DT_Send_Status)
    BusFault_Handler                         0x08001a3d   Thumb Code     4  stm32f10x_it.o(i.BusFault_Handler)
    Data_Send_Angle2Rate                     0x08001a41   Thumb Code   566  serial.o(i.Data_Send_Angle2Rate)
    Data_Send_AngleRate                      0x08001c7d   Thumb Code   566  serial.o(i.Data_Send_AngleRate)
    DebugMon_Handler                         0x08001eb9   Thumb Code     2  stm32f10x_it.o(i.DebugMon_Handler)
    Delay_ms                                 0x08001ebb   Thumb Code    24  delay.o(i.Delay_ms)
    Delay_us                                 0x08001ed3   Thumb Code    46  delay.o(i.Delay_us)
    GPIO_Init                                0x08001f01   Thumb Code   278  stm32f10x_gpio.o(i.GPIO_Init)
    GPIO_WriteBit                            0x08002017   Thumb Code    10  stm32f10x_gpio.o(i.GPIO_WriteBit)
    Get_Remote_Control                       0x08002021   Thumb Code    80  ic.o(i.Get_Remote_Control)
    HardFault_Handler                        0x0800207d   Thumb Code     4  stm32f10x_it.o(i.HardFault_Handler)
    I2C_AcknowledgeConfig                    0x08002081   Thumb Code    24  stm32f10x_i2c.o(i.I2C_AcknowledgeConfig)
    I2C_CheckEvent                           0x08002099   Thumb Code    42  stm32f10x_i2c.o(i.I2C_CheckEvent)
    I2C_Cmd                                  0x080020c3   Thumb Code    24  stm32f10x_i2c.o(i.I2C_Cmd)
    I2C_GenerateSTART                        0x080020db   Thumb Code    24  stm32f10x_i2c.o(i.I2C_GenerateSTART)
    I2C_GenerateSTOP                         0x080020f3   Thumb Code    24  stm32f10x_i2c.o(i.I2C_GenerateSTOP)
    I2C_Init                                 0x0800210d   Thumb Code   222  stm32f10x_i2c.o(i.I2C_Init)
    I2C_ReceiveData                          0x080021f9   Thumb Code     8  stm32f10x_i2c.o(i.I2C_ReceiveData)
    I2C_Send7bitAddress                      0x08002201   Thumb Code    18  stm32f10x_i2c.o(i.I2C_Send7bitAddress)
    I2C_SendData                             0x08002213   Thumb Code     4  stm32f10x_i2c.o(i.I2C_SendData)
    IC_Init                                  0x08002219   Thumb Code   388  ic.o(i.IC_Init)
    LED_Init                                 0x080023ad   Thumb Code    38  led.o(i.LED_Init)
    MPU9250_Calibrate                        0x080023d9   Thumb Code   340  mpu9250.o(i.MPU9250_Calibrate)
    MPU9250_Calibrate_Calculate              0x0800254d   Thumb Code   382  mpu9250.o(i.MPU9250_Calibrate_Calculate)
    MPU9250_GetData_continuous               0x080026cd   Thumb Code   440  mpu9250.o(i.MPU9250_GetData_continuous)
    MPU9250_Init                             0x08002891   Thumb Code   420  mpu9250.o(i.MPU9250_Init)
    MPU9250_Mag_Calibrate_PrepareData        0x08002a4d   Thumb Code   232  mpu9250.o(i.MPU9250_Mag_Calibrate_PrepareData)
    MPU9250_Offset_Calibrate                 0x08002b55   Thumb Code   264  mpu9250.o(i.MPU9250_Offset_Calibrate)
    MPU9250_WaitEvent                        0x08002c81   Thumb Code    34  mpu9250.o(i.MPU9250_WaitEvent)
    MPU9250_WriteReg                         0x08002ca5   Thumb Code    86  mpu9250.o(i.MPU9250_WriteReg)
    MahonyAHRSupdate                         0x08002d09   Thumb Code  1790  mahonyahrs.o(i.MahonyAHRSupdate)
    MahonyAHRSupdateIMU                      0x0800342d   Thumb Code   984  mahonyahrs.o(i.MahonyAHRSupdateIMU)
    Make6_1Matrix                            0x08003831   Thumb Code    14  matrix.o(i.Make6_1Matrix)
    MakeMat                                  0x0800383f   Thumb Code    38  matrix.o(i.MakeMat)
    Matrix6_1_Multiply                       0x08003865   Thumb Code    76  matrix.o(i.Matrix6_1_Multiply)
    Matrix_Multiply                          0x080038b1   Thumb Code   106  matrix.o(i.Matrix_Multiply)
    Matrix_Transpose                         0x0800391b   Thumb Code    56  matrix.o(i.Matrix_Transpose)
    Matrix_input                             0x08003953   Thumb Code   172  matrix.o(i.Matrix_input)
    Matrix_inverse                           0x08003a01   Thumb Code   560  matrix.o(i.Matrix_inverse)
    MemManage_Handler                        0x08003c39   Thumb Code     4  stm32f10x_it.o(i.MemManage_Handler)
    Motor_Output                             0x08003c3d   Thumb Code    52  pwm.o(i.Motor_Output)
    NMI_Handler                              0x08003c75   Thumb Code     2  stm32f10x_it.o(i.NMI_Handler)
    NVIC_Init                                0x08003c79   Thumb Code   100  misc.o(i.NVIC_Init)
    NVIC_PriorityGroupConfig                 0x08003ce9   Thumb Code    10  misc.o(i.NVIC_PriorityGroupConfig)
    OLED_Clear                               0x08003cfd   Thumb Code    42  oled.o(i.OLED_Clear)
    OLED_I2C_Init                            0x08003d29   Thumb Code    72  oled.o(i.OLED_I2C_Init)
    OLED_I2C_SendByte                        0x08003d75   Thumb Code    74  oled.o(i.OLED_I2C_SendByte)
    OLED_I2C_Start                           0x08003dc5   Thumb Code    44  oled.o(i.OLED_I2C_Start)
    OLED_I2C_Stop                            0x08003df5   Thumb Code    34  oled.o(i.OLED_I2C_Stop)
    OLED_Init                                0x08003e1d   Thumb Code   174  oled.o(i.OLED_Init)
    OLED_Pow                                 0x08003ecb   Thumb Code    20  oled.o(i.OLED_Pow)
    OLED_SetCursor                           0x08003edf   Thumb Code    34  oled.o(i.OLED_SetCursor)
    OLED_ShowChar                            0x08003f01   Thumb Code   110  oled.o(i.OLED_ShowChar)
    OLED_ShowSignedNum                       0x08003f75   Thumb Code   102  oled.o(i.OLED_ShowSignedNum)
    OLED_WriteCommand                        0x08003fdb   Thumb Code    32  oled.o(i.OLED_WriteCommand)
    OLED_WriteData                           0x08003ffb   Thumb Code    32  oled.o(i.OLED_WriteData)
    PID_Calc                                 0x0800401b   Thumb Code   178  pid.o(i.PID_Calc)
    PID_Calc_lpf2                            0x080040cd   Thumb Code   198  pid.o(i.PID_Calc_lpf2)
    PID_CascadeCalc                          0x08004193   Thumb Code    46  pid.o(i.PID_CascadeCalc)
    PID_Init                                 0x080041c1   Thumb Code    62  pid.o(i.PID_Init)
    PWM_Init                                 0x08004201   Thumb Code   176  pwm.o(i.PWM_Init)
    PendSV_Handler                           0x080042b5   Thumb Code     2  stm32f10x_it.o(i.PendSV_Handler)
    RCC_APB1PeriphClockCmd                   0x080042b9   Thumb Code    26  stm32f10x_rcc.o(i.RCC_APB1PeriphClockCmd)
    RCC_APB2PeriphClockCmd                   0x080042d9   Thumb Code    26  stm32f10x_rcc.o(i.RCC_APB2PeriphClockCmd)
    RCC_GetClocksFreq                        0x080042f9   Thumb Code   192  stm32f10x_rcc.o(i.RCC_GetClocksFreq)
    READ_MPU9250_MAG                         0x080043cd   Thumb Code   346  mpu9250.o(i.READ_MPU9250_MAG)
    SVC_Handler                              0x08004541   Thumb Code     2  stm32f10x_it.o(i.SVC_Handler)
    Serial_Init                              0x08004545   Thumb Code   172  serial.o(i.Serial_Init)
    Serial_SendArray                         0x080045fd   Thumb Code    26  serial.o(i.Serial_SendArray)
    Serial_SendByte                          0x08004619   Thumb Code    28  serial.o(i.Serial_SendByte)
    SysTick_Handler                          0x08004721   Thumb Code     2  stm32f10x_it.o(i.SysTick_Handler)
    SystemInit                               0x08004725   Thumb Code    78  system_stm32f10x.o(i.SystemInit)
    TIM3_IRQHandler                          0x080049c5   Thumb Code    92  main.o(i.TIM3_IRQHandler)
    TIM_ClearFlag                            0x08004a35   Thumb Code     6  stm32f10x_tim.o(i.TIM_ClearFlag)
    TIM_ClearITPendingBit                    0x08004a3b   Thumb Code     6  stm32f10x_tim.o(i.TIM_ClearITPendingBit)
    TIM_Cmd                                  0x08004a41   Thumb Code    24  stm32f10x_tim.o(i.TIM_Cmd)
    TIM_GetCapture2                          0x08004a59   Thumb Code     6  stm32f10x_tim.o(i.TIM_GetCapture2)
    TIM_GetCapture3                          0x08004a5f   Thumb Code     6  stm32f10x_tim.o(i.TIM_GetCapture3)
    TIM_GetCapture4                          0x08004a65   Thumb Code     8  stm32f10x_tim.o(i.TIM_GetCapture4)
    TIM_GetITStatus                          0x08004a6d   Thumb Code    34  stm32f10x_tim.o(i.TIM_GetITStatus)
    TIM_ICInit                               0x08004a91   Thumb Code   150  stm32f10x_tim.o(i.TIM_ICInit)
    TIM_ITConfig                             0x08004b3d   Thumb Code    18  stm32f10x_tim.o(i.TIM_ITConfig)
    TIM_InternalClockConfig                  0x08004b4f   Thumb Code    12  stm32f10x_tim.o(i.TIM_InternalClockConfig)
    TIM_OC1Init                              0x08004b5d   Thumb Code   132  stm32f10x_tim.o(i.TIM_OC1Init)
    TIM_OC2Init                              0x08004bf5   Thumb Code   154  stm32f10x_tim.o(i.TIM_OC2Init)
    TIM_OC3Init                              0x08004c99   Thumb Code   150  stm32f10x_tim.o(i.TIM_OC3Init)
    TIM_OC4Init                              0x08004d39   Thumb Code   114  stm32f10x_tim.o(i.TIM_OC4Init)
    TIM_OCStructInit                         0x08004db5   Thumb Code    20  stm32f10x_tim.o(i.TIM_OCStructInit)
    TIM_PWMIConfig                           0x08004dc9   Thumb Code   124  stm32f10x_tim.o(i.TIM_PWMIConfig)
    TIM_SelectInputTrigger                   0x08004e45   Thumb Code    18  stm32f10x_tim.o(i.TIM_SelectInputTrigger)
    TIM_SelectSlaveMode                      0x08004e57   Thumb Code    18  stm32f10x_tim.o(i.TIM_SelectSlaveMode)
    TIM_SetCompare1                          0x08004e69   Thumb Code     4  stm32f10x_tim.o(i.TIM_SetCompare1)
    TIM_SetCompare2                          0x08004e6d   Thumb Code     4  stm32f10x_tim.o(i.TIM_SetCompare2)
    TIM_SetCompare3                          0x08004e71   Thumb Code     4  stm32f10x_tim.o(i.TIM_SetCompare3)
    TIM_SetCompare4                          0x08004e75   Thumb Code     6  stm32f10x_tim.o(i.TIM_SetCompare4)
    TIM_SetIC1Prescaler                      0x08004e7b   Thumb Code    18  stm32f10x_tim.o(i.TIM_SetIC1Prescaler)
    TIM_SetIC2Prescaler                      0x08004e8d   Thumb Code    26  stm32f10x_tim.o(i.TIM_SetIC2Prescaler)
    TIM_SetIC3Prescaler                      0x08004ea7   Thumb Code    18  stm32f10x_tim.o(i.TIM_SetIC3Prescaler)
    TIM_SetIC4Prescaler                      0x08004eb9   Thumb Code    26  stm32f10x_tim.o(i.TIM_SetIC4Prescaler)
    TIM_TimeBaseInit                         0x08004ed5   Thumb Code   122  stm32f10x_tim.o(i.TIM_TimeBaseInit)
    Timer_Init                               0x08004f79   Thumb Code   120  timer.o(i.Timer_Init)
    USART1_IRQHandler                        0x08004ff5   Thumb Code    52  serial.o(i.USART1_IRQHandler)
    USART_ClearITPendingBit                  0x08005035   Thumb Code    30  stm32f10x_usart.o(i.USART_ClearITPendingBit)
    USART_Cmd                                0x08005053   Thumb Code    24  stm32f10x_usart.o(i.USART_Cmd)
    USART_GetFlagStatus                      0x0800506b   Thumb Code    26  stm32f10x_usart.o(i.USART_GetFlagStatus)
    USART_GetITStatus                        0x08005085   Thumb Code    84  stm32f10x_usart.o(i.USART_GetITStatus)
    USART_ITConfig                           0x080050d9   Thumb Code    74  stm32f10x_usart.o(i.USART_ITConfig)
    USART_Init                               0x08005125   Thumb Code   210  stm32f10x_usart.o(i.USART_Init)
    USART_ReceiveData                        0x080051fd   Thumb Code    10  stm32f10x_usart.o(i.USART_ReceiveData)
    USART_SendData                           0x08005207   Thumb Code     8  stm32f10x_usart.o(i.USART_SendData)
    UsageFault_Handler                       0x0800520f   Thumb Code     4  stm32f10x_it.o(i.UsageFault_Handler)
    __0printf                                0x08005215   Thumb Code    22  printfa.o(i.__0printf)
    __1printf                                0x08005215   Thumb Code     0  printfa.o(i.__0printf)
    __2printf                                0x08005215   Thumb Code     0  printfa.o(i.__0printf)
    __c89printf                              0x08005215   Thumb Code     0  printfa.o(i.__0printf)
    printf                                   0x08005215   Thumb Code     0  printfa.o(i.__0printf)
    __ARM_fpclassifyf                        0x08005235   Thumb Code    38  fpclassifyf.o(i.__ARM_fpclassifyf)
    __mathlib_flt_infnan                     0x0800525b   Thumb Code     6  funder.o(i.__mathlib_flt_infnan)
    __mathlib_flt_infnan2                    0x08005261   Thumb Code     4  funder.o(i.__mathlib_flt_infnan2)
    __mathlib_flt_invalid                    0x08005265   Thumb Code     8  funder.o(i.__mathlib_flt_invalid)
    __mathlib_flt_underflow                  0x0800526d   Thumb Code    10  funder.o(i.__mathlib_flt_underflow)
    __mathlib_rredf2                         0x08005279   Thumb Code   344  rredf.o(i.__mathlib_rredf2)
    __scatterload_copy                       0x080053e1   Thumb Code    14  handlers.o(i.__scatterload_copy)
    __scatterload_null                       0x080053ef   Thumb Code     2  handlers.o(i.__scatterload_null)
    __scatterload_zeroinit                   0x080053f1   Thumb Code    14  handlers.o(i.__scatterload_zeroinit)
    __set_errno                              0x08005401   Thumb Code     6  errno.o(i.__set_errno)
    asinf                                    0x08005cc1   Thumb Code   254  asinf.o(i.asinf)
    atan2f                                   0x08005de5   Thumb Code   528  atan2f.o(i.atan2f)
    cosf                                     0x08006041   Thumb Code   328  cosf.o(i.cosf)
    fputc                                    0x080061bd   Thumb Code    16  serial.o(i.fputc)
    free                                     0x080061cd   Thumb Code    76  malloc.o(i.free)
    free_Matrix                              0x0800621d   Thumb Code    30  matrix.o(i.free_Matrix)
    invSqrt                                  0x0800623d   Thumb Code    72  mahonyahrs.o(i.invSqrt)
    lpf2pApply                               0x08006289   Thumb Code   122  filter.o(i.lpf2pApply)
    lpf2pInit                                0x08006303   Thumb Code    36  filter.o(i.lpf2pInit)
    lpf2pSetCutoffFreq                       0x08006329   Thumb Code   234  filter.o(i.lpf2pSetCutoffFreq)
    main                                     0x0800641d   Thumb Code   974  main.o(i.main)
    malloc                                   0x08006875   Thumb Code    92  malloc.o(i.malloc)
    sqrt                                     0x080068e1   Thumb Code    76  sqrt.o(i.sqrt)
    sqrtf                                    0x0800692d   Thumb Code    44  sqrtf.o(i.sqrtf)
    tanf                                     0x08006959   Thumb Code   314  tanf.o(i.tanf)
    OLED_F8x16                               0x08006acc   Data        1520  oled.o(.constdata)
    Region$$Table$$Base                      0x080070dc   Number         0  anon$$obj.o(Region$$Table)
    Region$$Table$$Limit                     0x080070fc   Number         0  anon$$obj.o(Region$$Table)
    ID                                       0x20000014   Data           1  main.o(.data)
    imu_Flag                                 0x20000015   Data           1  main.o(.data)
    serial_flag                              0x20000016   Data           1  main.o(.data)
    AX                                       0x20000018   Data           2  main.o(.data)
    AY                                       0x2000001a   Data           2  main.o(.data)
    AZ                                       0x2000001c   Data           2  main.o(.data)
    GX                                       0x2000001e   Data           2  main.o(.data)
    GY                                       0x20000020   Data           2  main.o(.data)
    GZ                                       0x20000022   Data           2  main.o(.data)
    a12                                      0x20000024   Data           4  main.o(.data)
    a22                                      0x20000028   Data           4  main.o(.data)
    a31                                      0x2000002c   Data           4  main.o(.data)
    a32                                      0x20000030   Data           4  main.o(.data)
    a33                                      0x20000034   Data           4  main.o(.data)
    feedbackValue                            0x20000038   Data           4  main.o(.data)
    twoKp                                    0x20000040   Data           4  mahonyahrs.o(.data)
    twoKi                                    0x20000044   Data           4  mahonyahrs.o(.data)
    q0                                       0x20000048   Data           4  mahonyahrs.o(.data)
    q1                                       0x2000004c   Data           4  mahonyahrs.o(.data)
    q2                                       0x20000050   Data           4  mahonyahrs.o(.data)
    q3                                       0x20000054   Data           4  mahonyahrs.o(.data)
    integralFBx                              0x20000058   Data           4  mahonyahrs.o(.data)
    integralFBy                              0x2000005c   Data           4  mahonyahrs.o(.data)
    integralFBz                              0x20000060   Data           4  mahonyahrs.o(.data)
    Remote_Control_Structure                 0x20000064   Data           8  ic.o(.data)
    Serial_RxData                            0x2000006c   Data           1  serial.o(.data)
    Serial_RxFlag                            0x2000006d   Data           1  serial.o(.data)
    flag                                     0x2000006e   Data           1  serial.o(.data)
    Motor_Structure                          0x20000078   Data           8  pwm.o(.data)
    Offset_Structure                         0x20000080   Data          12  mpu9250.o(.data)
    x_axis                                   0x2000008c   Data           1  mpu9250.o(.data)
    y_axis                                   0x2000008d   Data           1  mpu9250.o(.data)
    z_axis                                   0x2000008e   Data           1  mpu9250.o(.data)
    MPU9250_Mag_Calibrate_flag               0x2000008f   Data           1  mpu9250.o(.data)
    MPU9250_Acc_Gryo_Calibrate_flag          0x20000090   Data           1  mpu9250.o(.data)
    Calibrate_Structure_Mag                  0x20000094   Data          24  mpu9250.o(.data)
    __stdout                                 0x200000cc   Data           4  stdout.o(.data)
    __microlib_freelist                      0x200000d0   Data           4  mvars.o(.data)
    __microlib_freelist_initialised          0x200000d4   Data           4  mvars.o(.data)
    PID_Structure                            0x200000dc   Data         104  pid.o(.bss)
    PID_Roll_Structure                       0x20000144   Data         212  pid.o(.bss)
    Attitude_Structure                       0x20000218   Data          12  mahonyahrs.o(.bss)
    f                                        0x20000224   Data          10  serial.o(.bss)
    data_to_send                             0x2000022e   Data          50  serial.o(.bss)
    Result_Structure                         0x20000294   Data          36  mpu9250.o(.bss)
    IMU_Structure                            0x200002b8   Data          20  mpu9250.o(.bss)
    __heap_base                              0x20000318   Data           0  startup_stm32f10x_md.o(HEAP)
    __heap_limit                             0x20001317   Data           0  startup_stm32f10x_md.o(HEAP)
    __initial_sp                             0x20001718   Data           0  startup_stm32f10x_md.o(STACK)



==============================================================================

Memory Map of the image

  Image Entry point : 0x080000ed

  Load Region LR_IROM1 (Base: 0x08000000, Size: 0x000071d8, Max: 0x00010000, ABSOLUTE)

    Execution Region ER_IROM1 (Exec base: 0x08000000, Load base: 0x08000000, Size: 0x000070fc, Max: 0x00010000, ABSOLUTE)

    Exec Addr    Load Addr    Size         Type   Attr      Idx    E Section Name        Object

    0x08000000   0x08000000   0x000000ec   Data   RO            3    RESET               startup_stm32f10x_md.o
    0x080000ec   0x080000ec   0x00000000   Code   RO         4062  * .ARM.Collect$$$$00000000  mc_w.l(entry.o)
    0x080000ec   0x080000ec   0x00000004   Code   RO         4417    .ARM.Collect$$$$00000001  mc_w.l(entry2.o)
    0x080000f0   0x080000f0   0x00000004   Code   RO         4420    .ARM.Collect$$$$00000004  mc_w.l(entry5.o)
    0x080000f4   0x080000f4   0x00000000   Code   RO         4422    .ARM.Collect$$$$00000008  mc_w.l(entry7b.o)
    0x080000f4   0x080000f4   0x00000000   Code   RO         4424    .ARM.Collect$$$$0000000A  mc_w.l(entry8b.o)
    0x080000f4   0x080000f4   0x00000008   Code   RO         4425    .ARM.Collect$$$$0000000B  mc_w.l(entry9a.o)
    0x080000fc   0x080000fc   0x00000000   Code   RO         4427    .ARM.Collect$$$$0000000D  mc_w.l(entry10a.o)
    0x080000fc   0x080000fc   0x00000000   Code   RO         4429    .ARM.Collect$$$$0000000F  mc_w.l(entry11a.o)
    0x080000fc   0x080000fc   0x00000004   Code   RO         4418    .ARM.Collect$$$$00002712  mc_w.l(entry2.o)
    0x08000100   0x08000100   0x00000024   Code   RO            4    .text               startup_stm32f10x_md.o
    0x08000124   0x08000124   0x00000024   Code   RO         4065    .text               mc_w.l(memcpya.o)
    0x08000148   0x08000148   0x00000024   Code   RO         4067    .text               mc_w.l(memseta.o)
    0x0800016c   0x0800016c   0x000000b0   Code   RO         4360    .text               mf_w.l(fadd.o)
    0x0800021c   0x0800021c   0x00000064   Code   RO         4362    .text               mf_w.l(fmul.o)
    0x08000280   0x08000280   0x0000007c   Code   RO         4364    .text               mf_w.l(fdiv.o)
    0x080002fc   0x080002fc   0x000000e4   Code   RO         4366    .text               mf_w.l(dmul.o)
    0x080003e0   0x080003e0   0x000000de   Code   RO         4368    .text               mf_w.l(ddiv.o)
    0x080004be   0x080004be   0x00000012   Code   RO         4370    .text               mf_w.l(fflti.o)
    0x080004d0   0x080004d0   0x0000000a   Code   RO         4372    .text               mf_w.l(ffltui.o)
    0x080004da   0x080004da   0x00000022   Code   RO         4374    .text               mf_w.l(dflti.o)
    0x080004fc   0x080004fc   0x00000032   Code   RO         4376    .text               mf_w.l(ffixi.o)
    0x0800052e   0x0800052e   0x00000028   Code   RO         4378    .text               mf_w.l(ffixui.o)
    0x08000556   0x08000556   0x00000026   Code   RO         4380    .text               mf_w.l(f2d.o)
    0x0800057c   0x0800057c   0x00000030   Code   RO         4382    .text               mf_w.l(cdrcmple.o)
    0x080005ac   0x080005ac   0x00000038   Code   RO         4384    .text               mf_w.l(d2f.o)
    0x080005e4   0x080005e4   0x00000014   Code   RO         4386    .text               mf_w.l(cfcmple.o)
    0x080005f8   0x080005f8   0x00000014   Code   RO         4388    .text               mf_w.l(cfrcmple.o)
    0x0800060c   0x0800060c   0x0000002c   Code   RO         4432    .text               mc_w.l(uidiv.o)
    0x08000638   0x08000638   0x00000062   Code   RO         4434    .text               mc_w.l(uldiv.o)
    0x0800069a   0x0800069a   0x00000000   Code   RO         4445    .text               mc_w.l(iusefp.o)
    0x0800069a   0x0800069a   0x0000006e   Code   RO         4446    .text               mf_w.l(fepilogue.o)
    0x08000708   0x08000708   0x00000018   Code   RO         4448    .text               mf_w.l(fscalb.o)
    0x08000720   0x08000720   0x0000003c   Code   RO         4450    .text               mf_w.l(frnd.o)
    0x0800075c   0x0800075c   0x000000ba   Code   RO         4452    .text               mf_w.l(depilogue.o)
    0x08000816   0x08000816   0x0000014e   Code   RO         4454    .text               mf_w.l(dadd.o)
    0x08000964   0x08000964   0x000000a2   Code   RO         4456    .text               mf_w.l(dsqrt.o)
    0x08000a06   0x08000a06   0x00000030   Code   RO         4458    .text               mf_w.l(dfixul.o)
    0x08000a36   0x08000a36   0x00000002   PAD
    0x08000a38   0x08000a38   0x00000024   Code   RO         4462    .text               mc_w.l(init.o)
    0x08000a5c   0x08000a5c   0x0000001e   Code   RO         4464    .text               mc_w.l(llshl.o)
    0x08000a7a   0x08000a7a   0x00000020   Code   RO         4466    .text               mc_w.l(llushr.o)
    0x08000a9a   0x08000a9a   0x00000024   Code   RO         4468    .text               mc_w.l(llsshr.o)
    0x08000abe   0x08000abe   0x0000005e   Code   RO         4470    .text               mf_w.l(fsqrt.o)
    0x08000b1c   0x08000b1c   0x0000000a   Code   RO         3784    i.AK8963_GetID      mpu9250.o
    0x08000b26   0x08000b26   0x00000002   PAD
    0x08000b28   0x08000b28   0x00000098   Code   RO         3785    i.AK8963_ReadReg    mpu9250.o
    0x08000bc0   0x08000bc0   0x00000064   Code   RO         3786    i.AK8963_WriteReg   mpu9250.o
    0x08000c24   0x08000c24   0x0000032c   Code   RO         3588    i.ANO_DT_Data_Exchange  serial.o
    0x08000f50   0x08000f50   0x0000024c   Code   RO         3589    i.ANO_DT_Data_Receive_Anl  serial.o
    0x0800119c   0x0800119c   0x000000e8   Code   RO         3590    i.ANO_DT_Data_Receive_Prepare  serial.o
    0x08001284   0x08001284   0x00000048   Code   RO         3591    i.ANO_DT_Send_Check  serial.o
    0x080012cc   0x080012cc   0x00000010   Code   RO         3592    i.ANO_DT_Send_Data  serial.o
    0x080012dc   0x080012dc   0x0000012c   Code   RO         3593    i.ANO_DT_Send_MotoPWM  serial.o
    0x08001408   0x08001408   0x0000020c   Code   RO         3594    i.ANO_DT_Send_PID   serial.o
    0x08001614   0x08001614   0x00000164   Code   RO         3596    i.ANO_DT_Send_RCData  serial.o
    0x08001778   0x08001778   0x0000017c   Code   RO         3597    i.ANO_DT_Send_Senser  serial.o
    0x080018f4   0x080018f4   0x00000148   Code   RO         3598    i.ANO_DT_Send_Status  serial.o
    0x08001a3c   0x08001a3c   0x00000004   Code   RO         3264    i.BusFault_Handler  stm32f10x_it.o
    0x08001a40   0x08001a40   0x0000023c   Code   RO         3599    i.Data_Send_Angle2Rate  serial.o
    0x08001c7c   0x08001c7c   0x0000023c   Code   RO         3600    i.Data_Send_AngleRate  serial.o
    0x08001eb8   0x08001eb8   0x00000002   Code   RO         3265    i.DebugMon_Handler  stm32f10x_it.o
    0x08001eba   0x08001eba   0x00000018   Code   RO         3407    i.Delay_ms          delay.o
    0x08001ed2   0x08001ed2   0x0000002e   Code   RO         3409    i.Delay_us          delay.o
    0x08001f00   0x08001f00   0x00000116   Code   RO         1347    i.GPIO_Init         stm32f10x_gpio.o
    0x08002016   0x08002016   0x0000000a   Code   RO         1358    i.GPIO_WriteBit     stm32f10x_gpio.o
    0x08002020   0x08002020   0x0000005c   Code   RO         3563    i.Get_Remote_Control  ic.o
    0x0800207c   0x0800207c   0x00000004   Code   RO         3266    i.HardFault_Handler  stm32f10x_it.o
    0x08002080   0x08002080   0x00000018   Code   RO         1459    i.I2C_AcknowledgeConfig  stm32f10x_i2c.o
    0x08002098   0x08002098   0x0000002a   Code   RO         1461    i.I2C_CheckEvent    stm32f10x_i2c.o
    0x080020c2   0x080020c2   0x00000018   Code   RO         1464    i.I2C_Cmd           stm32f10x_i2c.o
    0x080020da   0x080020da   0x00000018   Code   RO         1471    i.I2C_GenerateSTART  stm32f10x_i2c.o
    0x080020f2   0x080020f2   0x00000018   Code   RO         1472    i.I2C_GenerateSTOP  stm32f10x_i2c.o
    0x0800210a   0x0800210a   0x00000002   PAD
    0x0800210c   0x0800210c   0x000000ec   Code   RO         1478    i.I2C_Init          stm32f10x_i2c.o
    0x080021f8   0x080021f8   0x00000008   Code   RO         1483    i.I2C_ReceiveData   stm32f10x_i2c.o
    0x08002200   0x08002200   0x00000012   Code   RO         1485    i.I2C_Send7bitAddress  stm32f10x_i2c.o
    0x08002212   0x08002212   0x00000004   Code   RO         1486    i.I2C_SendData      stm32f10x_i2c.o
    0x08002216   0x08002216   0x00000002   PAD
    0x08002218   0x08002218   0x00000194   Code   RO         3564    i.IC_Init           ic.o
    0x080023ac   0x080023ac   0x0000002c   Code   RO         3904    i.LED_Init          led.o
    0x080023d8   0x080023d8   0x00000174   Code   RO         3787    i.MPU9250_Calibrate  mpu9250.o
    0x0800254c   0x0800254c   0x0000017e   Code   RO         3788    i.MPU9250_Calibrate_Calculate  mpu9250.o
    0x080026ca   0x080026ca   0x00000002   PAD
    0x080026cc   0x080026cc   0x000001c4   Code   RO         3790    i.MPU9250_GetData_continuous  mpu9250.o
    0x08002890   0x08002890   0x000001bc   Code   RO         3792    i.MPU9250_Init      mpu9250.o
    0x08002a4c   0x08002a4c   0x00000108   Code   RO         3793    i.MPU9250_Mag_Calibrate_PrepareData  mpu9250.o
    0x08002b54   0x08002b54   0x0000012c   Code   RO         3794    i.MPU9250_Offset_Calibrate  mpu9250.o
    0x08002c80   0x08002c80   0x00000022   Code   RO         3796    i.MPU9250_WaitEvent  mpu9250.o
    0x08002ca2   0x08002ca2   0x00000002   PAD
    0x08002ca4   0x08002ca4   0x00000064   Code   RO         3797    i.MPU9250_WriteReg  mpu9250.o
    0x08002d08   0x08002d08   0x00000724   Code   RO         3372    i.MahonyAHRSupdate  mahonyahrs.o
    0x0800342c   0x0800342c   0x00000404   Code   RO         3373    i.MahonyAHRSupdateIMU  mahonyahrs.o
    0x08003830   0x08003830   0x0000000e   Code   RO         3916    i.Make6_1Matrix     matrix.o
    0x0800383e   0x0800383e   0x00000026   Code   RO         3917    i.MakeMat           matrix.o
    0x08003864   0x08003864   0x0000004c   Code   RO         3918    i.Matrix6_1_Multiply  matrix.o
    0x080038b0   0x080038b0   0x0000006a   Code   RO         3919    i.Matrix_Multiply   matrix.o
    0x0800391a   0x0800391a   0x00000038   Code   RO         3920    i.Matrix_Transpose  matrix.o
    0x08003952   0x08003952   0x000000ac   Code   RO         3921    i.Matrix_input      matrix.o
    0x080039fe   0x080039fe   0x00000002   PAD
    0x08003a00   0x08003a00   0x00000238   Code   RO         3922    i.Matrix_inverse    matrix.o
    0x08003c38   0x08003c38   0x00000004   Code   RO         3267    i.MemManage_Handler  stm32f10x_it.o
    0x08003c3c   0x08003c3c   0x00000038   Code   RO         3759    i.Motor_Output      pwm.o
    0x08003c74   0x08003c74   0x00000002   Code   RO         3268    i.NMI_Handler       stm32f10x_it.o
    0x08003c76   0x08003c76   0x00000002   PAD
    0x08003c78   0x08003c78   0x00000070   Code   RO          137    i.NVIC_Init         misc.o
    0x08003ce8   0x08003ce8   0x00000014   Code   RO          138    i.NVIC_PriorityGroupConfig  misc.o
    0x08003cfc   0x08003cfc   0x0000002a   Code   RO         3455    i.OLED_Clear        oled.o
    0x08003d26   0x08003d26   0x00000002   PAD
    0x08003d28   0x08003d28   0x0000004c   Code   RO         3456    i.OLED_I2C_Init     oled.o
    0x08003d74   0x08003d74   0x00000050   Code   RO         3457    i.OLED_I2C_SendByte  oled.o
    0x08003dc4   0x08003dc4   0x00000030   Code   RO         3458    i.OLED_I2C_Start    oled.o
    0x08003df4   0x08003df4   0x00000028   Code   RO         3459    i.OLED_I2C_Stop     oled.o
    0x08003e1c   0x08003e1c   0x000000ae   Code   RO         3460    i.OLED_Init         oled.o
    0x08003eca   0x08003eca   0x00000014   Code   RO         3461    i.OLED_Pow          oled.o
    0x08003ede   0x08003ede   0x00000022   Code   RO         3462    i.OLED_SetCursor    oled.o
    0x08003f00   0x08003f00   0x00000074   Code   RO         3464    i.OLED_ShowChar     oled.o
    0x08003f74   0x08003f74   0x00000066   Code   RO         3467    i.OLED_ShowSignedNum  oled.o
    0x08003fda   0x08003fda   0x00000020   Code   RO         3469    i.OLED_WriteCommand  oled.o
    0x08003ffa   0x08003ffa   0x00000020   Code   RO         3470    i.OLED_WriteData    oled.o
    0x0800401a   0x0800401a   0x000000b2   Code   RO         3327    i.PID_Calc          pid.o
    0x080040cc   0x080040cc   0x000000c6   Code   RO         3328    i.PID_Calc_lpf2     pid.o
    0x08004192   0x08004192   0x0000002e   Code   RO         3329    i.PID_CascadeCalc   pid.o
    0x080041c0   0x080041c0   0x0000003e   Code   RO         3330    i.PID_Init          pid.o
    0x080041fe   0x080041fe   0x00000002   PAD
    0x08004200   0x08004200   0x000000b4   Code   RO         3760    i.PWM_Init          pwm.o
    0x080042b4   0x080042b4   0x00000002   Code   RO         3269    i.PendSV_Handler    stm32f10x_it.o
    0x080042b6   0x080042b6   0x00000002   PAD
    0x080042b8   0x080042b8   0x00000020   Code   RO         1775    i.RCC_APB1PeriphClockCmd  stm32f10x_rcc.o
    0x080042d8   0x080042d8   0x00000020   Code   RO         1777    i.RCC_APB2PeriphClockCmd  stm32f10x_rcc.o
    0x080042f8   0x080042f8   0x000000d4   Code   RO         1785    i.RCC_GetClocksFreq  stm32f10x_rcc.o
    0x080043cc   0x080043cc   0x00000174   Code   RO         3798    i.READ_MPU9250_MAG  mpu9250.o
    0x08004540   0x08004540   0x00000002   Code   RO         3270    i.SVC_Handler       stm32f10x_it.o
    0x08004542   0x08004542   0x00000002   PAD
    0x08004544   0x08004544   0x000000b8   Code   RO         3603    i.Serial_Init       serial.o
    0x080045fc   0x080045fc   0x0000001a   Code   RO         3605    i.Serial_SendArray  serial.o
    0x08004616   0x08004616   0x00000002   PAD
    0x08004618   0x08004618   0x00000020   Code   RO         3606    i.Serial_SendByte   serial.o
    0x08004638   0x08004638   0x00000008   Code   RO           24    i.SetSysClock       system_stm32f10x.o
    0x08004640   0x08004640   0x000000e0   Code   RO           25    i.SetSysClockTo72   system_stm32f10x.o
    0x08004720   0x08004720   0x00000002   Code   RO         3271    i.SysTick_Handler   stm32f10x_it.o
    0x08004722   0x08004722   0x00000002   PAD
    0x08004724   0x08004724   0x00000060   Code   RO           27    i.SystemInit        system_stm32f10x.o
    0x08004784   0x08004784   0x00000080   Code   RO         2405    i.TI1_Config        stm32f10x_tim.o
    0x08004804   0x08004804   0x00000098   Code   RO         2406    i.TI2_Config        stm32f10x_tim.o
    0x0800489c   0x0800489c   0x00000090   Code   RO         2407    i.TI3_Config        stm32f10x_tim.o
    0x0800492c   0x0800492c   0x00000098   Code   RO         2408    i.TI4_Config        stm32f10x_tim.o
    0x080049c4   0x080049c4   0x00000070   Code   RO         3196    i.TIM3_IRQHandler   main.o
    0x08004a34   0x08004a34   0x00000006   Code   RO         2415    i.TIM_ClearFlag     stm32f10x_tim.o
    0x08004a3a   0x08004a3a   0x00000006   Code   RO         2416    i.TIM_ClearITPendingBit  stm32f10x_tim.o
    0x08004a40   0x08004a40   0x00000018   Code   RO         2421    i.TIM_Cmd           stm32f10x_tim.o
    0x08004a58   0x08004a58   0x00000006   Code   RO         2437    i.TIM_GetCapture2   stm32f10x_tim.o
    0x08004a5e   0x08004a5e   0x00000006   Code   RO         2438    i.TIM_GetCapture3   stm32f10x_tim.o
    0x08004a64   0x08004a64   0x00000008   Code   RO         2439    i.TIM_GetCapture4   stm32f10x_tim.o
    0x08004a6c   0x08004a6c   0x00000022   Code   RO         2442    i.TIM_GetITStatus   stm32f10x_tim.o
    0x08004a8e   0x08004a8e   0x00000002   PAD
    0x08004a90   0x08004a90   0x000000ac   Code   RO         2444    i.TIM_ICInit        stm32f10x_tim.o
    0x08004b3c   0x08004b3c   0x00000012   Code   RO         2446    i.TIM_ITConfig      stm32f10x_tim.o
    0x08004b4e   0x08004b4e   0x0000000c   Code   RO         2448    i.TIM_InternalClockConfig  stm32f10x_tim.o
    0x08004b5a   0x08004b5a   0x00000002   PAD
    0x08004b5c   0x08004b5c   0x00000098   Code   RO         2450    i.TIM_OC1Init       stm32f10x_tim.o
    0x08004bf4   0x08004bf4   0x000000a4   Code   RO         2455    i.TIM_OC2Init       stm32f10x_tim.o
    0x08004c98   0x08004c98   0x000000a0   Code   RO         2460    i.TIM_OC3Init       stm32f10x_tim.o
    0x08004d38   0x08004d38   0x0000007c   Code   RO         2465    i.TIM_OC4Init       stm32f10x_tim.o
    0x08004db4   0x08004db4   0x00000014   Code   RO         2468    i.TIM_OCStructInit  stm32f10x_tim.o
    0x08004dc8   0x08004dc8   0x0000007c   Code   RO         2469    i.TIM_PWMIConfig    stm32f10x_tim.o
    0x08004e44   0x08004e44   0x00000012   Code   RO         2474    i.TIM_SelectInputTrigger  stm32f10x_tim.o
    0x08004e56   0x08004e56   0x00000012   Code   RO         2479    i.TIM_SelectSlaveMode  stm32f10x_tim.o
    0x08004e68   0x08004e68   0x00000004   Code   RO         2482    i.TIM_SetCompare1   stm32f10x_tim.o
    0x08004e6c   0x08004e6c   0x00000004   Code   RO         2483    i.TIM_SetCompare2   stm32f10x_tim.o
    0x08004e70   0x08004e70   0x00000004   Code   RO         2484    i.TIM_SetCompare3   stm32f10x_tim.o
    0x08004e74   0x08004e74   0x00000006   Code   RO         2485    i.TIM_SetCompare4   stm32f10x_tim.o
    0x08004e7a   0x08004e7a   0x00000012   Code   RO         2487    i.TIM_SetIC1Prescaler  stm32f10x_tim.o
    0x08004e8c   0x08004e8c   0x0000001a   Code   RO         2488    i.TIM_SetIC2Prescaler  stm32f10x_tim.o
    0x08004ea6   0x08004ea6   0x00000012   Code   RO         2489    i.TIM_SetIC3Prescaler  stm32f10x_tim.o
    0x08004eb8   0x08004eb8   0x0000001a   Code   RO         2490    i.TIM_SetIC4Prescaler  stm32f10x_tim.o
    0x08004ed2   0x08004ed2   0x00000002   PAD
    0x08004ed4   0x08004ed4   0x000000a4   Code   RO         2492    i.TIM_TimeBaseInit  stm32f10x_tim.o
    0x08004f78   0x08004f78   0x0000007c   Code   RO         3431    i.Timer_Init        timer.o
    0x08004ff4   0x08004ff4   0x00000040   Code   RO         3609    i.USART1_IRQHandler  serial.o
    0x08005034   0x08005034   0x0000001e   Code   RO         2957    i.USART_ClearITPendingBit  stm32f10x_usart.o
    0x08005052   0x08005052   0x00000018   Code   RO         2960    i.USART_Cmd         stm32f10x_usart.o
    0x0800506a   0x0800506a   0x0000001a   Code   RO         2963    i.USART_GetFlagStatus  stm32f10x_usart.o
    0x08005084   0x08005084   0x00000054   Code   RO         2964    i.USART_GetITStatus  stm32f10x_usart.o
    0x080050d8   0x080050d8   0x0000004a   Code   RO         2966    i.USART_ITConfig    stm32f10x_usart.o
    0x08005122   0x08005122   0x00000002   PAD
    0x08005124   0x08005124   0x000000d8   Code   RO         2967    i.USART_Init        stm32f10x_usart.o
    0x080051fc   0x080051fc   0x0000000a   Code   RO         2974    i.USART_ReceiveData  stm32f10x_usart.o
    0x08005206   0x08005206   0x00000008   Code   RO         2977    i.USART_SendData    stm32f10x_usart.o
    0x0800520e   0x0800520e   0x00000004   Code   RO         3272    i.UsageFault_Handler  stm32f10x_it.o
    0x08005212   0x08005212   0x00000002   PAD
    0x08005214   0x08005214   0x00000020   Code   RO         4304    i.__0printf         mc_w.l(printfa.o)
    0x08005234   0x08005234   0x00000026   Code   RO         4390    i.__ARM_fpclassifyf  m_ws.l(fpclassifyf.o)
    0x0800525a   0x0800525a   0x00000006   Code   RO         4393    i.__mathlib_flt_infnan  m_ws.l(funder.o)
    0x08005260   0x08005260   0x00000004   Code   RO         4394    i.__mathlib_flt_infnan2  m_ws.l(funder.o)
    0x08005264   0x08005264   0x00000008   Code   RO         4395    i.__mathlib_flt_invalid  m_ws.l(funder.o)
    0x0800526c   0x0800526c   0x0000000a   Code   RO         4398    i.__mathlib_flt_underflow  m_ws.l(funder.o)
    0x08005276   0x08005276   0x00000002   PAD
    0x08005278   0x08005278   0x00000168   Code   RO         4406    i.__mathlib_rredf2  m_ws.l(rredf.o)
    0x080053e0   0x080053e0   0x0000000e   Code   RO         4474    i.__scatterload_copy  mc_w.l(handlers.o)
    0x080053ee   0x080053ee   0x00000002   Code   RO         4475    i.__scatterload_null  mc_w.l(handlers.o)
    0x080053f0   0x080053f0   0x0000000e   Code   RO         4476    i.__scatterload_zeroinit  mc_w.l(handlers.o)
    0x080053fe   0x080053fe   0x00000002   PAD
    0x08005400   0x08005400   0x0000000c   Code   RO         4440    i.__set_errno       mc_w.l(errno.o)
    0x0800540c   0x0800540c   0x00000184   Code   RO         4311    i._fp_digits        mc_w.l(printfa.o)
    0x08005590   0x08005590   0x000006dc   Code   RO         4312    i._printf_core      mc_w.l(printfa.o)
    0x08005c6c   0x08005c6c   0x00000024   Code   RO         4313    i._printf_post_padding  mc_w.l(printfa.o)
    0x08005c90   0x08005c90   0x0000002e   Code   RO         4314    i._printf_pre_padding  mc_w.l(printfa.o)
    0x08005cbe   0x08005cbe   0x00000002   PAD
    0x08005cc0   0x08005cc0   0x00000124   Code   RO         4023    i.asinf             m_ws.l(asinf.o)
    0x08005de4   0x08005de4   0x0000025c   Code   RO         4031    i.atan2f            m_ws.l(atan2f.o)
    0x08006040   0x08006040   0x0000017c   Code   RO         4039    i.cosf              m_ws.l(cosf.o)
    0x080061bc   0x080061bc   0x00000010   Code   RO         3610    i.fputc             serial.o
    0x080061cc   0x080061cc   0x00000050   Code   RO         4332    i.free              mc_w.l(malloc.o)
    0x0800621c   0x0800621c   0x0000001e   Code   RO         3923    i.free_Matrix       matrix.o
    0x0800623a   0x0800623a   0x00000002   PAD
    0x0800623c   0x0800623c   0x0000004c   Code   RO         3374    i.invSqrt           mahonyahrs.o
    0x08006288   0x08006288   0x0000007a   Code   RO         3977    i.lpf2pApply        filter.o
    0x08006302   0x08006302   0x00000024   Code   RO         3978    i.lpf2pInit         filter.o
    0x08006326   0x08006326   0x00000002   PAD
    0x08006328   0x08006328   0x000000f4   Code   RO         3980    i.lpf2pSetCutoffFreq  filter.o
    0x0800641c   0x0800641c   0x00000458   Code   RO         3197    i.main              main.o
    0x08006874   0x08006874   0x0000006c   Code   RO         4333    i.malloc            mc_w.l(malloc.o)
    0x080068e0   0x080068e0   0x0000004c   Code   RO         4047    i.sqrt              m_ws.l(sqrt.o)
    0x0800692c   0x0800692c   0x0000002c   Code   RO         4410    i.sqrtf             m_ws.l(sqrtf.o)
    0x08006958   0x08006958   0x00000174   Code   RO         4055    i.tanf              m_ws.l(tanf.o)
    0x08006acc   0x08006acc   0x000005f0   Data   RO         3471    .constdata          oled.o
    0x080070bc   0x080070bc   0x00000020   Data   RO         4407    .constdata          m_ws.l(rredf.o)
    0x080070dc   0x080070dc   0x00000020   Data   RO         4472    Region$$Table       anon$$obj.o


    Execution Region RW_IRAM1 (Exec base: 0x20000000, Load base: 0x080070fc, Size: 0x00001718, Max: 0x00005000, ABSOLUTE)

    Exec Addr    Load Addr    Size         Type   Attr      Idx    E Section Name        Object

    0x20000000   0x080070fc   0x00000014   Data   RW         1805    .data               stm32f10x_rcc.o
    0x20000014   0x08007110   0x0000002c   Data   RW         3198    .data               main.o
    0x20000040   0x0800713c   0x00000024   Data   RW         3376    .data               mahonyahrs.o
    0x20000064   0x08007160   0x00000008   Data   RW         3565    .data               ic.o
    0x2000006c   0x08007168   0x0000000b   Data   RW         3612    .data               serial.o
    0x20000077   0x08007173   0x00000001   PAD
    0x20000078   0x08007174   0x00000008   Data   RW         3761    .data               pwm.o
    0x20000080   0x0800717c   0x0000004a   Data   RW         3800    .data               mpu9250.o
    0x200000ca   0x080071c6   0x00000002   PAD
    0x200000cc   0x080071c8   0x00000004   Data   RW         4431    .data               mc_w.l(stdout.o)
    0x200000d0   0x080071cc   0x00000004   Data   RW         4436    .data               mc_w.l(mvars.o)
    0x200000d4   0x080071d0   0x00000004   Data   RW         4437    .data               mc_w.l(mvars.o)
    0x200000d8   0x080071d4   0x00000004   Data   RW         4441    .data               mc_w.l(errno.o)
    0x200000dc        -       0x0000013c   Zero   RW         3331    .bss                pid.o
    0x20000218        -       0x0000000c   Zero   RW         3375    .bss                mahonyahrs.o
    0x20000224        -       0x0000006e   Zero   RW         3611    .bss                serial.o
    0x20000292   0x080071d8   0x00000002   PAD
    0x20000294        -       0x00000080   Zero   RW         3799    .bss                mpu9250.o
    0x20000314   0x080071d8   0x00000004   PAD
    0x20000318        -       0x00001000   Zero   RW            2    HEAP                startup_stm32f10x_md.o
    0x20001318        -       0x00000400   Zero   RW            1    STACK               startup_stm32f10x_md.o


==============================================================================

Image component sizes


      Code (inc. data)   RO Data    RW Data    ZI Data      Debug   Object Name

         0          0          0          0          0       4508   core_cm3.o
        70          0          0          0          0        898   delay.o
       402         10          0          0          0       6945   filter.o
       496         28          0          8          0       3436   ic.o
        44          6          0          0          0        443   led.o
      2932        122          0         36         12       6572   mahonyahrs.o
      1224        158          0         44          0       1675   main.o
      1060          8          0          0          0       5278   matrix.o
       132         22          0          0          0     204675   misc.o
      2982        204          0         74        128      10750   mpu9250.o
       796         26       1520          0          0       6769   oled.o
       484          0          0          0        316       5417   pid.o
       236          8          0          8          0       3291   pwm.o
      5074        218          0         11        110      17862   serial.o
        36          8        236          0       5120        796   startup_stm32f10x_md.o
         0          0          0          0          0       1644   stm32f10x_adc.o
       288          0          0          0          0      10684   stm32f10x_gpio.o
       404         14          0          0          0      14388   stm32f10x_i2c.o
        26          0          0          0          0       3602   stm32f10x_it.o
       276         32          0         20          0      12878   stm32f10x_rcc.o
      1918        200          0          0          0      38286   stm32f10x_tim.o
       472          6          0          0          0      12335   stm32f10x_usart.o
       328         28          0          0          0      53013   system_stm32f10x.o
       124          4          0          0          0        529   timer.o

    ----------------------------------------------------------------------
     19844       1102       1788        204       5692     426674   Object Totals
         0          0         32          0          0          0   (incl. Generated)
        40          0          0          3          6          0   (incl. Padding)

    ----------------------------------------------------------------------

      Code (inc. data)   RO Data    RW Data    ZI Data      Debug   Library Member Name

       292         38          0          0          0        120   asinf.o
       604         76          0          0          0        116   atan2f.o
       380         52          0          0          0        124   cosf.o
        38          0          0          0          0         68   fpclassifyf.o
        28          0          0          0          0        272   funder.o
       360         16         32          0          0         88   rredf.o
        76          0          0          0          0         84   sqrt.o
        44          0          0          0          0         80   sqrtf.o
       372         58          0          0          0        124   tanf.o
         0          0          0          0          0          0   entry.o
         0          0          0          0          0          0   entry10a.o
         0          0          0          0          0          0   entry11a.o
         8          4          0          0          0          0   entry2.o
         4          0          0          0          0          0   entry5.o
         0          0          0          0          0          0   entry7b.o
         0          0          0          0          0          0   entry8b.o
         8          4          0          0          0          0   entry9a.o
        12          6          0          4          0         68   errno.o
        30          0          0          0          0          0   handlers.o
        36          8          0          0          0         68   init.o
         0          0          0          0          0          0   iusefp.o
        30          0          0          0          0         68   llshl.o
        36          0          0          0          0         68   llsshr.o
        32          0          0          0          0         68   llushr.o
       188         20          0          0          0        160   malloc.o
        36          0          0          0          0         68   memcpya.o
        36          0          0          0          0        108   memseta.o
         0          0          0          8          0          0   mvars.o
      2258         90          0          0          0        452   printfa.o
         0          0          0          4          0          0   stdout.o
        44          0          0          0          0         80   uidiv.o
        98          0          0          0          0         92   uldiv.o
        48          0          0          0          0         68   cdrcmple.o
        20          0          0          0          0         68   cfcmple.o
        20          0          0          0          0         68   cfrcmple.o
        56          0          0          0          0         88   d2f.o
       334          0          0          0          0        148   dadd.o
       222          0          0          0          0        100   ddiv.o
       186          0          0          0          0        176   depilogue.o
        48          0          0          0          0         68   dfixul.o
        34          0          0          0          0         76   dflti.o
       228          0          0          0          0         96   dmul.o
       162          0          0          0          0        100   dsqrt.o
        38          0          0          0          0         68   f2d.o
       176          0          0          0          0        140   fadd.o
       124          0          0          0          0         88   fdiv.o
       110          0          0          0          0        168   fepilogue.o
        50          0          0          0          0         68   ffixi.o
        40          0          0          0          0         68   ffixui.o
        18          0          0          0          0         68   fflti.o
        10          0          0          0          0         68   ffltui.o
       100          0          0          0          0         76   fmul.o
        60          0          0          0          0         76   frnd.o
        24          0          0          0          0         68   fscalb.o
        94          0          0          0          0         96   fsqrt.o

    ----------------------------------------------------------------------
      7260        372         32         16          0       4484   Library Totals
         8          0          0          0          0          0   (incl. Padding)

    ----------------------------------------------------------------------

      Code (inc. data)   RO Data    RW Data    ZI Data      Debug   Library Name

      2194        240         32          0          0       1076   m_ws.l
      2856        132          0         16          0       1300   mc_w.l
      2202          0          0          0          0       2108   mf_w.l

    ----------------------------------------------------------------------
      7260        372         32         16          0       4484   Library Totals

    ----------------------------------------------------------------------

==============================================================================


      Code (inc. data)   RO Data    RW Data    ZI Data      Debug   

     27104       1474       1820        220       5692     421898   Grand Totals
     27104       1474       1820        220       5692     421898   ELF Image Totals
     27104       1474       1820        220          0          0   ROM Totals

==============================================================================

    Total RO  Size (Code + RO Data)                28924 (  28.25kB)
    Total RW  Size (RW Data + ZI Data)              5912 (   5.77kB)
    Total ROM Size (Code + RO Data + RW Data)      29144 (  28.46kB)

==============================================================================

